{"cell_id": 69, "setting_id": "exact_enumeration", "sampled": true}
{"cell_id": 18, "setting_id": "mixture_global", "sampled": true}
{"cell_id": 2, "setting_id": "prior_s0.15", "sampled": true}
{"cell_id": 14, "setting_id": "mixture", "sampled": true}
{"cell_id": 59, "setting_id": "gaussian", "sampled": true}
{"cell_id": 30, "setting_id": "prior_s0.65", "sampled": true}
{"cell_id": 63, "setting_id": "mixture_direct_is", "sampled": true}
{"cell_id": 86, "setting_id": "mixture", "sampled": true}
{"cell_id": 48, "setting_id": "prior_s0.15", "sampled": true}
{"cell_id": 76, "setting_id": "prior_s0.35", "sampled": true}
{"cell_id": 84, "setting_id": "mixture", "sampled": true}
{"cell_id": 51, "setting_id": "prior_s0.35", "sampled": true}
{"cell_id": 8, "setting_id": "prior_s0.65", "sampled": true}
{"cell_id": 4, "setting_id": "prior_s0.35", "sampled": true}
{"cell_id": 35, "setting_id": "gaussian", "sampled": true}
{"cell_id": 44, "setting_id": "mixture_global", "sampled": true}
{"cell_id": 38, "setting_id": "mixture", "sampled": true}
{"cell_id": 80, "setting_id": "prior_s0.65", "sampled": true}
{"cell_id": 1, "setting_id": "prior_s0.15", "sampled": true}
{"cell_id": 67, "setting_id": "mixture_global", "sampled": true}
{"cell_id": 66, "setting_id": "mixture_global", "sampled": true}
{"cell_id": 15, "setting_id": "mixture_direct_is", "sampled": true}
{"cell_id": 0, "setting_id": "prior_s0.15", "sampled": true}
{"cell_id": 32, "setting_id": "prior_s0.65", "sampled": true}
{"cell_id": 54, "setting_id": "prior_s0.65", "sampled": true}
{"cell_id": 43, "setting_id": "mixture_global", "sampled": true}
{"cell_id": 36, "setting_id": "mixture", "sampled": true}
{"cell_id": 16, "setting_id": "mixture_direct_is", "sampled": true}
{"cell_id": 37, "setting_id": "mixture", "sampled": true}
{"cell_id": 90, "setting_id": "mixture_global", "sampled": true}
{"cell_id": 65, "setting_id": "mixture_direct_is", "sampled": true}
{"cell_id": 79, "setting_id": "prior_s0.65", "sampled": true}
{"cell_id": 25, "setting_id": "prior_s0.15", "sampled": true}
{"cell_id": 19, "setting_id": "mixture_global", "sampled": true}
{"cell_id": 3, "setting_id": "prior_s0.35", "sampled": true}
{"cell_id": 24, "setting_id": "prior_s0.15", "sampled": true}
{"cell_id": 26, "setting_id": "prior_s0.15", "sampled": true}
{"cell_id": 60, "setting_id": "mixture", "sampled": true}
{"cell_id": 72, "setting_id": "prior_s0.15", "sampled": true}
{"cell_id": 81, "setting_id": "gaussian", "sampled": true}
{"cell_id": 27, "setting_id": "prior_s0.35", "sampled": true}
{"cell_id": 92, "setting_id": "mixture_global", "sampled": true}
{"cell_id": 5, "setting_id": "prior_s0.35", "sampled": true}
{"cell_id": 28, "setting_id": "prior_s0.35", "sampled": true}
{"cell_id": 89, "setting_id": "mixture_direct_is", "sampled": true}
{"cell_id": 82, "setting_id": "gaussian", "sampled": true}
{"cell_id": 40, "setting_id": "mixture_direct_is", "sampled": true}
{"cell_id": 49, "setting_id": "prior_s0.15", "sampled": true}
{"cell_id": 93, "setting_id": "exact_enumeration", "sampled": true}
{"cell_id": 39, "setting_id": "mixture_direct_is", "sampled": true}
{"cell_id": 85, "setting_id": "mixture", "sampled": true}
{"cell_id": 45, "setting_id": "exact_enumeration", "sampled": true}
{"cell_id": 74, "setting_id": "prior_s0.15", "sampled": true}
{"cell_id": 70, "setting_id": "exact_enumeration", "sampled": true}
{"cell_id": 7, "setting_id": "prior_s0.65", "sampled": true}
{"cell_id": 52, "setting_id": "prior_s0.35", "sampled": true}
{"cell_id": 9, "setting_id": "gaussian", "sampled": true}
{"cell_id": 91, "setting_id": "mixture_global", "sampled": true}
{"cell_id": 56, "setting_id": "prior_s0.65", "sampled": true}
{"cell_id": 33, "setting_id": "gaussian", "sampled": true}
{"cell_id": 87, "setting_id": "mixture_direct_is", "sampled": true}
{"cell_id": 13, "setting_id": "mixture", "sampled": true}
{"cell_id": 21, "setting_id": "exact_enumeration", "sampled": true}
{"cell_id": 22, "setting_id": "exact_enumeration", "sampled": true}
{"cell_id": 20, "setting_id": "mixture_global", "sampled": true}
{"cell_id": 50, "setting_id": "prior_s0.15", "sampled": true}
{"cell_id": 23, "setting_id": "exact_enumeration", "sampled": true}
{"cell_id": 58, "setting_id": "gaussian", "sampled": true}
{"cell_id": 75, "setting_id": "prior_s0.35", "sampled": true}
{"cell_id": 61, "setting_id": "mixture", "sampled": true}
{"cell_id": 10, "setting_id": "gaussian", "sampled": true}
{"cell_id": 53, "setting_id": "prior_s0.35", "sampled": true}
{"cell_id": 57, "setting_id": "gaussian", "sampled": true}
{"cell_id": 78, "setting_id": "prior_s0.65", "sampled": true}
{"cell_id": 64, "setting_id": "mixture_direct_is", "sampled": true}
{"cell_id": 47, "setting_id": "exact_enumeration", "sampled": true}
{"cell_id": 11, "setting_id": "gaussian", "sampled": true}
{"cell_id": 46, "setting_id": "exact_enumeration", "sampled": true}
{"cell_id": 41, "setting_id": "mixture_direct_is", "sampled": true}
{"cell_id": 55, "setting_id": "prior_s0.65", "sampled": true}
{"cell_id": 12, "setting_id": "mixture", "sampled": true}
{"cell_id": 73, "setting_id": "prior_s0.15", "sampled": true}
{"cell_id": 95, "setting_id": "exact_enumeration", "sampled": true}
{"cell_id": 62, "setting_id": "mixture", "sampled": true}
{"cell_id": 88, "setting_id": "mixture_direct_is", "sampled": true}
{"cell_id": 17, "setting_id": "mixture_direct_is", "sampled": true}
{"cell_id": 71, "setting_id": "exact_enumeration", "sampled": true}
{"cell_id": 31, "setting_id": "prior_s0.65", "sampled": true}
{"cell_id": 68, "setting_id": "mixture_global", "sampled": true}
{"cell_id": 94, "setting_id": "exact_enumeration", "sampled": true}
{"cell_id": 34, "setting_id": "gaussian", "sampled": true}
{"cell_id": 77, "setting_id": "prior_s0.35", "sampled": true}
{"cell_id": 29, "setting_id": "prior_s0.35", "sampled": true}
{"cell_id": 42, "setting_id": "mixture_global", "sampled": true}
{"cell_id": 83, "setting_id": "gaussian", "sampled": true}
{"cell_id": 6, "setting_id": "prior_s0.65", "sampled": true}
