2026-09-21T23:45:55Z
{"archive": "probability_confirmation_20260922.recovery.tar.gz", "sha256": "9b9d0ffe3eeff6ec537b1d8a4d9f26d9faced70c2df1bfda541fc64f318998f9", "bytes": 1185568247, "files": 80057, "cells": 20005}
	Command being timed: "/work/home/zenghang/miniconda3/envs/pytorch/bin/python /work/home/zenghang/package_probability_confirmation_20260922_timelimit.py --root /work/home/zenghang/probability_confirmation_20260922 --archive /work/home/zenghang/probability_confirmation_20260922.recovery.tar.gz"
	User time (seconds): 226.91
	System time (seconds): 181.96
	Percent of CPU this job got: 6%
	Elapsed (wall clock) time (h:mm:ss or m:ss): 1:41:55
	Average shared text size (kbytes): 0
	Average unshared data size (kbytes): 0
	Average stack size (kbytes): 0
	Average total size (kbytes): 0
	Maximum resident set size (kbytes): 183364
	Average resident set size (kbytes): 0
	Major (requiring I/O) page faults: 1108
	Minor (reclaiming a frame) page faults: 368435
	Voluntary context switches: 1043381
	Involuntary context switches: 48044
	Swaps: 0
	File system inputs: 0
	File system outputs: 0
	Socket messages sent: 0
	Socket messages received: 0
	Signals delivered: 0
	Page size (bytes): 4096
	Exit status: 0
2026-09-22T01:27:51Z
