{"cell_id": 7, "setting_id": "twist_mean", "sliced_w1_32": 0.02993537918502925, "ess_fraction": 0.14146626253836617, "seconds": 1.0036401972174644}
{"cell_id": 11, "setting_id": "twist_mirror_batch8", "sliced_w1_32": 0.05428654665418155, "ess_fraction": 0.12338257085068205, "seconds": 1.4803738109767437}
{"cell_id": 4, "setting_id": "twist_mirror_batch8", "sliced_w1_32": 0.024634391224549704, "ess_fraction": 0.07703797898862715, "seconds": 1.440840758383274}
{"cell_id": 51, "setting_id": "twist_mirror", "sliced_w1_32": 0.41132802391450884, "ess_fraction": 0.0007724328928108362, "seconds": 1.2680724784731865}
{"cell_id": 14, "setting_id": "twist_mean", "sliced_w1_32": 0.011311408883694647, "ess_fraction": 0.15603939012050383, "seconds": 1.030955459922552}
{"cell_id": 23, "setting_id": "twist_mirror", "sliced_w1_32": 0.07077210654026526, "ess_fraction": 0.001343754856197038, "seconds": 1.095854002982378}
{"cell_id": 31, "setting_id": "twist_mirror_fine", "sliced_w1_32": 0.021415629870675097, "ess_fraction": 0.12435680836222877, "seconds": 3.399694811552763}
{"cell_id": 10, "setting_id": "twist_mirror_fine", "sliced_w1_32": 0.014884094649872632, "ess_fraction": 0.20990778558018697, "seconds": 2.613423489034176}
{"cell_id": 6, "setting_id": "smc", "sliced_w1_32": 0.0034788783599097803, "ess_fraction": 1.0, "seconds": 0.10491594299674034}
{"cell_id": 19, "setting_id": "full", "sliced_w1_32": 0.03248258600337379, "ess_fraction": 0.5305417315154836, "seconds": 1.3533368706703186}
{"cell_id": 42, "setting_id": "twist_mean", "sliced_w1_32": 0.20321798270860641, "ess_fraction": 0.0021548959041537623, "seconds": 1.0959798395633698}
{"cell_id": 34, "setting_id": "smc", "sliced_w1_32": 0.008925895767502627, "ess_fraction": 1.0, "seconds": 0.10586248710751534}
{"cell_id": 17, "setting_id": "twist_mirror_fine", "sliced_w1_32": 0.007646838539477422, "ess_fraction": 0.16496359610702213, "seconds": 2.6187810972332954}
{"cell_id": 33, "setting_id": "full", "sliced_w1_32": 0.011237172961513536, "ess_fraction": 0.6678345838022074, "seconds": 1.9068897403776646}
{"cell_id": 21, "setting_id": "twist_mean", "sliced_w1_32": 0.5471808872215069, "ess_fraction": 0.0019344375225368638, "seconds": 0.9946483746170998}
{"cell_id": 18, "setting_id": "twist_mirror_batch8", "sliced_w1_32": 0.015881946786396352, "ess_fraction": 0.06313395735530522, "seconds": 1.441591702401638}
{"cell_id": 3, "setting_id": "twist_mirror_fine", "sliced_w1_32": 0.01783311485332559, "ess_fraction": 0.13103036495674508, "seconds": 2.6109718419611454}
{"cell_id": 38, "setting_id": "twist_mirror_fine", "sliced_w1_32": 0.2794783158997999, "ess_fraction": 0.005455772491357388, "seconds": 3.396674305200577}
{"cell_id": 36, "setting_id": "twist_anchor", "sliced_w1_32": 0.4480175472075929, "ess_fraction": 0.001879354639768702, "seconds": 1.0923713967204094}
{"cell_id": 37, "setting_id": "twist_mirror", "sliced_w1_32": 0.2959316390097769, "ess_fraction": 0.004690651928608942, "seconds": 1.2554801367223263}
{"cell_id": 54, "setting_id": "full", "sliced_w1_32": 0.01794303487101455, "ess_fraction": 0.8122924761319474, "seconds": 1.9092550240457058}
{"cell_id": 39, "setting_id": "twist_mirror_batch8", "sliced_w1_32": 0.5481507788587973, "ess_fraction": 0.0015613834725675515, "seconds": 1.67216856777668}
{"cell_id": 8, "setting_id": "twist_anchor", "sliced_w1_32": 0.02069793803506689, "ess_fraction": 0.19791228496399232, "seconds": 0.9851403459906578}
{"cell_id": 53, "setting_id": "twist_mirror_batch8", "sliced_w1_32": 0.7274543266429281, "ess_fraction": 0.00023076824234055424, "seconds": 1.6907041668891907}
{"cell_id": 43, "setting_id": "twist_anchor", "sliced_w1_32": 0.13727674386505823, "ess_fraction": 0.017622239671572105, "seconds": 1.0891403630375862}
{"cell_id": 40, "setting_id": "full", "sliced_w1_32": 0.014242545278346548, "ess_fraction": 0.9968572394591566, "seconds": 1.9011240452528}
{"cell_id": 13, "setting_id": "smc", "sliced_w1_32": 0.004289025257271698, "ess_fraction": 1.0, "seconds": 0.10567714646458626}
{"cell_id": 2, "setting_id": "twist_mirror", "sliced_w1_32": 0.027578360716563576, "ess_fraction": 0.09300399010314767, "seconds": 1.1099757999181747}
{"cell_id": 45, "setting_id": "twist_mirror_fine", "sliced_w1_32": 0.09199438478204508, "ess_fraction": 0.008519496815214713, "seconds": 3.4157579727470875}
{"cell_id": 16, "setting_id": "twist_mirror", "sliced_w1_32": 0.007439561959978773, "ess_fraction": 0.18925416363633768, "seconds": 1.1061030440032482}
{"cell_id": 22, "setting_id": "twist_anchor", "sliced_w1_32": 0.7883070075806534, "ess_fraction": 0.0015985483726746858, "seconds": 1.0043096356093884}
{"cell_id": 48, "setting_id": "smc", "sliced_w1_32": 0.0070134807668676795, "ess_fraction": 1.0, "seconds": 0.10622809454798698}
{"cell_id": 0, "setting_id": "twist_mean", "sliced_w1_32": 0.0990242314645263, "ess_fraction": 0.004576630371283693, "seconds": 0.9956504665315151}
{"cell_id": 26, "setting_id": "full", "sliced_w1_32": 0.012836334227031978, "ess_fraction": 0.946463866410431, "seconds": 1.3635533787310123}
{"cell_id": 29, "setting_id": "twist_anchor", "sliced_w1_32": 0.0787460041428177, "ess_fraction": 0.008187688214858947, "seconds": 1.111115723848343}
{"cell_id": 25, "setting_id": "twist_mirror_batch8", "sliced_w1_32": 0.7387850357931638, "ess_fraction": 0.000899986198628906, "seconds": 1.443605214357376}
{"cell_id": 41, "setting_id": "smc", "sliced_w1_32": 0.01606054101739396, "ess_fraction": 1.0, "seconds": 0.10573761910200119}
{"cell_id": 55, "setting_id": "smc", "sliced_w1_32": 0.009548405914371496, "ess_fraction": 1.0, "seconds": 0.10605461895465851}
{"cell_id": 32, "setting_id": "twist_mirror_batch8", "sliced_w1_32": 0.06509036302324867, "ess_fraction": 0.0421077038627936, "seconds": 1.6923303715884686}
{"cell_id": 9, "setting_id": "twist_mirror", "sliced_w1_32": 0.023942991327125678, "ess_fraction": 0.21925478169016469, "seconds": 1.1102335453033447}
{"cell_id": 50, "setting_id": "twist_anchor", "sliced_w1_32": 0.6193961796570379, "ess_fraction": 0.0010522451884987718, "seconds": 1.1078316122293472}
{"cell_id": 52, "setting_id": "twist_mirror_fine", "sliced_w1_32": 0.5743980712151229, "ess_fraction": 0.001280667586122023, "seconds": 3.4246971160173416}
{"cell_id": 20, "setting_id": "smc", "sliced_w1_32": 0.0016706351487322875, "ess_fraction": 1.0, "seconds": 0.10564723238348961}
{"cell_id": 44, "setting_id": "twist_mirror", "sliced_w1_32": 0.11907865357325757, "ess_fraction": 0.016445818303718936, "seconds": 1.2553195618093014}
{"cell_id": 30, "setting_id": "twist_mirror", "sliced_w1_32": 0.04932261707734002, "ess_fraction": 0.07906171534670121, "seconds": 1.254242967814207}
{"cell_id": 47, "setting_id": "full", "sliced_w1_32": 0.08011566883592183, "ess_fraction": 0.9972065664367078, "seconds": 1.9157288148999214}
{"cell_id": 1, "setting_id": "twist_anchor", "sliced_w1_32": 0.01961383085760518, "ess_fraction": 0.21052959060820448, "seconds": 0.9865550696849823}
{"cell_id": 24, "setting_id": "twist_mirror_fine", "sliced_w1_32": 0.16084988568261538, "ess_fraction": 0.002465222865647493, "seconds": 2.6190660893917084}
{"cell_id": 46, "setting_id": "twist_mirror_batch8", "sliced_w1_32": 0.5677494267530957, "ess_fraction": 0.0006100042020063858, "seconds": 1.6732002682983875}
{"cell_id": 28, "setting_id": "twist_mean", "sliced_w1_32": 0.059012773917766145, "ess_fraction": 0.021437376521033297, "seconds": 1.0925950147211552}
{"cell_id": 27, "setting_id": "smc", "sliced_w1_32": 0.005141612820692793, "ess_fraction": 1.0, "seconds": 0.10534811019897461}
{"cell_id": 35, "setting_id": "twist_mean", "sliced_w1_32": 0.3673024643900602, "ess_fraction": 0.0014075351341748994, "seconds": 1.0926708728075027}
{"cell_id": 12, "setting_id": "full", "sliced_w1_32": 0.021848409142278168, "ess_fraction": 0.9481194693674516, "seconds": 1.3625212013721466}
{"cell_id": 5, "setting_id": "full", "sliced_w1_32": 0.009268166890643872, "ess_fraction": 0.9154710760638464, "seconds": 1.3551689647138119}
{"cell_id": 15, "setting_id": "twist_anchor", "sliced_w1_32": 0.011532230223914062, "ess_fraction": 0.2223577105673221, "seconds": 1.0003761127591133}
{"cell_id": 49, "setting_id": "twist_mean", "sliced_w1_32": 0.4583700898358881, "ess_fraction": 0.0017274290677878287, "seconds": 1.1000736206769943}
