{"phase": "development", "cell_id": 48, "setting_id": "anchor_n8192_k1024_m8", "w1_mean": 0.019498697023221698, "seconds": 1.23527080565691}
{"phase": "development", "cell_id": 30, "setting_id": "anchor_n8192_k1024_m8", "w1_mean": 0.015692100957609582, "seconds": 1.2213663011789322}
{"phase": "development", "cell_id": 29, "setting_id": "anchor_n8192_k1024_m4", "w1_mean": 0.020109393084164134, "seconds": 1.0342601537704468}
{"phase": "development", "cell_id": 17, "setting_id": "anchor_n32768_k4096_m4", "w1_mean": 0.020891316153090478, "seconds": 7.734756778925657}
{"phase": "development", "cell_id": 11, "setting_id": "anchor_n8192_k1024_m4", "w1_mean": 0.027039801843964463, "seconds": 1.0302686542272568}
{"phase": "development", "cell_id": 2, "setting_id": "anchor_n8192_k1024_m4", "w1_mean": 0.01766330430916927, "seconds": 1.029740359634161}
{"phase": "development", "cell_id": 3, "setting_id": "anchor_n8192_k1024_m8", "w1_mean": 0.014694417987418282, "seconds": 1.2999900244176388}
{"phase": "development", "cell_id": 63, "setting_id": "full", "w1_mean": 0.0246970045453221, "seconds": 6.081816673278809}
{"phase": "development", "cell_id": 62, "setting_id": "anchor_n32768_k4096_m4", "w1_mean": 0.01944076902228304, "seconds": 7.930603638291359}
{"phase": "development", "cell_id": 47, "setting_id": "anchor_n8192_k1024_m4", "w1_mean": 0.0504189818320718, "seconds": 1.0313926376402378}
{"phase": "development", "cell_id": 38, "setting_id": "anchor_n8192_k1024_m4", "w1_mean": 0.03276489587775898, "seconds": 1.0312488600611687}
{"phase": "development", "cell_id": 64, "setting_id": "factorized_full", "w1_mean": 0.014473501125739302, "seconds": 6.134217616170645}
{"phase": "development", "cell_id": 51, "setting_id": "anchor_n32768_k2048_m8", "w1_mean": 0.014303055888983559, "seconds": 5.316196322441101}
{"phase": "development", "cell_id": 42, "setting_id": "anchor_n32768_k2048_m8", "w1_mean": 0.023528141244057284, "seconds": 5.307069055736065}
{"phase": "development", "cell_id": 15, "setting_id": "anchor_n32768_k2048_m8", "w1_mean": 0.028306460920560696, "seconds": 5.385681763291359}
{"phase": "development", "cell_id": 54, "setting_id": "full", "w1_mean": 0.01501815175338874, "seconds": 6.082114614546299}
{"phase": "development", "cell_id": 27, "setting_id": "full", "w1_mean": 0.02016035062968092, "seconds": 6.083784926682711}
{"phase": "development", "cell_id": 39, "setting_id": "anchor_n8192_k1024_m8", "w1_mean": 0.02508196482691935, "seconds": 1.2221045345067978}
{"phase": "development", "cell_id": 32, "setting_id": "anchor_n32768_k2048_m4", "w1_mean": 0.013414208474392475, "seconds": 3.8217277117073536}
{"phase": "development", "cell_id": 13, "setting_id": "anchor_n8192_k1024_m16", "w1_mean": 0.011495597024188868, "seconds": 1.5895424336194992}
{"phase": "development", "cell_id": 53, "setting_id": "anchor_n32768_k4096_m4", "w1_mean": 0.019333037738020215, "seconds": 7.8980854488909245}
{"phase": "development", "cell_id": 50, "setting_id": "anchor_n32768_k2048_m4", "w1_mean": 0.030475950180881093, "seconds": 3.8283263593912125}
{"phase": "development", "cell_id": 19, "setting_id": "factorized_full", "w1_mean": 0.026001377074971313, "seconds": 6.129464019089937}
{"phase": "development", "cell_id": 69, "setting_id": "anchor_n32768_k2048_m8", "w1_mean": 0.025053863604714427, "seconds": 5.310925990343094}
{"phase": "development", "cell_id": 52, "setting_id": "anchor_n32768_k2048_m16", "w1_mean": 0.013679722343806282, "seconds": 8.225094765424728}
{"phase": "development", "cell_id": 21, "setting_id": "anchor_n8192_k1024_m8", "w1_mean": 0.01743567667758654, "seconds": 1.3015127964317799}
{"phase": "development", "cell_id": 58, "setting_id": "anchor_n8192_k1024_m16", "w1_mean": 0.019037733528581874, "seconds": 1.5890402048826218}
{"phase": "development", "cell_id": 45, "setting_id": "full", "w1_mean": 0.03246418879054004, "seconds": 6.08340709656477}
{"phase": "development", "cell_id": 7, "setting_id": "anchor_n32768_k2048_m16", "w1_mean": 0.021178628254466113, "seconds": 8.23120253905654}
{"phase": "development", "cell_id": 31, "setting_id": "anchor_n8192_k1024_m16", "w1_mean": 0.019348188853546198, "seconds": 1.5972331203520298}
{"phase": "development", "cell_id": 22, "setting_id": "anchor_n8192_k1024_m16", "w1_mean": 0.017297765290086378, "seconds": 1.5933059193193913}
{"phase": "development", "cell_id": 35, "setting_id": "anchor_n32768_k4096_m4", "w1_mean": 0.026867406884084635, "seconds": 7.862864408642054}
{"phase": "development", "cell_id": 60, "setting_id": "anchor_n32768_k2048_m8", "w1_mean": 0.01464335387215997, "seconds": 5.315011158585548}
{"phase": "development", "cell_id": 66, "setting_id": "anchor_n8192_k1024_m8", "w1_mean": 0.017974174399993898, "seconds": 1.296407613903284}
{"phase": "development", "cell_id": 10, "setting_id": "factorized_full", "w1_mean": 0.013136279156280047, "seconds": 6.122393798083067}
{"phase": "development", "cell_id": 12, "setting_id": "anchor_n8192_k1024_m8", "w1_mean": 0.021194468007508252, "seconds": 1.2325259745121002}
{"phase": "development", "cell_id": 4, "setting_id": "anchor_n8192_k1024_m16", "w1_mean": 0.016515916845609317, "seconds": 1.5884788557887077}
{"phase": "development", "cell_id": 25, "setting_id": "anchor_n32768_k2048_m16", "w1_mean": 0.01105217439700205, "seconds": 8.223378654569387}
{"phase": "development", "cell_id": 55, "setting_id": "factorized_full", "w1_mean": 0.016941304705717385, "seconds": 6.130846608430147}
{"phase": "development", "cell_id": 37, "setting_id": "factorized_full", "w1_mean": 0.013127569218485138, "seconds": 6.126133091747761}
{"phase": "development", "cell_id": 36, "setting_id": "full", "w1_mean": 0.012949969105821104, "seconds": 6.08608303964138}
{"phase": "development", "cell_id": 26, "setting_id": "anchor_n32768_k4096_m4", "w1_mean": 0.02133431952013002, "seconds": 7.940906375646591}
{"phase": "development", "cell_id": 40, "setting_id": "anchor_n8192_k1024_m16", "w1_mean": 0.014760139026862872, "seconds": 1.5939109176397324}
{"phase": "development", "cell_id": 71, "setting_id": "anchor_n32768_k4096_m4", "w1_mean": 0.019670472841835714, "seconds": 7.729227103292942}
{"phase": "development", "cell_id": 28, "setting_id": "factorized_full", "w1_mean": 0.011328761060113917, "seconds": 6.1258506663143635}
{"phase": "development", "cell_id": 68, "setting_id": "anchor_n32768_k2048_m4", "w1_mean": 0.03194392357783981, "seconds": 3.8217210099101067}
{"phase": "development", "cell_id": 61, "setting_id": "anchor_n32768_k2048_m16", "w1_mean": 0.022227766511188816, "seconds": 8.217884711921215}
{"phase": "development", "cell_id": 56, "setting_id": "anchor_n8192_k1024_m4", "w1_mean": 0.01775364619750599, "seconds": 1.0308093875646591}
{"phase": "development", "cell_id": 44, "setting_id": "anchor_n32768_k4096_m4", "w1_mean": 0.015079304200452686, "seconds": 7.716806646436453}
{"phase": "development", "cell_id": 16, "setting_id": "anchor_n32768_k2048_m16", "w1_mean": 0.01833700560440372, "seconds": 8.223446667194366}
{"phase": "development", "cell_id": 46, "setting_id": "factorized_full", "w1_mean": 0.021662609846004988, "seconds": 6.210797466337681}
{"phase": "development", "cell_id": 1, "setting_id": "factorized_full", "w1_mean": 0.010128857120645273, "seconds": 6.123170264065266}
{"phase": "development", "cell_id": 49, "setting_id": "anchor_n8192_k1024_m16", "w1_mean": 0.012279029832671448, "seconds": 1.5887273028492928}
{"phase": "development", "cell_id": 24, "setting_id": "anchor_n32768_k2048_m8", "w1_mean": 0.020408508675680163, "seconds": 5.386193674057722}
{"phase": "development", "cell_id": 23, "setting_id": "anchor_n32768_k2048_m4", "w1_mean": 0.014164780224501461, "seconds": 3.8186653293669224}
{"phase": "development", "cell_id": 70, "setting_id": "anchor_n32768_k2048_m16", "w1_mean": 0.01579898981773249, "seconds": 8.302714958786964}
{"phase": "development", "cell_id": 20, "setting_id": "anchor_n8192_k1024_m4", "w1_mean": 0.020927736824132848, "seconds": 1.0327768847346306}
{"phase": "development", "cell_id": 5, "setting_id": "anchor_n32768_k2048_m4", "w1_mean": 0.011027960126176278, "seconds": 3.820256307721138}
{"phase": "development", "cell_id": 43, "setting_id": "anchor_n32768_k2048_m16", "w1_mean": 0.01083562176089872, "seconds": 8.217553287744522}
{"phase": "development", "cell_id": 41, "setting_id": "anchor_n32768_k2048_m4", "w1_mean": 0.014378632549305293, "seconds": 3.896105956286192}
{"phase": "development", "cell_id": 18, "setting_id": "full", "w1_mean": 0.015643933298483723, "seconds": 6.102665897458792}
{"phase": "development", "cell_id": 9, "setting_id": "full", "w1_mean": 0.014379816788658378, "seconds": 6.131330255419016}
{"phase": "development", "cell_id": 34, "setting_id": "anchor_n32768_k2048_m16", "w1_mean": 0.016848531543952775, "seconds": 8.22521199285984}
{"phase": "development", "cell_id": 14, "setting_id": "anchor_n32768_k2048_m4", "w1_mean": 0.031107265478837284, "seconds": 3.8187556490302086}
{"phase": "development", "cell_id": 65, "setting_id": "anchor_n8192_k1024_m4", "w1_mean": 0.05221680505468981, "seconds": 1.1065853349864483}
{"phase": "development", "cell_id": 8, "setting_id": "anchor_n32768_k4096_m4", "w1_mean": 0.015584978470056389, "seconds": 7.642890240997076}
{"phase": "development", "cell_id": 59, "setting_id": "anchor_n32768_k2048_m4", "w1_mean": 0.03426760581319645, "seconds": 3.902852240949869}
{"phase": "development", "cell_id": 33, "setting_id": "anchor_n32768_k2048_m8", "w1_mean": 0.01276961924880825, "seconds": 5.3069818168878555}
{"phase": "development", "cell_id": 0, "setting_id": "full", "w1_mean": 0.015222273742520748, "seconds": 6.081487651914358}
{"phase": "development", "cell_id": 57, "setting_id": "anchor_n8192_k1024_m8", "w1_mean": 0.01187283595222724, "seconds": 1.223663866519928}
{"phase": "development", "cell_id": 67, "setting_id": "anchor_n8192_k1024_m16", "w1_mean": 0.012131298495612699, "seconds": 1.5905938819050789}
{"phase": "development", "cell_id": 6, "setting_id": "anchor_n32768_k2048_m8", "w1_mean": 0.03637681353902808, "seconds": 5.390985686331987}
{"phase": "confirmation", "cell_id": 375, "setting_id": "anchor_n32768_k2048_m4", "w1_mean": 0.01608611785752166, "seconds": 3.9550618194043636}
{"phase": "confirmation", "cell_id": 168, "setting_id": "full", "w1_mean": 0.014667118171856886, "seconds": 6.152133032679558}
{"phase": "confirmation", "cell_id": 3, "setting_id": "anchor_n32768_k2048_m4", "w1_mean": 0.018737835479095695, "seconds": 3.8912964463233948}
{"phase": "confirmation", "cell_id": 188, "setting_id": "full", "w1_mean": 0.01750638920089133, "seconds": 6.099212575703859}
{"phase": "confirmation", "cell_id": 204, "setting_id": "full", "w1_mean": 0.01727113093632429, "seconds": 6.097109045833349}
{"phase": "confirmation", "cell_id": 49, "setting_id": "factorized_full", "w1_mean": 0.01424294672039031, "seconds": 6.153597317636013}
{"phase": "confirmation", "cell_id": 276, "setting_id": "full", "w1_mean": 0.017641151435336976, "seconds": 6.094344638288021}
{"phase": "confirmation", "cell_id": 245, "setting_id": "factorized_full", "w1_mean": 0.01404352443524929, "seconds": 6.146920461207628}
{"phase": "confirmation", "cell_id": 230, "setting_id": "anchor_n8192_k1024_m8", "w1_mean": 0.015377713273505482, "seconds": 1.232337761670351}
{"phase": "confirmation", "cell_id": 189, "setting_id": "factorized_full", "w1_mean": 0.011774941928011947, "seconds": 6.154650140553713}
{"phase": "confirmation", "cell_id": 309, "setting_id": "factorized_full", "w1_mean": 0.010900342965516781, "seconds": 6.262946363538504}
{"phase": "confirmation", "cell_id": 333, "setting_id": "factorized_full", "w1_mean": 0.015837543474711634, "seconds": 6.1322474628686905}
{"phase": "confirmation", "cell_id": 383, "setting_id": "anchor_n32768_k2048_m4", "w1_mean": 0.012598993396249238, "seconds": 3.8136836886405945}
{"phase": "confirmation", "cell_id": 224, "setting_id": "full", "w1_mean": 0.010813440516846132, "seconds": 6.085272043943405}
{"phase": "confirmation", "cell_id": 207, "setting_id": "anchor_n32768_k2048_m4", "w1_mean": 0.01711387173798503, "seconds": 3.8361456245183945}
{"phase": "confirmation", "cell_id": 317, "setting_id": "factorized_full", "w1_mean": 0.013605946482472918, "seconds": 6.152441173791885}
{"phase": "confirmation", "cell_id": 187, "setting_id": "anchor_n32768_k2048_m4", "w1_mean": 0.020358818597550506, "seconds": 3.883922815322876}
{"phase": "confirmation", "cell_id": 183, "setting_id": "anchor_n32768_k2048_m4", "w1_mean": 0.023697291474148507, "seconds": 3.830818757414818}
{"phase": "confirmation", "cell_id": 111, "setting_id": "anchor_n32768_k2048_m4", "w1_mean": 0.022095006389724555, "seconds": 3.8882047906517982}
{"phase": "confirmation", "cell_id": 15, "setting_id": "anchor_n32768_k2048_m4", "w1_mean": 0.040448169445524755, "seconds": 3.8333780467510223}
{"phase": "confirmation", "cell_id": 149, "setting_id": "factorized_full", "w1_mean": 0.012540391283769886, "seconds": 6.1845303773880005}
{"phase": "confirmation", "cell_id": 327, "setting_id": "anchor_n32768_k2048_m4", "w1_mean": 0.054916157210421285, "seconds": 3.960087399929762}
{"phase": "confirmation", "cell_id": 69, "setting_id": "factorized_full", "w1_mean": 0.014204882048921605, "seconds": 6.1498037949204445}
{"phase": "confirmation", "cell_id": 140, "setting_id": "full", "w1_mean": 0.01125734068589021, "seconds": 6.076840661466122}
{"phase": "confirmation", "cell_id": 381, "setting_id": "factorized_full", "w1_mean": 0.018040084269388176, "seconds": 6.1316690891981125}
{"phase": "confirmation", "cell_id": 58, "setting_id": "anchor_n8192_k1024_m8", "w1_mean": 0.025227713914646586, "seconds": 1.2280760817229748}
{"phase": "confirmation", "cell_id": 286, "setting_id": "anchor_n8192_k1024_m8", "w1_mean": 0.0198188770279107, "seconds": 1.281144417822361}
{"phase": "confirmation", "cell_id": 85, "setting_id": "factorized_full", "w1_mean": 0.01509397150338207, "seconds": 6.129970848560333}
{"phase": "confirmation", "cell_id": 68, "setting_id": "full", "w1_mean": 0.016154038023792616, "seconds": 6.076763119548559}
{"phase": "confirmation", "cell_id": 312, "setting_id": "full", "w1_mean": 0.014098246365728422, "seconds": 6.0752427987754345}
{"phase": "confirmation", "cell_id": 300, "setting_id": "full", "w1_mean": 0.017943317919045233, "seconds": 6.078337103128433}
{"phase": "confirmation", "cell_id": 347, "setting_id": "anchor_n32768_k2048_m4", "w1_mean": 0.02161202053974863, "seconds": 3.9506786726415157}
{"phase": "confirmation", "cell_id": 108, "setting_id": "full", "w1_mean": 0.031394048268059284, "seconds": 6.114122021943331}
{"phase": "confirmation", "cell_id": 291, "setting_id": "anchor_n32768_k2048_m4", "w1_mean": 0.01629983181802737, "seconds": 3.871239513158798}
{"phase": "confirmation", "cell_id": 334, "setting_id": "anchor_n8192_k1024_m8", "w1_mean": 0.02227252997890273, "seconds": 1.2713318318128586}
{"phase": "confirmation", "cell_id": 20, "setting_id": "full", "w1_mean": 0.017548436288845094, "seconds": 6.127832241356373}
{"phase": "confirmation", "cell_id": 396, "setting_id": "full", "w1_mean": 0.013501962655269904, "seconds": 6.140116363763809}
{"phase": "confirmation", "cell_id": 105, "setting_id": "factorized_full", "w1_mean": 0.013285295275530327, "seconds": 6.205265033990145}
{"phase": "confirmation", "cell_id": 233, "setting_id": "factorized_full", "w1_mean": 0.015685741001726344, "seconds": 6.174407623708248}
{"phase": "confirmation", "cell_id": 191, "setting_id": "anchor_n32768_k2048_m4", "w1_mean": 0.02044185347745954, "seconds": 3.959822103381157}
{"phase": "confirmation", "cell_id": 259, "setting_id": "anchor_n32768_k2048_m4", "w1_mean": 0.026897789074121943, "seconds": 3.837744750082493}
{"phase": "confirmation", "cell_id": 254, "setting_id": "anchor_n8192_k1024_m8", "w1_mean": 0.02910700559233853, "seconds": 1.2391977831721306}
{"phase": "confirmation", "cell_id": 290, "setting_id": "anchor_n8192_k1024_m8", "w1_mean": 0.0365768248125456, "seconds": 1.2866889908909798}
{"phase": "confirmation", "cell_id": 274, "setting_id": "anchor_n8192_k1024_m8", "w1_mean": 0.017677677085273166, "seconds": 1.2972767278552055}
{"phase": "confirmation", "cell_id": 143, "setting_id": "anchor_n32768_k2048_m4", "w1_mean": 0.036163424325918285, "seconds": 3.9632018133997917}
{"phase": "confirmation", "cell_id": 128, "setting_id": "full", "w1_mean": 0.01642072362499529, "seconds": 6.102720778435469}
{"phase": "confirmation", "cell_id": 234, "setting_id": "anchor_n8192_k1024_m8", "w1_mean": 0.01980312377370265, "seconds": 1.2316285967826843}
{"phase": "confirmation", "cell_id": 112, "setting_id": "full", "w1_mean": 0.011276520575302259, "seconds": 6.095681622624397}
{"phase": "confirmation", "cell_id": 346, "setting_id": "anchor_n8192_k1024_m8", "w1_mean": 0.02115592943883837, "seconds": 1.2336754016578197}
{"phase": "confirmation", "cell_id": 284, "setting_id": "full", "w1_mean": 0.01420616397671571, "seconds": 6.068223174661398}
{"phase": "confirmation", "cell_id": 380, "setting_id": "full", "w1_mean": 0.023410140388737233, "seconds": 6.072148710489273}
{"phase": "confirmation", "cell_id": 311, "setting_id": "anchor_n32768_k2048_m4", "w1_mean": 0.021841138388257464, "seconds": 3.822939269244671}
{"phase": "confirmation", "cell_id": 26, "setting_id": "anchor_n8192_k1024_m8", "w1_mean": 0.010520644910809996, "seconds": 1.2286547645926476}
{"phase": "confirmation", "cell_id": 22, "setting_id": "anchor_n8192_k1024_m8", "w1_mean": 0.012066119496594963, "seconds": 1.2273588851094246}
{"phase": "confirmation", "cell_id": 80, "setting_id": "full", "w1_mean": 0.018485641751281326, "seconds": 6.062435578554869}
{"phase": "confirmation", "cell_id": 96, "setting_id": "full", "w1_mean": 0.017630020674433554, "seconds": 6.0752733163535595}
{"phase": "confirmation", "cell_id": 121, "setting_id": "factorized_full", "w1_mean": 0.013328233464869952, "seconds": 6.229823101311922}
{"phase": "confirmation", "cell_id": 14, "setting_id": "anchor_n8192_k1024_m8", "w1_mean": 0.03513136127478626, "seconds": 1.2295430712401867}
{"phase": "confirmation", "cell_id": 263, "setting_id": "anchor_n32768_k2048_m4", "w1_mean": 0.0140032133047279, "seconds": 3.8869130201637745}
{"phase": "confirmation", "cell_id": 81, "setting_id": "factorized_full", "w1_mean": 0.01869721387528475, "seconds": 6.114685140550137}
{"phase": "confirmation", "cell_id": 273, "setting_id": "factorized_full", "w1_mean": 0.01436178505361244, "seconds": 6.11762336269021}
{"phase": "confirmation", "cell_id": 104, "setting_id": "full", "w1_mean": 0.0286964913369918, "seconds": 6.068032771348953}
{"phase": "confirmation", "cell_id": 78, "setting_id": "anchor_n8192_k1024_m8", "w1_mean": 0.025128477855829636, "seconds": 1.2300859689712524}
{"phase": "confirmation", "cell_id": 320, "setting_id": "full", "w1_mean": 0.01073699223087398, "seconds": 6.066671773791313}
{"phase": "confirmation", "cell_id": 90, "setting_id": "anchor_n8192_k1024_m8", "w1_mean": 0.02982447491030387, "seconds": 1.2299972139298916}
{"phase": "confirmation", "cell_id": 353, "setting_id": "factorized_full", "w1_mean": 0.011717545106157124, "seconds": 6.117101978510618}
{"phase": "confirmation", "cell_id": 184, "setting_id": "full", "w1_mean": 0.011966630973252929, "seconds": 6.070689108222723}
{"phase": "confirmation", "cell_id": 48, "setting_id": "full", "w1_mean": 0.016145828141330056, "seconds": 6.200669277459383}
{"phase": "confirmation", "cell_id": 326, "setting_id": "anchor_n8192_k1024_m8", "w1_mean": 0.014369822754678768, "seconds": 1.2274993658065796}
{"phase": "confirmation", "cell_id": 142, "setting_id": "anchor_n8192_k1024_m8", "w1_mean": 0.027904539050181188, "seconds": 1.2782140970230103}
{"phase": "confirmation", "cell_id": 103, "setting_id": "anchor_n32768_k2048_m4", "w1_mean": 0.013614823839094672, "seconds": 3.8295923247933388}
{"phase": "confirmation", "cell_id": 109, "setting_id": "factorized_full", "w1_mean": 0.014357945911139843, "seconds": 6.131928078830242}
{"phase": "confirmation", "cell_id": 398, "setting_id": "anchor_n8192_k1024_m8", "w1_mean": 0.019476547544294044, "seconds": 1.2301374524831772}
{"phase": "confirmation", "cell_id": 34, "setting_id": "anchor_n8192_k1024_m8", "w1_mean": 0.02204050286343061, "seconds": 1.2283341772854328}
{"phase": "confirmation", "cell_id": 232, "setting_id": "full", "w1_mean": 0.02713329457893028, "seconds": 6.081024635583162}
{"phase": "confirmation", "cell_id": 257, "setting_id": "factorized_full", "w1_mean": 0.01556594811703018, "seconds": 6.130716074258089}
{"phase": "confirmation", "cell_id": 79, "setting_id": "anchor_n32768_k2048_m4", "w1_mean": 0.015675913519622907, "seconds": 3.8845653645694256}
{"phase": "confirmation", "cell_id": 138, "setting_id": "anchor_n8192_k1024_m8", "w1_mean": 0.015130202907013631, "seconds": 1.2285809069871902}
{"phase": "confirmation", "cell_id": 51, "setting_id": "anchor_n32768_k2048_m4", "w1_mean": 0.01276065545129789, "seconds": 3.8290482461452484}
{"phase": "confirmation", "cell_id": 133, "setting_id": "factorized_full", "w1_mean": 0.015936220714769727, "seconds": 6.131481554359198}
{"phase": "confirmation", "cell_id": 118, "setting_id": "anchor_n8192_k1024_m8", "w1_mean": 0.015165401042139393, "seconds": 1.2327608242630959}
{"phase": "confirmation", "cell_id": 305, "setting_id": "factorized_full", "w1_mean": 0.017502000614670624, "seconds": 6.242473490536213}
{"phase": "confirmation", "cell_id": 195, "setting_id": "anchor_n32768_k2048_m4", "w1_mean": 0.01136112860022382, "seconds": 3.8890405260026455}
{"phase": "confirmation", "cell_id": 61, "setting_id": "factorized_full", "w1_mean": 0.011717367741901782, "seconds": 6.122835751622915}
{"phase": "confirmation", "cell_id": 269, "setting_id": "factorized_full", "w1_mean": 0.01827532709426752, "seconds": 6.119563229382038}
{"phase": "confirmation", "cell_id": 306, "setting_id": "anchor_n8192_k1024_m8", "w1_mean": 0.020015160547229252, "seconds": 1.230502650141716}
{"phase": "confirmation", "cell_id": 303, "setting_id": "anchor_n32768_k2048_m4", "w1_mean": 0.03219505134976768, "seconds": 3.829178251326084}
{"phase": "confirmation", "cell_id": 335, "setting_id": "anchor_n32768_k2048_m4", "w1_mean": 0.016432988282127525, "seconds": 3.8902204670011997}
{"phase": "confirmation", "cell_id": 295, "setting_id": "anchor_n32768_k2048_m4", "w1_mean": 0.013215404718634572, "seconds": 3.835349638015032}
{"phase": "confirmation", "cell_id": 370, "setting_id": "anchor_n8192_k1024_m8", "w1_mean": 0.018148533915323242, "seconds": 1.2288861274719238}
{"phase": "confirmation", "cell_id": 376, "setting_id": "full", "w1_mean": 0.025313118585880402, "seconds": 6.074912756681442}
{"phase": "confirmation", "cell_id": 130, "setting_id": "anchor_n8192_k1024_m8", "w1_mean": 0.015036829727411404, "seconds": 1.2288579046726227}
{"phase": "confirmation", "cell_id": 211, "setting_id": "anchor_n32768_k2048_m4", "w1_mean": 0.019399201324641558, "seconds": 3.8947794884443283}
{"phase": "confirmation", "cell_id": 82, "setting_id": "anchor_n8192_k1024_m8", "w1_mean": 0.012253042492886553, "seconds": 1.2298162505030632}
{"phase": "confirmation", "cell_id": 91, "setting_id": "anchor_n32768_k2048_m4", "w1_mean": 0.016817397878299813, "seconds": 3.9176945500075817}
{"phase": "confirmation", "cell_id": 70, "setting_id": "anchor_n8192_k1024_m8", "w1_mean": 0.01263592860185712, "seconds": 1.228909008204937}
{"phase": "confirmation", "cell_id": 225, "setting_id": "factorized_full", "w1_mean": 0.0185289546861597, "seconds": 6.170372534543276}
{"phase": "confirmation", "cell_id": 373, "setting_id": "factorized_full", "w1_mean": 0.015190307049380932, "seconds": 6.120412919670343}
{"phase": "confirmation", "cell_id": 240, "setting_id": "full", "w1_mean": 0.020259419361807533, "seconds": 6.066731054335833}
{"phase": "confirmation", "cell_id": 115, "setting_id": "anchor_n32768_k2048_m4", "w1_mean": 0.01661579441194736, "seconds": 3.884739652276039}
{"phase": "confirmation", "cell_id": 39, "setting_id": "anchor_n32768_k2048_m4", "w1_mean": 0.029777473307562197, "seconds": 3.8306843787431717}
{"phase": "confirmation", "cell_id": 237, "setting_id": "factorized_full", "w1_mean": 0.01768792520911965, "seconds": 6.121213346719742}
{"phase": "confirmation", "cell_id": 76, "setting_id": "full", "w1_mean": 0.031230025427955194, "seconds": 6.079818874597549}
{"phase": "confirmation", "cell_id": 86, "setting_id": "anchor_n8192_k1024_m8", "w1_mean": 0.015118555488599058, "seconds": 1.2293821945786476}
{"phase": "confirmation", "cell_id": 73, "setting_id": "factorized_full", "w1_mean": 0.017212749325451363, "seconds": 6.122368570417166}
{"phase": "confirmation", "cell_id": 125, "setting_id": "factorized_full", "w1_mean": 0.01840040206579487, "seconds": 6.170633655041456}
{"phase": "confirmation", "cell_id": 267, "setting_id": "anchor_n32768_k2048_m4", "w1_mean": 0.017563192279504976, "seconds": 3.823249898850918}
{"phase": "confirmation", "cell_id": 77, "setting_id": "factorized_full", "w1_mean": 0.015931396031556126, "seconds": 6.128322098404169}
{"phase": "confirmation", "cell_id": 313, "setting_id": "factorized_full", "w1_mean": 0.009473764723691852, "seconds": 6.121752601116896}
{"phase": "confirmation", "cell_id": 298, "setting_id": "anchor_n8192_k1024_m8", "w1_mean": 0.027001051562359882, "seconds": 1.3036244735121727}
{"phase": "confirmation", "cell_id": 325, "setting_id": "factorized_full", "w1_mean": 0.012302118165841834, "seconds": 6.125001039355993}
{"phase": "confirmation", "cell_id": 150, "setting_id": "anchor_n8192_k1024_m8", "w1_mean": 0.01299590882274518, "seconds": 1.2273102477192879}
{"phase": "confirmation", "cell_id": 200, "setting_id": "full", "w1_mean": 0.026134699461585996, "seconds": 6.080021899193525}
{"phase": "confirmation", "cell_id": 345, "setting_id": "factorized_full", "w1_mean": 0.01441747330223513, "seconds": 6.120104055851698}
{"phase": "confirmation", "cell_id": 40, "setting_id": "full", "w1_mean": 0.029719569543282538, "seconds": 6.076805047690868}
{"phase": "confirmation", "cell_id": 304, "setting_id": "full", "w1_mean": 0.014115734595383098, "seconds": 6.0885171219706535}
{"phase": "confirmation", "cell_id": 17, "setting_id": "factorized_full", "w1_mean": 0.015270294812726145, "seconds": 6.1879085674881935}
{"phase": "confirmation", "cell_id": 45, "setting_id": "factorized_full", "w1_mean": 0.017540615931006448, "seconds": 6.131207995116711}
{"phase": "confirmation", "cell_id": 102, "setting_id": "anchor_n8192_k1024_m8", "w1_mean": 0.015328973057683982, "seconds": 1.2228715494275093}
{"phase": "confirmation", "cell_id": 228, "setting_id": "full", "w1_mean": 0.013422648067064556, "seconds": 6.076320260763168}
{"phase": "confirmation", "cell_id": 180, "setting_id": "full", "w1_mean": 0.015912344789417672, "seconds": 6.07706717774272}
{"phase": "confirmation", "cell_id": 397, "setting_id": "factorized_full", "w1_mean": 0.012524724044508714, "seconds": 6.129320032894611}
{"phase": "confirmation", "cell_id": 198, "setting_id": "anchor_n8192_k1024_m8", "w1_mean": 0.01626209828211414, "seconds": 1.224104393273592}
{"phase": "confirmation", "cell_id": 239, "setting_id": "anchor_n32768_k2048_m4", "w1_mean": 0.011881991615100208, "seconds": 3.8179240860044956}
{"phase": "confirmation", "cell_id": 271, "setting_id": "anchor_n32768_k2048_m4", "w1_mean": 0.05315818240259702, "seconds": 3.901166185736656}
{"phase": "confirmation", "cell_id": 25, "setting_id": "factorized_full", "w1_mean": 0.012922738391860516, "seconds": 6.158506870269775}
{"phase": "confirmation", "cell_id": 279, "setting_id": "anchor_n32768_k2048_m4", "w1_mean": 0.01600400041038894, "seconds": 3.8269214034080505}
{"phase": "confirmation", "cell_id": 166, "setting_id": "anchor_n8192_k1024_m8", "w1_mean": 0.027225392894164698, "seconds": 1.2775527462363243}
{"phase": "confirmation", "cell_id": 337, "setting_id": "factorized_full", "w1_mean": 0.018139535889968653, "seconds": 6.172709655016661}
{"phase": "confirmation", "cell_id": 385, "setting_id": "factorized_full", "w1_mean": 0.019517061603544057, "seconds": 6.11999673768878}
{"phase": "confirmation", "cell_id": 281, "setting_id": "factorized_full", "w1_mean": 0.01523265868699695, "seconds": 6.123561315238476}
{"phase": "confirmation", "cell_id": 159, "setting_id": "anchor_n32768_k2048_m4", "w1_mean": 0.02240571158884152, "seconds": 3.908377591520548}
{"phase": "confirmation", "cell_id": 297, "setting_id": "factorized_full", "w1_mean": 0.018229393740328982, "seconds": 6.129027530550957}
{"phase": "confirmation", "cell_id": 238, "setting_id": "anchor_n8192_k1024_m8", "w1_mean": 0.016033285261748763, "seconds": 1.2243208140134811}
{"phase": "confirmation", "cell_id": 389, "setting_id": "factorized_full", "w1_mean": 0.016228662947282133, "seconds": 6.1279390305280685}
{"phase": "confirmation", "cell_id": 53, "setting_id": "factorized_full", "w1_mean": 0.018200930467953125, "seconds": 6.129870217293501}
{"phase": "confirmation", "cell_id": 23, "setting_id": "anchor_n32768_k2048_m4", "w1_mean": 0.01877668441087352, "seconds": 3.816824860870838}
{"phase": "confirmation", "cell_id": 280, "setting_id": "full", "w1_mean": 0.026964903119567153, "seconds": 6.138305176049471}
{"phase": "confirmation", "cell_id": 193, "setting_id": "factorized_full", "w1_mean": 0.007772619505495524, "seconds": 6.201544605195522}
{"phase": "confirmation", "cell_id": 63, "setting_id": "anchor_n32768_k2048_m4", "w1_mean": 0.01745590237222882, "seconds": 3.8420078940689564}
{"phase": "confirmation", "cell_id": 42, "setting_id": "anchor_n8192_k1024_m8", "w1_mean": 0.015225742826536014, "seconds": 1.3094006106257439}
{"phase": "confirmation", "cell_id": 30, "setting_id": "anchor_n8192_k1024_m8", "w1_mean": 0.016411787364933934, "seconds": 1.2252314686775208}
{"phase": "confirmation", "cell_id": 75, "setting_id": "anchor_n32768_k2048_m4", "w1_mean": 0.013597964577707743, "seconds": 3.8219931572675705}
{"phase": "confirmation", "cell_id": 330, "setting_id": "anchor_n8192_k1024_m8", "w1_mean": 0.01636163737024749, "seconds": 1.2253560088574886}
{"phase": "confirmation", "cell_id": 160, "setting_id": "full", "w1_mean": 0.01252257242756417, "seconds": 6.090878859162331}
{"phase": "confirmation", "cell_id": 249, "setting_id": "factorized_full", "w1_mean": 0.02144199661380562, "seconds": 6.133719604462385}
{"phase": "confirmation", "cell_id": 339, "setting_id": "anchor_n32768_k2048_m4", "w1_mean": 0.01633106262914888, "seconds": 3.9038174860179424}
{"phase": "confirmation", "cell_id": 134, "setting_id": "anchor_n8192_k1024_m8", "w1_mean": 0.017457141503978216, "seconds": 1.223693635314703}
{"phase": "confirmation", "cell_id": 54, "setting_id": "anchor_n8192_k1024_m8", "w1_mean": 0.02727191819525008, "seconds": 1.223809603601694}
{"phase": "confirmation", "cell_id": 137, "setting_id": "factorized_full", "w1_mean": 0.019929595606192556, "seconds": 6.1339293494820595}
{"phase": "confirmation", "cell_id": 390, "setting_id": "anchor_n8192_k1024_m8", "w1_mean": 0.01798824034039801, "seconds": 1.2233590930700302}
{"phase": "confirmation", "cell_id": 205, "setting_id": "factorized_full", "w1_mean": 0.011804493581993217, "seconds": 6.201551795005798}
{"phase": "confirmation", "cell_id": 181, "setting_id": "factorized_full", "w1_mean": 0.020789675316785366, "seconds": 6.190810613334179}
{"phase": "confirmation", "cell_id": 208, "setting_id": "full", "w1_mean": 0.026361193425124115, "seconds": 6.0859427489340305}
{"phase": "confirmation", "cell_id": 114, "setting_id": "anchor_n8192_k1024_m8", "w1_mean": 0.01571344673518134, "seconds": 1.2247736304998398}
{"phase": "confirmation", "cell_id": 41, "setting_id": "factorized_full", "w1_mean": 0.02088577176764119, "seconds": 6.1332565769553185}
{"phase": "confirmation", "cell_id": 157, "setting_id": "factorized_full", "w1_mean": 0.009586961936161442, "seconds": 6.144572243094444}
{"phase": "confirmation", "cell_id": 29, "setting_id": "factorized_full", "w1_mean": 0.028654896473631, "seconds": 6.140473552048206}
{"phase": "confirmation", "cell_id": 360, "setting_id": "full", "w1_mean": 0.02112835574966739, "seconds": 6.0891607739031315}
{"phase": "confirmation", "cell_id": 27, "setting_id": "anchor_n32768_k2048_m4", "w1_mean": 0.021560859539707607, "seconds": 3.8200375251471996}
{"phase": "confirmation", "cell_id": 153, "setting_id": "factorized_full", "w1_mean": 0.013104482699130069, "seconds": 6.134719088673592}
{"phase": "confirmation", "cell_id": 13, "setting_id": "factorized_full", "w1_mean": 0.01310578428905064, "seconds": 6.239501282572746}
{"phase": "confirmation", "cell_id": 296, "setting_id": "full", "w1_mean": 0.02534566809882399, "seconds": 6.098068650811911}
{"phase": "confirmation", "cell_id": 392, "setting_id": "full", "w1_mean": 0.019454343986174936, "seconds": 6.09197049215436}
{"phase": "confirmation", "cell_id": 152, "setting_id": "full", "w1_mean": 0.016403774820298096, "seconds": 6.089510310441256}
{"phase": "confirmation", "cell_id": 100, "setting_id": "full", "w1_mean": 0.010259357048306245, "seconds": 6.081921715289354}
{"phase": "confirmation", "cell_id": 235, "setting_id": "anchor_n32768_k2048_m4", "w1_mean": 0.019342903235876036, "seconds": 3.8180223256349564}
{"phase": "confirmation", "cell_id": 384, "setting_id": "full", "w1_mean": 0.015476025484270656, "seconds": 6.081395234912634}
{"phase": "confirmation", "cell_id": 197, "setting_id": "factorized_full", "w1_mean": 0.013140078086442106, "seconds": 6.128219399601221}
{"phase": "confirmation", "cell_id": 261, "setting_id": "factorized_full", "w1_mean": 0.012907285152457645, "seconds": 6.126954358071089}
{"phase": "confirmation", "cell_id": 358, "setting_id": "anchor_n8192_k1024_m8", "w1_mean": 0.026871890710899515, "seconds": 1.22373803332448}
{"phase": "confirmation", "cell_id": 199, "setting_id": "anchor_n32768_k2048_m4", "w1_mean": 0.028452951846446556, "seconds": 4.032523885369301}
{"phase": "confirmation", "cell_id": 253, "setting_id": "factorized_full", "w1_mean": 0.012572949712341745, "seconds": 6.131833553314209}
{"phase": "confirmation", "cell_id": 19, "setting_id": "anchor_n32768_k2048_m4", "w1_mean": 0.014236430223862517, "seconds": 3.8144317120313644}
{"phase": "confirmation", "cell_id": 120, "setting_id": "full", "w1_mean": 0.03037847750585121, "seconds": 6.077388484030962}
{"phase": "confirmation", "cell_id": 351, "setting_id": "anchor_n32768_k2048_m4", "w1_mean": 0.028984795914441686, "seconds": 3.8193063102662563}
{"phase": "confirmation", "cell_id": 371, "setting_id": "anchor_n32768_k2048_m4", "w1_mean": 0.013401408730555375, "seconds": 3.896890241652727}
{"phase": "confirmation", "cell_id": 141, "setting_id": "factorized_full", "w1_mean": 0.013279374524604603, "seconds": 6.129930980503559}
{"phase": "confirmation", "cell_id": 379, "setting_id": "anchor_n32768_k2048_m4", "w1_mean": 0.02400232216003273, "seconds": 3.8307809978723526}
{"phase": "confirmation", "cell_id": 363, "setting_id": "anchor_n32768_k2048_m4", "w1_mean": 0.020524661694185656, "seconds": 3.838729400187731}
{"phase": "confirmation", "cell_id": 277, "setting_id": "factorized_full", "w1_mean": 0.019334597919597022, "seconds": 6.154911760240793}
{"phase": "confirmation", "cell_id": 218, "setting_id": "anchor_n8192_k1024_m8", "w1_mean": 0.02051367258987112, "seconds": 1.3069024607539177}
{"phase": "confirmation", "cell_id": 18, "setting_id": "anchor_n8192_k1024_m8", "w1_mean": 0.01283504240727592, "seconds": 1.2239010408520699}
{"phase": "confirmation", "cell_id": 38, "setting_id": "anchor_n8192_k1024_m8", "w1_mean": 0.023956402365002745, "seconds": 1.2917995266616344}
{"phase": "confirmation", "cell_id": 260, "setting_id": "full", "w1_mean": 0.050591890828667156, "seconds": 6.1391376927495}
{"phase": "confirmation", "cell_id": 265, "setting_id": "factorized_full", "w1_mean": 0.014258191339347605, "seconds": 6.124101869761944}
{"phase": "confirmation", "cell_id": 331, "setting_id": "anchor_n32768_k2048_m4", "w1_mean": 0.021200938968877158, "seconds": 3.8162095956504345}
{"phase": "confirmation", "cell_id": 71, "setting_id": "anchor_n32768_k2048_m4", "w1_mean": 0.01448561497917629, "seconds": 3.9025462456047535}
{"phase": "confirmation", "cell_id": 348, "setting_id": "full", "w1_mean": 0.023127379168299322, "seconds": 6.0814115181565285}
{"phase": "confirmation", "cell_id": 352, "setting_id": "full", "w1_mean": 0.011666218826705422, "seconds": 6.080544702708721}
{"phase": "confirmation", "cell_id": 227, "setting_id": "anchor_n32768_k2048_m4", "w1_mean": 0.023363470105082936, "seconds": 3.81566246971488}
{"phase": "confirmation", "cell_id": 129, "setting_id": "factorized_full", "w1_mean": 0.020074309179499775, "seconds": 6.123309709131718}
{"phase": "confirmation", "cell_id": 28, "setting_id": "full", "w1_mean": 0.021186163583504933, "seconds": 6.085628002882004}
{"phase": "confirmation", "cell_id": 251, "setting_id": "anchor_n32768_k2048_m4", "w1_mean": 0.020248020258914604, "seconds": 4.001131374388933}
{"phase": "confirmation", "cell_id": 359, "setting_id": "anchor_n32768_k2048_m4", "w1_mean": 0.013753182949653123, "seconds": 3.8709524907171726}
{"phase": "confirmation", "cell_id": 307, "setting_id": "anchor_n32768_k2048_m4", "w1_mean": 0.024719595635765708, "seconds": 3.8191388323903084}
{"phase": "confirmation", "cell_id": 186, "setting_id": "anchor_n8192_k1024_m8", "w1_mean": 0.018859090960781498, "seconds": 1.221419345587492}
{"phase": "confirmation", "cell_id": 169, "setting_id": "factorized_full", "w1_mean": 0.016322139314126377, "seconds": 6.127709738910198}
{"phase": "confirmation", "cell_id": 163, "setting_id": "anchor_n32768_k2048_m4", "w1_mean": 0.011986226896711005, "seconds": 3.898769199848175}
{"phase": "confirmation", "cell_id": 21, "setting_id": "factorized_full", "w1_mean": 0.012099994249588459, "seconds": 6.125556766986847}
{"phase": "confirmation", "cell_id": 72, "setting_id": "full", "w1_mean": 0.022108598873015264, "seconds": 6.082029830664396}
{"phase": "confirmation", "cell_id": 215, "setting_id": "anchor_n32768_k2048_m4", "w1_mean": 0.01567463925171344, "seconds": 3.816980890929699}
{"phase": "confirmation", "cell_id": 342, "setting_id": "anchor_n8192_k1024_m8", "w1_mean": 0.03045846662480329, "seconds": 1.223294734954834}
{"phase": "confirmation", "cell_id": 185, "setting_id": "factorized_full", "w1_mean": 0.01104167666195048, "seconds": 6.12635750323534}
{"phase": "confirmation", "cell_id": 338, "setting_id": "anchor_n8192_k1024_m8", "w1_mean": 0.01713440778355792, "seconds": 1.3024353571236134}
{"phase": "confirmation", "cell_id": 74, "setting_id": "anchor_n8192_k1024_m8", "w1_mean": 0.027767905320687764, "seconds": 1.224198218435049}
{"phase": "confirmation", "cell_id": 64, "setting_id": "full", "w1_mean": 0.016613517275370783, "seconds": 6.146279811859131}
{"phase": "confirmation", "cell_id": 256, "setting_id": "full", "w1_mean": 0.02400240763352612, "seconds": 6.0949776247143745}
{"phase": "confirmation", "cell_id": 107, "setting_id": "anchor_n32768_k2048_m4", "w1_mean": 0.013537992525014194, "seconds": 3.8148001432418823}
{"phase": "confirmation", "cell_id": 190, "setting_id": "anchor_n8192_k1024_m8", "w1_mean": 0.016329284839715283, "seconds": 1.2207713052630424}
{"phase": "confirmation", "cell_id": 110, "setting_id": "anchor_n8192_k1024_m8", "w1_mean": 0.024391728364685457, "seconds": 1.2222647778689861}
{"phase": "confirmation", "cell_id": 293, "setting_id": "factorized_full", "w1_mean": 0.015047774526126129, "seconds": 6.124317716807127}
{"phase": "confirmation", "cell_id": 301, "setting_id": "factorized_full", "w1_mean": 0.010890588205316215, "seconds": 6.1252750903368}
{"phase": "confirmation", "cell_id": 314, "setting_id": "anchor_n8192_k1024_m8", "w1_mean": 0.01958131623012987, "seconds": 1.2215321771800518}
{"phase": "confirmation", "cell_id": 268, "setting_id": "full", "w1_mean": 0.037980184994991374, "seconds": 6.076716631650925}
{"phase": "confirmation", "cell_id": 1, "setting_id": "factorized_full", "w1_mean": 0.011018794171596673, "seconds": 6.117849133908749}
{"phase": "confirmation", "cell_id": 174, "setting_id": "anchor_n8192_k1024_m8", "w1_mean": 0.022383920036100645, "seconds": 1.3005928359925747}
{"phase": "confirmation", "cell_id": 156, "setting_id": "full", "w1_mean": 0.018594145772177943, "seconds": 6.077127281576395}
{"phase": "confirmation", "cell_id": 116, "setting_id": "full", "w1_mean": 0.013285317546844916, "seconds": 6.165312968194485}
{"phase": "confirmation", "cell_id": 127, "setting_id": "anchor_n32768_k2048_m4", "w1_mean": 0.01818932999078934, "seconds": 3.8174168467521667}
{"phase": "confirmation", "cell_id": 8, "setting_id": "full", "w1_mean": 0.017618729848549806, "seconds": 6.076073668897152}
{"phase": "confirmation", "cell_id": 158, "setting_id": "anchor_n8192_k1024_m8", "w1_mean": 0.012474853493788112, "seconds": 1.222753118723631}
{"phase": "confirmation", "cell_id": 33, "setting_id": "factorized_full", "w1_mean": 0.012873480154642087, "seconds": 6.123300112783909}
{"phase": "confirmation", "cell_id": 55, "setting_id": "anchor_n32768_k2048_m4", "w1_mean": 0.020174007191673917, "seconds": 3.919398535043001}
{"phase": "confirmation", "cell_id": 361, "setting_id": "factorized_full", "w1_mean": 0.018944580786706668, "seconds": 6.179141711443663}
{"phase": "confirmation", "cell_id": 214, "setting_id": "anchor_n8192_k1024_m8", "w1_mean": 0.014133895742980733, "seconds": 1.2294779270887375}
{"phase": "confirmation", "cell_id": 178, "setting_id": "anchor_n8192_k1024_m8", "w1_mean": 0.018630174842027634, "seconds": 1.2295270450413227}
{"phase": "confirmation", "cell_id": 147, "setting_id": "anchor_n32768_k2048_m4", "w1_mean": 0.0157640754198978, "seconds": 3.836656466126442}
{"phase": "confirmation", "cell_id": 282, "setting_id": "anchor_n8192_k1024_m8", "w1_mean": 0.020434812010328655, "seconds": 1.312614694237709}
{"phase": "confirmation", "cell_id": 399, "setting_id": "anchor_n32768_k2048_m4", "w1_mean": 0.013981269967517692, "seconds": 3.8349541798233986}
{"phase": "confirmation", "cell_id": 139, "setting_id": "anchor_n32768_k2048_m4", "w1_mean": 0.020126414298517727, "seconds": 3.837476920336485}
{"phase": "confirmation", "cell_id": 4, "setting_id": "full", "w1_mean": 0.011046295074935333, "seconds": 6.191535860300064}
{"phase": "confirmation", "cell_id": 144, "setting_id": "full", "w1_mean": 0.0160636370374389, "seconds": 6.183812595903873}
{"phase": "confirmation", "cell_id": 60, "setting_id": "full", "w1_mean": 0.020951515778208488, "seconds": 6.137709923088551}
{"phase": "confirmation", "cell_id": 93, "setting_id": "factorized_full", "w1_mean": 0.014762420622083765, "seconds": 6.178140353411436}
{"phase": "confirmation", "cell_id": 365, "setting_id": "factorized_full", "w1_mean": 0.027806969659830295, "seconds": 6.184494763612747}
{"phase": "confirmation", "cell_id": 216, "setting_id": "full", "w1_mean": 0.013276735558100886, "seconds": 6.136676833033562}
{"phase": "confirmation", "cell_id": 322, "setting_id": "anchor_n8192_k1024_m8", "w1_mean": 0.015624453653640579, "seconds": 1.3078818805515766}
{"phase": "confirmation", "cell_id": 243, "setting_id": "anchor_n32768_k2048_m4", "w1_mean": 0.014499843554094408, "seconds": 3.8368366435170174}
{"phase": "confirmation", "cell_id": 151, "setting_id": "anchor_n32768_k2048_m4", "w1_mean": 0.015326518296600778, "seconds": 3.8361969627439976}
{"phase": "confirmation", "cell_id": 229, "setting_id": "factorized_full", "w1_mean": 0.010184445856623581, "seconds": 6.138112917542458}
{"phase": "confirmation", "cell_id": 97, "setting_id": "factorized_full", "w1_mean": 0.01798466625646711, "seconds": 6.18557196483016}
{"phase": "confirmation", "cell_id": 344, "setting_id": "full", "w1_mean": 0.024082029816118226, "seconds": 6.0968951135873795}
{"phase": "confirmation", "cell_id": 177, "setting_id": "factorized_full", "w1_mean": 0.015126533941766846, "seconds": 6.123776167631149}
{"phase": "confirmation", "cell_id": 386, "setting_id": "anchor_n8192_k1024_m8", "w1_mean": 0.017595058878612648, "seconds": 1.2227286286652088}
{"phase": "confirmation", "cell_id": 123, "setting_id": "anchor_n32768_k2048_m4", "w1_mean": 0.016530111720276644, "seconds": 3.8972435742616653}
{"phase": "confirmation", "cell_id": 264, "setting_id": "full", "w1_mean": 0.017378227810950053, "seconds": 6.076533950865269}
{"phase": "confirmation", "cell_id": 92, "setting_id": "full", "w1_mean": 0.029291769085559416, "seconds": 6.077726546674967}
{"phase": "confirmation", "cell_id": 162, "setting_id": "anchor_n8192_k1024_m8", "w1_mean": 0.01078723266510569, "seconds": 1.2217881381511688}
{"phase": "confirmation", "cell_id": 388, "setting_id": "full", "w1_mean": 0.010709367899235822, "seconds": 6.0787569880485535}
{"phase": "confirmation", "cell_id": 124, "setting_id": "full", "w1_mean": 0.03465488076492734, "seconds": 6.080111313611269}
{"phase": "confirmation", "cell_id": 66, "setting_id": "anchor_n8192_k1024_m8", "w1_mean": 0.018892047950116293, "seconds": 1.2224943898618221}
{"phase": "confirmation", "cell_id": 206, "setting_id": "anchor_n8192_k1024_m8", "w1_mean": 0.01817658048771116, "seconds": 1.2234386466443539}
{"phase": "confirmation", "cell_id": 88, "setting_id": "full", "w1_mean": 0.019271067955368162, "seconds": 6.156472869217396}
{"phase": "confirmation", "cell_id": 270, "setting_id": "anchor_n8192_k1024_m8", "w1_mean": 0.015690320609593654, "seconds": 1.259453445672989}
{"phase": "confirmation", "cell_id": 367, "setting_id": "anchor_n32768_k2048_m4", "w1_mean": 0.016454070180399055, "seconds": 3.9057049266994}
{"phase": "confirmation", "cell_id": 226, "setting_id": "anchor_n8192_k1024_m8", "w1_mean": 0.015754485987360158, "seconds": 1.235208485275507}
{"phase": "confirmation", "cell_id": 350, "setting_id": "anchor_n8192_k1024_m8", "w1_mean": 0.020648236368768398, "seconds": 1.2233977615833282}
{"phase": "confirmation", "cell_id": 94, "setting_id": "anchor_n8192_k1024_m8", "w1_mean": 0.02197917522080671, "seconds": 1.2248978167772293}
{"phase": "confirmation", "cell_id": 362, "setting_id": "anchor_n8192_k1024_m8", "w1_mean": 0.026187946298386368, "seconds": 1.222825314849615}
{"phase": "confirmation", "cell_id": 356, "setting_id": "full", "w1_mean": 0.016365302673758464, "seconds": 6.076990578323603}
{"phase": "confirmation", "cell_id": 287, "setting_id": "anchor_n32768_k2048_m4", "w1_mean": 0.018902691983896047, "seconds": 3.9026260264217854}
{"phase": "confirmation", "cell_id": 364, "setting_id": "full", "w1_mean": 0.018070178019659273, "seconds": 6.078689895570278}
{"phase": "confirmation", "cell_id": 24, "setting_id": "full", "w1_mean": 0.01951687504154965, "seconds": 6.088781788945198}
{"phase": "confirmation", "cell_id": 302, "setting_id": "anchor_n8192_k1024_m8", "w1_mean": 0.014946854665728995, "seconds": 1.2246428430080414}
{"phase": "confirmation", "cell_id": 378, "setting_id": "anchor_n8192_k1024_m8", "w1_mean": 0.015634031759065473, "seconds": 1.228897750377655}
{"phase": "confirmation", "cell_id": 369, "setting_id": "factorized_full", "w1_mean": 0.010754544179950705, "seconds": 6.18025916069746}
{"phase": "confirmation", "cell_id": 236, "setting_id": "full", "w1_mean": 0.01617617406118519, "seconds": 6.0735572427511215}
{"phase": "confirmation", "cell_id": 316, "setting_id": "full", "w1_mean": 0.013423753912279016, "seconds": 6.212120097130537}
{"phase": "confirmation", "cell_id": 374, "setting_id": "anchor_n8192_k1024_m8", "w1_mean": 0.018127781587308715, "seconds": 1.2326824590563774}
{"phase": "confirmation", "cell_id": 170, "setting_id": "anchor_n8192_k1024_m8", "w1_mean": 0.01975736759030923, "seconds": 1.229041863232851}
{"phase": "confirmation", "cell_id": 89, "setting_id": "factorized_full", "w1_mean": 0.021546651178913575, "seconds": 6.164538685232401}
{"phase": "confirmation", "cell_id": 315, "setting_id": "anchor_n32768_k2048_m4", "w1_mean": 0.013157523477587125, "seconds": 3.9103114791214466}
{"phase": "confirmation", "cell_id": 357, "setting_id": "factorized_full", "w1_mean": 0.014914521726244273, "seconds": 6.135567240417004}
{"phase": "confirmation", "cell_id": 258, "setting_id": "anchor_n8192_k1024_m8", "w1_mean": 0.021564211181949306, "seconds": 1.2225291430950165}
{"phase": "confirmation", "cell_id": 37, "setting_id": "factorized_full", "w1_mean": 0.01577843032205415, "seconds": 6.130242470651865}
{"phase": "confirmation", "cell_id": 117, "setting_id": "factorized_full", "w1_mean": 0.012939377762669048, "seconds": 6.145344160497189}
{"phase": "confirmation", "cell_id": 154, "setting_id": "anchor_n8192_k1024_m8", "w1_mean": 0.026627832413699364, "seconds": 1.2268137447535992}
{"phase": "confirmation", "cell_id": 394, "setting_id": "anchor_n8192_k1024_m8", "w1_mean": 0.029744807325060782, "seconds": 1.2299867235124111}
{"phase": "confirmation", "cell_id": 252, "setting_id": "full", "w1_mean": 0.017152699593069434, "seconds": 6.126301988959312}
{"phase": "confirmation", "cell_id": 32, "setting_id": "full", "w1_mean": 0.016238138986455035, "seconds": 6.1398038901388645}
{"phase": "confirmation", "cell_id": 135, "setting_id": "anchor_n32768_k2048_m4", "w1_mean": 0.02464546705655988, "seconds": 3.972038369625807}
{"phase": "confirmation", "cell_id": 46, "setting_id": "anchor_n8192_k1024_m8", "w1_mean": 0.0197922969523301, "seconds": 1.227923195809126}
{"phase": "confirmation", "cell_id": 332, "setting_id": "full", "w1_mean": 0.019938170001640686, "seconds": 6.082162749022245}
{"phase": "confirmation", "cell_id": 391, "setting_id": "anchor_n32768_k2048_m4", "w1_mean": 0.029723857028687968, "seconds": 3.8190637305378914}
{"phase": "confirmation", "cell_id": 262, "setting_id": "anchor_n8192_k1024_m8", "w1_mean": 0.019916294286469682, "seconds": 1.3058287128806114}
{"phase": "confirmation", "cell_id": 113, "setting_id": "factorized_full", "w1_mean": 0.00910287419125973, "seconds": 6.5774685107171535}
{"phase": "confirmation", "cell_id": 255, "setting_id": "anchor_n32768_k2048_m4", "w1_mean": 0.014623510780463644, "seconds": 3.8209319338202477}
{"phase": "confirmation", "cell_id": 248, "setting_id": "full", "w1_mean": 0.01742200737231024, "seconds": 6.0830883495509624}
{"phase": "confirmation", "cell_id": 247, "setting_id": "anchor_n32768_k2048_m4", "w1_mean": 0.024918209698099596, "seconds": 3.8179530762135983}
{"phase": "confirmation", "cell_id": 289, "setting_id": "factorized_full", "w1_mean": 0.014419554165532242, "seconds": 6.1273850202560425}
{"phase": "confirmation", "cell_id": 266, "setting_id": "anchor_n8192_k1024_m8", "w1_mean": 0.01790339496001201, "seconds": 1.222426313906908}
{"phase": "confirmation", "cell_id": 11, "setting_id": "anchor_n32768_k2048_m4", "w1_mean": 0.019983308809478365, "seconds": 3.9050263799726963}
{"phase": "confirmation", "cell_id": 155, "setting_id": "anchor_n32768_k2048_m4", "w1_mean": 0.018041135055675454, "seconds": 3.9339883513748646}
{"phase": "confirmation", "cell_id": 343, "setting_id": "anchor_n32768_k2048_m4", "w1_mean": 0.010843196271773107, "seconds": 3.904133342206478}
{"phase": "confirmation", "cell_id": 192, "setting_id": "full", "w1_mean": 0.013037671911790644, "seconds": 6.074761342257261}
{"phase": "confirmation", "cell_id": 377, "setting_id": "factorized_full", "w1_mean": 0.018949634914442924, "seconds": 6.128119759261608}
{"phase": "confirmation", "cell_id": 131, "setting_id": "anchor_n32768_k2048_m4", "w1_mean": 0.03902565788362386, "seconds": 3.819756366312504}
{"phase": "confirmation", "cell_id": 244, "setting_id": "full", "w1_mean": 0.012899145378346093, "seconds": 6.078156374394894}
{"phase": "confirmation", "cell_id": 292, "setting_id": "full", "w1_mean": 0.02030825960516143, "seconds": 6.077090367674828}
{"phase": "confirmation", "cell_id": 310, "setting_id": "anchor_n8192_k1024_m8", "w1_mean": 0.014920398020643794, "seconds": 1.2218692414462566}
{"phase": "confirmation", "cell_id": 164, "setting_id": "full", "w1_mean": 0.04084322138768266, "seconds": 6.073838155716658}
{"phase": "confirmation", "cell_id": 165, "setting_id": "factorized_full", "w1_mean": 0.008656590609646044, "seconds": 6.125899717211723}
{"phase": "confirmation", "cell_id": 167, "setting_id": "anchor_n32768_k2048_m4", "w1_mean": 0.020386881653884126, "seconds": 3.928637519478798}
{"phase": "confirmation", "cell_id": 340, "setting_id": "full", "w1_mean": 0.03888079428320605, "seconds": 6.1538455337285995}
{"phase": "confirmation", "cell_id": 126, "setting_id": "anchor_n8192_k1024_m8", "w1_mean": 0.015132036223373412, "seconds": 1.2247309535741806}
{"phase": "confirmation", "cell_id": 44, "setting_id": "full", "w1_mean": 0.0184006669654779, "seconds": 6.080482795834541}
{"phase": "confirmation", "cell_id": 161, "setting_id": "factorized_full", "w1_mean": 0.016398955384414233, "seconds": 6.127480480819941}
{"phase": "confirmation", "cell_id": 84, "setting_id": "full", "w1_mean": 0.017658855780049276, "seconds": 6.076176688075066}
{"phase": "confirmation", "cell_id": 47, "setting_id": "anchor_n32768_k2048_m4", "w1_mean": 0.02218033198294156, "seconds": 3.821395233273506}
{"phase": "confirmation", "cell_id": 321, "setting_id": "factorized_full", "w1_mean": 0.014786305154468153, "seconds": 6.1290227845311165}
{"phase": "confirmation", "cell_id": 308, "setting_id": "full", "w1_mean": 0.010185894090116707, "seconds": 6.076301321387291}
{"phase": "confirmation", "cell_id": 52, "setting_id": "full", "w1_mean": 0.017338669040202197, "seconds": 6.079772744327784}
{"phase": "confirmation", "cell_id": 12, "setting_id": "full", "w1_mean": 0.013325334687818248, "seconds": 6.189925264567137}
{"phase": "confirmation", "cell_id": 122, "setting_id": "anchor_n8192_k1024_m8", "w1_mean": 0.020712396419437114, "seconds": 1.2267710901796818}
{"phase": "confirmation", "cell_id": 275, "setting_id": "anchor_n32768_k2048_m4", "w1_mean": 0.011577583990444434, "seconds": 3.905350111424923}
{"phase": "confirmation", "cell_id": 132, "setting_id": "full", "w1_mean": 0.02198228112471747, "seconds": 6.078472286462784}
{"phase": "confirmation", "cell_id": 7, "setting_id": "anchor_n32768_k2048_m4", "w1_mean": 0.011822832453241477, "seconds": 3.8201218470931053}
{"phase": "confirmation", "cell_id": 387, "setting_id": "anchor_n32768_k2048_m4", "w1_mean": 0.01728500203630686, "seconds": 3.82124175876379}
{"phase": "confirmation", "cell_id": 171, "setting_id": "anchor_n32768_k2048_m4", "w1_mean": 0.022604165067240882, "seconds": 3.9083111956715584}
{"phase": "confirmation", "cell_id": 50, "setting_id": "anchor_n8192_k1024_m8", "w1_mean": 0.015600627653994116, "seconds": 1.2243086695671082}
{"phase": "confirmation", "cell_id": 368, "setting_id": "full", "w1_mean": 0.01843756400381983, "seconds": 6.080074306577444}
{"phase": "confirmation", "cell_id": 250, "setting_id": "anchor_n8192_k1024_m8", "w1_mean": 0.014011117093035702, "seconds": 1.2325021140277386}
{"phase": "confirmation", "cell_id": 278, "setting_id": "anchor_n8192_k1024_m8", "w1_mean": 0.015055217513114977, "seconds": 1.2234310545027256}
{"phase": "confirmation", "cell_id": 241, "setting_id": "factorized_full", "w1_mean": 0.013760093856473633, "seconds": 6.134159225970507}
{"phase": "confirmation", "cell_id": 148, "setting_id": "full", "w1_mean": 0.020869531604198063, "seconds": 6.0870628878474236}
{"phase": "confirmation", "cell_id": 210, "setting_id": "anchor_n8192_k1024_m8", "w1_mean": 0.014662461570575862, "seconds": 1.2270438075065613}
{"phase": "confirmation", "cell_id": 223, "setting_id": "anchor_n32768_k2048_m4", "w1_mean": 0.02036512514967598, "seconds": 4.014034874737263}
{"phase": "confirmation", "cell_id": 16, "setting_id": "full", "w1_mean": 0.023017978969738447, "seconds": 6.086704943329096}
{"phase": "confirmation", "cell_id": 172, "setting_id": "full", "w1_mean": 0.0196634576933232, "seconds": 6.080450996756554}
{"phase": "confirmation", "cell_id": 87, "setting_id": "anchor_n32768_k2048_m4", "w1_mean": 0.012949768026022334, "seconds": 3.8228695802390575}
{"phase": "confirmation", "cell_id": 83, "setting_id": "anchor_n32768_k2048_m4", "w1_mean": 0.02102608359210536, "seconds": 3.821144539862871}
{"phase": "confirmation", "cell_id": 299, "setting_id": "anchor_n32768_k2048_m4", "w1_mean": 0.024682704666869146, "seconds": 3.9004996083676815}
{"phase": "confirmation", "cell_id": 194, "setting_id": "anchor_n8192_k1024_m8", "w1_mean": 0.019431948714155305, "seconds": 1.2240820564329624}
{"phase": "confirmation", "cell_id": 318, "setting_id": "anchor_n8192_k1024_m8", "w1_mean": 0.019707150434755738, "seconds": 1.2284400314092636}
{"phase": "confirmation", "cell_id": 328, "setting_id": "full", "w1_mean": 0.03574180509355575, "seconds": 6.086249474436045}
{"phase": "confirmation", "cell_id": 319, "setting_id": "anchor_n32768_k2048_m4", "w1_mean": 0.014407665822322837, "seconds": 3.902712345123291}
{"phase": "confirmation", "cell_id": 213, "setting_id": "factorized_full", "w1_mean": 0.016574000446226214, "seconds": 6.130690194666386}
{"phase": "confirmation", "cell_id": 36, "setting_id": "full", "w1_mean": 0.024004878665780476, "seconds": 6.08724706992507}
{"phase": "confirmation", "cell_id": 355, "setting_id": "anchor_n32768_k2048_m4", "w1_mean": 0.015207644068149853, "seconds": 3.823440231382847}
{"phase": "confirmation", "cell_id": 10, "setting_id": "anchor_n8192_k1024_m8", "w1_mean": 0.016199315401743464, "seconds": 1.2262776903808117}
{"phase": "confirmation", "cell_id": 324, "setting_id": "full", "w1_mean": 0.01039039367560329, "seconds": 6.1405139453709126}
{"phase": "confirmation", "cell_id": 101, "setting_id": "factorized_full", "w1_mean": 0.009651170454009088, "seconds": 6.181960675865412}
{"phase": "confirmation", "cell_id": 57, "setting_id": "factorized_full", "w1_mean": 0.01936733085794537, "seconds": 6.132092274725437}
{"phase": "confirmation", "cell_id": 31, "setting_id": "anchor_n32768_k2048_m4", "w1_mean": 0.02376501075631403, "seconds": 3.8216895274817944}
{"phase": "confirmation", "cell_id": 179, "setting_id": "anchor_n32768_k2048_m4", "w1_mean": 0.018555364722347062, "seconds": 3.9055905044078827}
{"phase": "confirmation", "cell_id": 366, "setting_id": "anchor_n8192_k1024_m8", "w1_mean": 0.01931168864659791, "seconds": 1.2323010936379433}
{"phase": "confirmation", "cell_id": 372, "setting_id": "full", "w1_mean": 0.018034237802920627, "seconds": 6.081703312695026}
{"phase": "confirmation", "cell_id": 175, "setting_id": "anchor_n32768_k2048_m4", "w1_mean": 0.014596985607491054, "seconds": 3.8254602439701557}
{"phase": "confirmation", "cell_id": 176, "setting_id": "full", "w1_mean": 0.014287496411987899, "seconds": 6.08172382414341}
{"phase": "confirmation", "cell_id": 173, "setting_id": "factorized_full", "w1_mean": 0.01449341662323922, "seconds": 6.143980644643307}
{"phase": "confirmation", "cell_id": 67, "setting_id": "anchor_n32768_k2048_m4", "w1_mean": 0.026155186153497895, "seconds": 3.905866999179125}
{"phase": "confirmation", "cell_id": 395, "setting_id": "anchor_n32768_k2048_m4", "w1_mean": 0.01281246097893535, "seconds": 3.822805117815733}
{"phase": "confirmation", "cell_id": 9, "setting_id": "factorized_full", "w1_mean": 0.016579342738219403, "seconds": 6.130295738577843}
{"phase": "confirmation", "cell_id": 98, "setting_id": "anchor_n8192_k1024_m8", "w1_mean": 0.025335527932068343, "seconds": 1.2654463648796082}
{"phase": "confirmation", "cell_id": 201, "setting_id": "factorized_full", "w1_mean": 0.021752919183582943, "seconds": 6.1931257620453835}
{"phase": "confirmation", "cell_id": 6, "setting_id": "anchor_n8192_k1024_m8", "w1_mean": 0.012614657483223875, "seconds": 1.223199225962162}
{"phase": "confirmation", "cell_id": 285, "setting_id": "factorized_full", "w1_mean": 0.014651687218248763, "seconds": 6.131212648004293}
{"phase": "confirmation", "cell_id": 182, "setting_id": "anchor_n8192_k1024_m8", "w1_mean": 0.01403599237509939, "seconds": 1.2237632013857365}
{"phase": "confirmation", "cell_id": 2, "setting_id": "anchor_n8192_k1024_m8", "w1_mean": 0.013912311275369594, "seconds": 1.2238165028393269}
{"phase": "confirmation", "cell_id": 59, "setting_id": "anchor_n32768_k2048_m4", "w1_mean": 0.019112782299220255, "seconds": 3.821635488420725}
{"phase": "confirmation", "cell_id": 329, "setting_id": "factorized_full", "w1_mean": 0.016259046570075125, "seconds": 6.128005217760801}
{"phase": "confirmation", "cell_id": 222, "setting_id": "anchor_n8192_k1024_m8", "w1_mean": 0.02206963614531972, "seconds": 1.2251139506697655}
{"phase": "confirmation", "cell_id": 62, "setting_id": "anchor_n8192_k1024_m8", "w1_mean": 0.016016405153391845, "seconds": 1.299175899475813}
{"phase": "confirmation", "cell_id": 203, "setting_id": "anchor_n32768_k2048_m4", "w1_mean": 0.02373767578295295, "seconds": 3.821267928928137}
{"phase": "confirmation", "cell_id": 220, "setting_id": "full", "w1_mean": 0.01485645404844821, "seconds": 6.087345898151398}
{"phase": "confirmation", "cell_id": 272, "setting_id": "full", "w1_mean": 0.013532610835168012, "seconds": 6.077846318483353}
{"phase": "confirmation", "cell_id": 209, "setting_id": "factorized_full", "w1_mean": 0.017972092808544577, "seconds": 6.19033582881093}
{"phase": "confirmation", "cell_id": 294, "setting_id": "anchor_n8192_k1024_m8", "w1_mean": 0.02096417876327129, "seconds": 1.2618348933756351}
{"phase": "confirmation", "cell_id": 35, "setting_id": "anchor_n32768_k2048_m4", "w1_mean": 0.012553293639262548, "seconds": 3.8202851228415966}
{"phase": "confirmation", "cell_id": 382, "setting_id": "anchor_n8192_k1024_m8", "w1_mean": 0.014450612856430955, "seconds": 1.2245365418493748}
{"phase": "confirmation", "cell_id": 349, "setting_id": "factorized_full", "w1_mean": 0.012753725524625757, "seconds": 6.129633639007807}
{"phase": "confirmation", "cell_id": 0, "setting_id": "full", "w1_mean": 0.014142239755822895, "seconds": 6.081040773540735}
{"phase": "confirmation", "cell_id": 56, "setting_id": "full", "w1_mean": 0.01657998665539477, "seconds": 6.080179862678051}
{"phase": "confirmation", "cell_id": 43, "setting_id": "anchor_n32768_k2048_m4", "w1_mean": 0.03825315677431227, "seconds": 3.8201773576438427}
{"phase": "confirmation", "cell_id": 106, "setting_id": "anchor_n8192_k1024_m8", "w1_mean": 0.019560864414620203, "seconds": 1.223676785826683}
{"phase": "confirmation", "cell_id": 95, "setting_id": "anchor_n32768_k2048_m4", "w1_mean": 0.031710478643847934, "seconds": 3.9232572466135025}
{"phase": "confirmation", "cell_id": 336, "setting_id": "full", "w1_mean": 0.025347616664156664, "seconds": 6.105117868632078}
{"phase": "confirmation", "cell_id": 341, "setting_id": "factorized_full", "w1_mean": 0.0074155353860292875, "seconds": 6.1279852241277695}
{"phase": "confirmation", "cell_id": 393, "setting_id": "factorized_full", "w1_mean": 0.020795052486315253, "seconds": 6.180403251200914}
{"phase": "confirmation", "cell_id": 231, "setting_id": "anchor_n32768_k2048_m4", "w1_mean": 0.012357425197917486, "seconds": 3.821722872555256}
{"phase": "confirmation", "cell_id": 212, "setting_id": "full", "w1_mean": 0.021978296728191647, "seconds": 6.083453897386789}
{"phase": "confirmation", "cell_id": 202, "setting_id": "anchor_n8192_k1024_m8", "w1_mean": 0.019635949709681005, "seconds": 1.2254247181117535}
{"phase": "confirmation", "cell_id": 136, "setting_id": "full", "w1_mean": 0.016288275752055267, "seconds": 6.084580380469561}
{"phase": "confirmation", "cell_id": 242, "setting_id": "anchor_n8192_k1024_m8", "w1_mean": 0.012830053053212172, "seconds": 1.2231793850660324}
{"phase": "confirmation", "cell_id": 145, "setting_id": "factorized_full", "w1_mean": 0.04169929007305125, "seconds": 6.129942871630192}
{"phase": "confirmation", "cell_id": 221, "setting_id": "factorized_full", "w1_mean": 0.01366431281581567, "seconds": 6.124856010079384}
{"phase": "confirmation", "cell_id": 283, "setting_id": "anchor_n32768_k2048_m4", "w1_mean": 0.01575712132532298, "seconds": 3.829195022583008}
{"phase": "confirmation", "cell_id": 65, "setting_id": "factorized_full", "w1_mean": 0.015372074326874152, "seconds": 6.129051428288221}
{"phase": "confirmation", "cell_id": 246, "setting_id": "anchor_n8192_k1024_m8", "w1_mean": 0.015086118641484205, "seconds": 1.3002280034124851}
{"phase": "confirmation", "cell_id": 288, "setting_id": "full", "w1_mean": 0.014617755571799597, "seconds": 6.077221624553204}
{"phase": "confirmation", "cell_id": 196, "setting_id": "full", "w1_mean": 0.041597093573944116, "seconds": 6.156276483088732}
{"phase": "confirmation", "cell_id": 99, "setting_id": "anchor_n32768_k2048_m4", "w1_mean": 0.022131089407932035, "seconds": 3.818367328494787}
{"phase": "confirmation", "cell_id": 5, "setting_id": "factorized_full", "w1_mean": 0.012968557231298887, "seconds": 6.1247161366045475}
{"phase": "confirmation", "cell_id": 119, "setting_id": "anchor_n32768_k2048_m4", "w1_mean": 0.012640196256587312, "seconds": 3.8199193701148033}
{"phase": "confirmation", "cell_id": 354, "setting_id": "anchor_n8192_k1024_m8", "w1_mean": 0.013554682898842551, "seconds": 1.3072480037808418}
{"phase": "confirmation", "cell_id": 219, "setting_id": "anchor_n32768_k2048_m4", "w1_mean": 0.013249152760679502, "seconds": 3.817770592868328}
{"phase": "confirmation", "cell_id": 217, "setting_id": "factorized_full", "w1_mean": 0.021407109877024495, "seconds": 6.130906261503696}
{"phase": "confirmation", "cell_id": 146, "setting_id": "anchor_n8192_k1024_m8", "w1_mean": 0.022912560209936473, "seconds": 1.2248279191553593}
{"phase": "confirmation", "cell_id": 323, "setting_id": "anchor_n32768_k2048_m4", "w1_mean": 0.013670186680324685, "seconds": 3.825206071138382}
