  [5/100] tn=0.03 规则型 seed=5
  [10/100] tn=0.03 规则型 seed=10
  [15/100] tn=0.03 规则型 seed=15
  [20/100] tn=0.03 规则型 seed=20
  [25/100] tn=0.03 规则型 seed=25
  [30/100] tn=0.03 平滑型 seed=5
  [35/100] tn=0.03 平滑型 seed=10
  [40/100] tn=0.03 平滑型 seed=15
  [45/100] tn=0.03 平滑型 seed=20
  [50/100] tn=0.03 平滑型 seed=25
  [55/100] tn=0.30 规则型 seed=5
  [60/100] tn=0.30 规则型 seed=10
  [65/100] tn=0.30 规则型 seed=15
  [70/100] tn=0.30 规则型 seed=20
  [75/100] tn=0.30 规则型 seed=25
  [80/100] tn=0.30 平滑型 seed=5
  [85/100] tn=0.30 平滑型 seed=10
  [90/100] tn=0.30 平滑型 seed=15
  [95/100] tn=0.30 平滑型 seed=20
  [100/100] tn=0.30 平滑型 seed=25

================================================================================================
far-anchor 校准 vs 温度缩放 / 上下文注噪 / 额外 ID 样本
================================================================================================

  每格 25 种子 × 2 种目标函数 / 训练 30 / 校准或对照 60 /
  测试 400 / far-anchor 60。log loss 越低越好。
  温度缩放与 Platt 使用与 id_extra 完全同一批 60 个 ID 标注点。

  --- 目标任务真实噪声 3%  （n=50，平均拟合 T=1.58） ---
    方法                            log loss              相对基准     ECE     准确率     置信度
    基准（无校准）                         0.5290 +0.0000(t= +0.0)  0.0774  0.7647  0.8223
    温度缩放（60 个 ID 校准点）               0.4968 -0.0322(t= -4.4)  0.0554  0.7647  0.7657
    Platt 缩放（同上 60 点）               0.4954 -0.0336(t= -3.9)  0.0591  0.7681  0.7808
    固定 T=2（无额外数据）                   0.5067 -0.0222(t= -2.4)  0.0716  0.7647  0.7167
    60 个 ID 点直接进上下文                 0.3214 -0.2076(t=-13.3)  0.0425  0.8770  0.8579
    真实上下文注噪 15%                     0.6719 +0.1430(t= +8.4)  0.1102  0.6643  0.7621
    真实上下文注噪 35%                     0.8047 +0.2758(t=+12.2)  0.1737  0.5538  0.7233
    真实上下文注噪 50%                     0.8964 +0.3675(t=+14.5)  0.2192  0.4942  0.7108
    far-anchor 噪声 0%                0.4913 -0.0377(t= -3.7)  0.0730  0.7784  0.8242
    far-anchor 噪声 15%               0.4788 -0.0501(t= -4.8)  0.0627  0.7764  0.7859
    far-anchor 噪声 35%               0.4818 -0.0472(t= -4.7)  0.0748  0.7783  0.7786
    far-anchor 噪声 50%               0.4912 -0.0377(t= -4.1)  0.0780  0.7808  0.7714

    与 far-anchor η=50% 成对比较（Δ = 该方法 − far_50，log loss 负值表示该方法更好）：
      温度缩放（60 个 ID 校准点）            Δll +0.0056 (t= +0.7)   Δacc -0.0160 (t= -3.5)
      Platt 缩放（同上 60 点）            Δll +0.0041 (t= +0.5)   Δacc -0.0126 (t= -2.3)
      固定 T=2（无额外数据）                Δll +0.0155 (t= +2.0)   Δacc -0.0160 (t= -3.5)
      60 个 ID 点直接进上下文              Δll -0.1698 (t=-12.9)   Δacc +0.0963 (t=+11.4)
      真实上下文注噪 50%                  Δll +0.4052 (t=+16.2)   Δacc -0.2866 (t=-25.8)

  --- 目标任务真实噪声 30%  （n=50，平均拟合 T=6.97） ---
    方法                            log loss              相对基准     ECE     准确率     置信度
    基准（无校准）                         0.8616 +0.0000(t= +0.0)  0.1996  0.5361  0.7322
    温度缩放（60 个 ID 校准点）               0.6922 -0.1694(t=-11.7)  0.0432  0.5361  0.5573
    Platt 缩放（同上 60 点）               0.7050 -0.1565(t=-10.8)  0.0760  0.5191  0.5837
    固定 T=2（无额外数据）                   0.7259 -0.1356(t=-13.0)  0.1063  0.5361  0.6385
    60 个 ID 点直接进上下文                 0.7071 -0.1544(t=-10.5)  0.0875  0.5733  0.6516
    真实上下文注噪 15%                     0.8465 -0.0150(t= -0.9)  0.1884  0.5252  0.7117
    真实上下文注噪 35%                     0.8876 +0.0260(t= +1.2)  0.2122  0.5100  0.7201
    真实上下文注噪 50%                     0.8901 +0.0286(t= +1.2)  0.2174  0.4995  0.7136
    far-anchor 噪声 0%                0.7917 -0.0698(t= -6.6)  0.1470  0.5430  0.6862
    far-anchor 噪声 15%               0.7680 -0.0936(t= -8.4)  0.1401  0.5430  0.6805
    far-anchor 噪声 35%               0.7354 -0.1262(t=-11.9)  0.1127  0.5453  0.6518
    far-anchor 噪声 50%               0.7237 -0.1379(t=-12.1)  0.0971  0.5477  0.6353

    与 far-anchor η=50% 成对比较（Δ = 该方法 − far_50，log loss 负值表示该方法更好）：
      温度缩放（60 个 ID 校准点）            Δll -0.0315 (t= -3.8)   Δacc -0.0116 (t= -2.7)
      Platt 缩放（同上 60 点）            Δll -0.0187 (t= -2.2)   Δacc -0.0287 (t= -4.0)
      固定 T=2（无额外数据）                Δll +0.0022 (t= +0.3)   Δacc -0.0116 (t= -2.7)
      60 个 ID 点直接进上下文              Δll -0.0166 (t= -1.9)   Δacc +0.0256 (t= +3.7)
      真实上下文注噪 50%                  Δll +0.1664 (t= +8.1)   Δacc -0.0482 (t= -5.6)

  判据：
    1) temp/platt 的 log loss 追上 far_50
       -> 方法半篇降为「不需要 ID 校准标签的校准器」，机制半篇仍成立
    2) ctx_50 校准追上 far_50，但准确率明显更差
       -> 远置 + 任务无关是在保护决策边界，不是摆设
    3) ctx_50 在校准和准确率上都追上
       -> far 这个设计是多余的，直接给真实上下文加噪即可
    4) id_extra 显著更好
       -> 有 ID 标注时应该把点放进上下文，far-anchor 只在没有 ID 标签时有意义

  原始结果已写到 results/calib_baselines.json
