    水平间距 0.80

    pfn_jump_w64.pt（宽度 64）
       rate  sigma   n            均值到最近水平的距离        方差对数之差      KL 方差项      KL 均值项
                                   网络 / 精确后验
       0.50   0.05  16         0.041 / 0.035        -0.353      0.1809      0.0227
       0.97   0.05  24         0.045 / 0.033        -0.318      0.2616      0.0356
      25.90   0.20  16         0.188 / 0.161        +0.073      0.0425      0.0223
      50.00   0.20  24         0.192 / 0.164        +0.084      0.0577      0.0388

    pfn_jump_w64_40k.pt（宽度 64）
       rate  sigma   n            均值到最近水平的距离        方差对数之差      KL 方差项      KL 均值项
                                   网络 / 精确后验
       0.50   0.05  16         0.040 / 0.035        -0.446      0.2345      0.0126
       0.97   0.05  24         0.039 / 0.033        -0.406      0.2816      0.0299
      25.90   0.20  16         0.186 / 0.161        +0.021      0.0334      0.0136
      50.00   0.20  24         0.192 / 0.164        +0.038      0.0417      0.0270

    pfn_jump.pt（宽度 128）
       rate  sigma   n            均值到最近水平的距离        方差对数之差      KL 方差项      KL 均值项
                                   网络 / 精确后验
       0.50   0.05  16         0.041 / 0.035        -0.422      0.2408      0.0256
       0.97   0.05  24         0.042 / 0.033        -0.339      0.2478      0.0382
      25.90   0.20  16         0.188 / 0.161        +0.016      0.0394      0.0175
      50.00   0.20  24         0.186 / 0.164        +0.013      0.0489      0.0346

    pfn_jump_40k.pt（宽度 128）
       rate  sigma   n            均值到最近水平的距离        方差对数之差      KL 方差项      KL 均值项
                                   网络 / 精确后验
       0.50   0.05  16         0.037 / 0.035        -0.521      0.2614      0.0112
       0.97   0.05  24         0.038 / 0.033        -0.441      0.2382      0.0259
      25.90   0.20  16         0.181 / 0.161        -0.029      0.0278      0.0107
      50.00   0.20  24         0.189 / 0.164        +0.014      0.0305      0.0186

