/workspace/exp_conditioning.py:33: UserWarning: enable_nested_tensor is True, but self.use_nested_tensor is False because encoder_layer.norm_first was True
  self.enc = nn.TransformerEncoder(layer, N_LAYER)
    先验 gp，小模型 pfn_cond_w64.pt，大模型 pfn_cond_40k.pt
    先验采样上的覆盖率（名义 0.90），按网络自报方差分档
      方差   0.0005 –   0.0054：覆盖率 0.911 
      方差   0.0054 –   0.0184：覆盖率 0.904 
      方差   0.0185 –   0.0593：覆盖率 0.907 
      方差   0.0593 –   0.1365：覆盖率 0.912 
      方差   0.1368 –   0.2795：覆盖率 0.926 
      方差   0.2799 –   0.5902：覆盖率 0.911 
      方差   0.5904 –   0.9638：覆盖率 0.905 
      方差   0.9640 –   1.7666：覆盖率 0.894 偏小
    覆盖率不足的区间共 1 段，只在这些区间里把方差抬到两个模型的较大者
    平均留出 NLL：small 0.3353，big 0.2700，big_mean_small_var 0.3100，big_mean_max_var 0.2909，big_mean_geo_var 0.2811，coverage_gated 0.2703
    最差区域 NLL：small 2.1422，big 2.0959，big_mean_small_var 2.0768，big_mean_max_var 1.7499，big_mean_geo_var 2.0313，coverage_gated 2.0965
    格子 1/96 完成
    格子 2/96 完成
    格子 3/96 完成
    格子 4/96 完成
    格子 5/96 完成
    格子 6/96 完成
    格子 7/96 完成
    格子 8/96 完成
    格子 9/96 完成
    格子 10/96 完成
    格子 11/96 完成
    格子 12/96 完成
    格子 13/96 完成
    格子 14/96 完成
    格子 15/96 完成
    格子 16/96 完成
    格子 17/96 完成
    格子 18/96 完成
    格子 19/96 完成
    格子 20/96 完成
    格子 21/96 完成
    格子 22/96 完成
    格子 23/96 完成
    格子 24/96 完成
    格子 25/96 完成
    格子 26/96 完成
    格子 27/96 完成
    格子 28/96 完成
    格子 29/96 完成
    格子 30/96 完成
    格子 31/96 完成
    格子 32/96 完成
    格子 33/96 完成
    格子 34/96 完成
    格子 35/96 完成
    格子 36/96 完成
    格子 37/96 完成
    格子 38/96 完成
    格子 39/96 完成
    格子 40/96 完成
    格子 41/96 完成
    格子 42/96 完成
    格子 43/96 完成
    格子 44/96 完成
    格子 45/96 完成
    格子 46/96 完成
    格子 47/96 完成
    格子 48/96 完成
    格子 49/96 完成
    格子 50/96 完成
    格子 51/96 完成
    格子 52/96 完成
    格子 53/96 完成
    格子 54/96 完成
    格子 55/96 完成
    格子 56/96 完成
    格子 57/96 完成
    格子 58/96 完成
    格子 59/96 完成
    格子 60/96 完成
    格子 61/96 完成
    格子 62/96 完成
    格子 63/96 完成
    格子 64/96 完成
    格子 65/96 完成
    格子 66/96 完成
    格子 67/96 完成
    格子 68/96 完成
    格子 69/96 完成
    格子 70/96 完成
    格子 71/96 完成
    格子 72/96 完成
    格子 73/96 完成
    格子 74/96 完成
    格子 75/96 完成
    格子 76/96 完成
    格子 77/96 完成
    格子 78/96 完成
    格子 79/96 完成
    格子 80/96 完成
    格子 81/96 完成
    格子 82/96 完成
    格子 83/96 完成
    格子 84/96 完成
    格子 85/96 完成
    格子 86/96 完成
    格子 87/96 完成
    格子 88/96 完成
    格子 89/96 完成
    格子 90/96 完成
    格子 91/96 完成
    格子 92/96 完成
    格子 93/96 完成
    格子 94/96 完成
    格子 95/96 完成
    格子 96/96 完成

    变体                          平均留出 NLL      最差区域 NLL      超额 KL 均值    相对 big       最差格子    相对 big       变好的格子
    small                         0.3353        2.1422        0.1048     2.196     0.4569     2.595        0/96
    big                           0.2700        2.0959        0.0477     1.000     0.1761     1.000        0/96
    big_mean_small_var            0.3100        2.0768        0.0761     1.595     0.3664     2.081        0/96
    big_mean_max_var              0.2909        1.7499        0.0664     1.391     0.3599     2.044        4/96
    big_mean_geo_var              0.2811        2.0313        0.0539     1.129     0.2417     1.373       12/96
    coverage_gated                0.2703        2.0965        0.0478     1.002     0.1762     1.001        6/96

    按平均留出 NLL选：big（超额 KL 均值 1.000，最差格子 1.000）

    按最差区域 NLL选：big_mean_max_var（超额 KL 均值 1.391，最差格子 2.044）
    两个判据都只需要先验采样，不需要精确后验，所以部署时都能算。

    结果写到 results/hybrid_gp.json
