/workspace/exp_conditioning.py:33: UserWarning: enable_nested_tensor is True, but self.use_nested_tensor is False because encoder_layer.norm_first was True
  self.enc = nn.TransformerEncoder(layer, N_LAYER)
    先验 jump，小模型 pfn_jump_w64.pt，大模型 pfn_jump_40k.pt
    先验采样上的覆盖率（名义 0.90），按网络自报方差分档
      方差   0.0005 –   0.0263：覆盖率 0.948 
      方差   0.0265 –   0.1005：覆盖率 0.945 
      方差   0.1006 –   0.2646：覆盖率 0.924 
      方差   0.2649 –   0.5233：覆盖率 0.915 
      方差   0.5234 –   0.8101：覆盖率 0.861 偏小
      方差   0.8101 –   1.1000：覆盖率 0.875 偏小
      方差   1.1002 –   1.3174：覆盖率 0.915 
      方差   1.3174 –   2.7796：覆盖率 0.951 
    覆盖率不足的区间共 2 段，只在这些区间里把方差抬到两个模型的较大者
    平均留出 NLL：small 0.7420，big 0.7152，big_mean_small_var 0.7359，big_mean_max_var 0.7428，big_mean_geo_var 0.7168，coverage_gated 0.7160
    最差区域 NLL：small 2.8654，big 3.5622，big_mean_small_var 2.8453，big_mean_max_var 2.3433，big_mean_geo_var 3.0456，coverage_gated 3.5600
    格子 1/96 完成
    格子 2/96 完成
    格子 3/96 完成
    格子 4/96 完成
    格子 5/96 完成
    格子 6/96 完成
    格子 7/96 完成
    格子 8/96 完成
    格子 9/96 完成
    格子 10/96 完成
    格子 11/96 完成
    格子 12/96 完成
    格子 13/96 完成
    格子 14/96 完成
    格子 15/96 完成
    格子 16/96 完成
    格子 17/96 完成
    格子 18/96 完成
    格子 19/96 完成
    格子 20/96 完成
    格子 21/96 完成
    格子 22/96 完成
    格子 23/96 完成
    格子 24/96 完成
    格子 25/96 完成
    格子 26/96 完成
    格子 27/96 完成
    格子 28/96 完成
    格子 29/96 完成
    格子 30/96 完成
    格子 31/96 完成
    格子 32/96 完成
    格子 33/96 完成
    格子 34/96 完成
    格子 35/96 完成
    格子 36/96 完成
    格子 37/96 完成
    格子 38/96 完成
    格子 39/96 完成
    格子 40/96 完成
    格子 41/96 完成
    格子 42/96 完成
    格子 43/96 完成
    格子 44/96 完成
    格子 45/96 完成
    格子 46/96 完成
    格子 47/96 完成
    格子 48/96 完成
    格子 49/96 完成
    格子 50/96 完成
    格子 51/96 完成
    格子 52/96 完成
    格子 53/96 完成
    格子 54/96 完成
    格子 55/96 完成
    格子 56/96 完成
    格子 57/96 完成
    格子 58/96 完成
    格子 59/96 完成
    格子 60/96 完成
    格子 61/96 完成
    格子 62/96 完成
    格子 63/96 完成
    格子 64/96 完成
    格子 65/96 完成
    格子 66/96 完成
    格子 67/96 完成
    格子 68/96 完成
    格子 69/96 完成
    格子 70/96 完成
    格子 71/96 完成
    格子 72/96 完成
    格子 73/96 完成
    格子 74/96 完成
    格子 75/96 完成
    格子 76/96 完成
    格子 77/96 完成
    格子 78/96 完成
    格子 79/96 完成
    格子 80/96 完成
    格子 81/96 完成
    格子 82/96 完成
    格子 83/96 完成
    格子 84/96 完成
    格子 85/96 完成
    格子 86/96 完成
    格子 87/96 完成
    格子 88/96 完成
    格子 89/96 完成
    格子 90/96 完成
    格子 91/96 完成
    格子 92/96 完成
    格子 93/96 完成
    格子 94/96 完成
    格子 95/96 完成
    格子 96/96 完成

    变体                          平均留出 NLL      最差区域 NLL      超额 KL 均值    相对 big       最差格子    相对 big       变好的格子
    small                         0.7420        2.8654        0.1081     1.408     0.3100     1.046        6/96
    big                           0.7152        3.5622        0.0768     1.000     0.2965     1.000        0/96
    big_mean_small_var            0.7359        2.8453        0.0965     1.258     0.2936     0.990       10/96
    big_mean_max_var              0.7428        2.3433        0.0708     0.923     0.1736     0.585       28/96
    big_mean_geo_var              0.7168        3.0456        0.0714     0.931     0.2320     0.783       41/96
    coverage_gated                0.7160        3.5600        0.0776     1.011     0.2963     0.999       15/96

    按平均留出 NLL选：big（超额 KL 均值 1.000，最差格子 1.000）

    按最差区域 NLL选：big_mean_max_var（超额 KL 均值 0.923，最差格子 0.585）
    两个判据都只需要先验采样，不需要精确后验，所以部署时都能算。

    结果写到 results/hybrid_jump.json
