  [10/100] tn=0.03 规则型
  [20/100] tn=0.03 规则型
  [30/100] tn=0.03 平滑型
  [40/100] tn=0.03 平滑型
  [50/100] tn=0.03 平滑型
  [60/100] tn=0.30 规则型
  [70/100] tn=0.30 规则型
  [80/100] tn=0.30 平滑型
  [90/100] tn=0.30 平滑型
  [100/100] tn=0.30 平滑型

========================================================================================
温度缩放只在训练点上拟合 T，vs far-anchor η=50%
========================================================================================

  --- 目标噪声 3%  n=50  平均 T=0.25 ---
    方法                log loss     ECE     准确率            vs far Δll
    base                0.5346  0.0767  0.7575 +0.0517(t= +4.9)
    temp_train          1.2959  0.1956  0.7575 +0.8131(t=+14.2)
    temp_T2             0.5123  0.0705  0.7575 +0.0295(t= +5.7)
    far_50              0.4828  0.0594  0.7770 +0.0000(t= +0.0)

  --- 目标噪声 30%  n=50  平均 T=0.26 ---
    方法                log loss     ECE     准确率            vs far Δll
    base                0.8645  0.1972  0.5404 +0.1424(t=+11.5)
    temp_train          2.2528  0.3714  0.5404 +1.5308(t=+16.7)
    temp_T2             0.7270  0.1045  0.5404 +0.0050(t= +0.8)
    far_50              0.7220  0.0976  0.5537 +0.0000(t= +0.0)

  写到 results/temp_on_train.json
