{"cell_id": 73, "setting_id": "smc_k128_s0.15", "seconds": 0.20820402354002, "stages": 128, "sampled": true}
{"cell_id": 34, "setting_id": "bridge_mixture4_cov1_s0.5", "seconds": 0.04720098897814751, "stages": 4, "sampled": true}
{"cell_id": 291, "setting_id": "bridge_mixture2_cov1_s1", "seconds": 0.07033741474151611, "stages": 4, "sampled": true}
{"cell_id": 141, "setting_id": "bridge_mixture4_cov4_s1", "seconds": 0.043723221868276596, "stages": 4, "sampled": true}
{"cell_id": 32, "setting_id": "bridge_mixture2_cov4_s0.5", "seconds": 0.030792400240898132, "stages": 2, "sampled": true}
{"cell_id": 252, "setting_id": "smc_k64_s0.15", "seconds": 0.10990693792700768, "stages": 64, "sampled": true}
{"cell_id": 147, "setting_id": "smc_k32_s0.65", "seconds": 0.05602656304836273, "stages": 32, "sampled": true}
{"cell_id": 394, "setting_id": "bridge_mixture2_cov1_s0.5", "seconds": 0.0480613112449646, "stages": 3, "sampled": true}
{"cell_id": 290, "setting_id": "bridge_mixture2_cov1_s0.5", "seconds": 0.06070193275809288, "stages": 4, "sampled": true}
{"cell_id": 102, "setting_id": "full", "seconds": 1.483940988779068, "stages": 2048, "sampled": true}
{"cell_id": 66, "setting_id": "adaptive_prior_s0.65", "seconds": 0.051321882754564285, "stages": 3, "sampled": true}
{"cell_id": 199, "setting_id": "smc_k32_s0.65", "seconds": 0.05530186742544174, "stages": 32, "sampled": true}
{"cell_id": 375, "setting_id": "bridge_mixture4_cov4_s1", "seconds": 0.06810016185045242, "stages": 5, "sampled": true}
{"cell_id": 208, "setting_id": "bridge_gaussian1_cov1_s0.5", "seconds": 0.060901857912540436, "stages": 5, "sampled": true}
{"cell_id": 237, "setting_id": "bridge_gaussian1_cov4_s1", "seconds": 0.060543764382600784, "stages": 5, "sampled": true}
{"cell_id": 204, "setting_id": "smc_k128_s0.35", "seconds": 0.20437878370285034, "stages": 128, "sampled": true}
{"cell_id": 374, "setting_id": "bridge_mixture4_cov4_s0.5", "seconds": 0.06356282904744148, "stages": 5, "sampled": true}
{"cell_id": 286, "setting_id": "bridge_gaussian1_cov1_s0.5", "seconds": 0.0516267828643322, "stages": 4, "sampled": true}
{"cell_id": 359, "setting_id": "smc_k128_s0.15", "seconds": 0.20754176005721092, "stages": 128, "sampled": true}
{"cell_id": 36, "setting_id": "bridge_mixture4_cov4_s0.5", "seconds": 0.02416706457734108, "stages": 2, "sampled": true}
{"cell_id": 99, "setting_id": "smc_k128_s0.15", "seconds": 0.20875848829746246, "stages": 128, "sampled": true}
{"cell_id": 18, "setting_id": "smc_k64_s0.15", "seconds": 0.10437674820423126, "stages": 64, "sampled": true}
{"cell_id": 129, "setting_id": "tail_anchored", "seconds": 3.057354837656021, "stages": 2048, "sampled": true}
{"cell_id": 213, "setting_id": "bridge_mixture2_cov1_s1", "seconds": 0.05779985338449478, "stages": 4, "sampled": true}
{"cell_id": 244, "setting_id": "bridge_mixture4_cov4_s0.5", "seconds": 0.06609578058123589, "stages": 5, "sampled": true}
{"cell_id": 23, "setting_id": "smc_k128_s0.65", "seconds": 0.2083871066570282, "stages": 128, "sampled": true}
{"cell_id": 205, "setting_id": "smc_k128_s0.65", "seconds": 0.21382637694478035, "stages": 128, "sampled": true}
{"cell_id": 152, "setting_id": "smc_k128_s0.35", "seconds": 0.2084633782505989, "stages": 128, "sampled": true}
{"cell_id": 346, "setting_id": "bridge_mixture4_cov1_s0.5", "seconds": 0.08519262447953224, "stages": 7, "sampled": true}
{"cell_id": 207, "setting_id": "tail_anchored", "seconds": 3.022307153791189, "stages": 2048, "sampled": true}
{"cell_id": 68, "setting_id": "smc_k32_s0.35", "seconds": 0.05301064997911453, "stages": 32, "sampled": true}
{"cell_id": 325, "setting_id": "adaptive_prior_s0.35", "seconds": 0.09547760710120201, "stages": 9, "sampled": true}
{"cell_id": 35, "setting_id": "bridge_mixture4_cov1_s1", "seconds": 0.05690312758088112, "stages": 5, "sampled": true}
{"cell_id": 250, "setting_id": "smc_k32_s0.35", "seconds": 0.05288518965244293, "stages": 32, "sampled": true}
{"cell_id": 333, "setting_id": "smc_k128_s0.15", "seconds": 0.20929941162467003, "stages": 128, "sampled": true}
{"cell_id": 19, "setting_id": "smc_k64_s0.35", "seconds": 0.10490595176815987, "stages": 64, "sampled": true}
{"cell_id": 131, "setting_id": "bridge_gaussian1_cov1_s1", "seconds": 0.06148096174001694, "stages": 6, "sampled": true}
{"cell_id": 349, "setting_id": "bridge_mixture4_cov4_s1", "seconds": 0.082379300147295, "stages": 7, "sampled": true}
{"cell_id": 275, "setting_id": "smc_k32_s0.15", "seconds": 0.05282077193260193, "stages": 32, "sampled": true}
{"cell_id": 310, "setting_id": "full", "seconds": 1.9069098643958569, "stages": 2048, "sampled": true}
{"cell_id": 138, "setting_id": "bridge_mixture4_cov1_s0.5", "seconds": 0.0621863529086113, "stages": 6, "sampled": true}
{"cell_id": 176, "setting_id": "smc_k64_s0.65", "seconds": 0.10387017577886581, "stages": 64, "sampled": true}
{"cell_id": 46, "setting_id": "smc_k64_s0.65", "seconds": 0.10482947528362274, "stages": 64, "sampled": true}
{"cell_id": 236, "setting_id": "bridge_gaussian1_cov4_s0.5", "seconds": 0.061076872050762177, "stages": 5, "sampled": true}
{"cell_id": 361, "setting_id": "smc_k128_s0.65", "seconds": 0.20793773978948593, "stages": 128, "sampled": true}
{"cell_id": 89, "setting_id": "bridge_mixture4_cov4_s1", "seconds": 0.02417575567960739, "stages": 2, "sampled": true}
{"cell_id": 273, "setting_id": "adaptive_prior_s0.35", "seconds": 0.0470404289662838, "stages": 4, "sampled": true}
{"cell_id": 24, "setting_id": "full", "seconds": 1.3389661498367786, "stages": 2048, "sampled": true}
{"cell_id": 270, "setting_id": "bridge_mixture4_cov4_s0.5", "seconds": 0.06516433507204056, "stages": 5, "sampled": true}
{"cell_id": 196, "setting_id": "adaptive_prior_s0.65", "seconds": 0.07511740550398827, "stages": 8, "sampled": true}
{"cell_id": 156, "setting_id": "bridge_gaussian1_cov1_s0.5", "seconds": 0.014187794178724289, "stages": 1, "sampled": true}
{"cell_id": 306, "setting_id": "smc_k64_s0.65", "seconds": 0.10603081434965134, "stages": 64, "sampled": true}
{"cell_id": 402, "setting_id": "adaptive_prior_s0.15", "seconds": 0.09409407526254654, "stages": 9, "sampled": true}
{"cell_id": 340, "setting_id": "bridge_gaussian1_cov4_s0.5", "seconds": 0.08136426284909248, "stages": 7, "sampled": true}
{"cell_id": 345, "setting_id": "bridge_mixture2_cov4_s1", "seconds": 0.07761409506201744, "stages": 7, "sampled": true}
{"cell_id": 107, "setting_id": "bridge_gaussian1_cov4_s1", "seconds": 0.023525100201368332, "stages": 2, "sampled": true}
{"cell_id": 348, "setting_id": "bridge_mixture4_cov4_s0.5", "seconds": 0.08564846962690353, "stages": 7, "sampled": true}
{"cell_id": 331, "setting_id": "smc_k64_s0.35", "seconds": 0.10395941138267517, "stages": 64, "sampled": true}
{"cell_id": 28, "setting_id": "bridge_gaussian1_cov4_s0.5", "seconds": 0.023670338094234467, "stages": 2, "sampled": true}
{"cell_id": 52, "setting_id": "bridge_gaussian1_cov1_s0.5", "seconds": 0.052008241415023804, "stages": 5, "sampled": true}
{"cell_id": 341, "setting_id": "bridge_gaussian1_cov4_s1", "seconds": 0.0768236517906189, "stages": 7, "sampled": true}
{"cell_id": 96, "setting_id": "smc_k64_s0.15", "seconds": 0.10469913110136986, "stages": 64, "sampled": true}
{"cell_id": 168, "setting_id": "adaptive_prior_s0.15", "seconds": 0.10374258831143379, "stages": 11, "sampled": true}
{"cell_id": 125, "setting_id": "smc_k128_s0.15", "seconds": 0.2070320025086403, "stages": 128, "sampled": true}
{"cell_id": 387, "setting_id": "smc_k128_s0.65", "seconds": 0.21720615029335022, "stages": 128, "sampled": true}
{"cell_id": 371, "setting_id": "bridge_mixture2_cov4_s1", "seconds": 0.09669478237628937, "stages": 6, "sampled": true}
{"cell_id": 384, "setting_id": "smc_k64_s0.65", "seconds": 0.1122516430914402, "stages": 64, "sampled": true}
{"cell_id": 193, "setting_id": "bridge_mixture4_cov4_s1", "seconds": 0.033549971878528595, "stages": 3, "sampled": true}
{"cell_id": 376, "setting_id": "adaptive_prior_s0.15", "seconds": 0.08465375751256943, "stages": 8, "sampled": true}
{"cell_id": 135, "setting_id": "bridge_mixture2_cov1_s1", "seconds": 0.06162836775183678, "stages": 6, "sampled": true}
{"cell_id": 339, "setting_id": "bridge_gaussian1_cov1_s1", "seconds": 0.05810154601931572, "stages": 5, "sampled": true}
{"cell_id": 51, "setting_id": "tail_anchored", "seconds": 3.0403925627470016, "stages": 2048, "sampled": true}
{"cell_id": 140, "setting_id": "bridge_mixture4_cov4_s0.5", "seconds": 0.04642757400870323, "stages": 4, "sampled": true}
{"cell_id": 2, "setting_id": "bridge_gaussian1_cov4_s0.5", "seconds": 0.025664199143648148, "stages": 2, "sampled": true}
{"cell_id": 148, "setting_id": "smc_k64_s0.15", "seconds": 0.10684729740023613, "stages": 64, "sampled": true}
{"cell_id": 160, "setting_id": "bridge_mixture2_cov1_s0.5", "seconds": 0.015325836837291718, "stages": 1, "sampled": true}
{"cell_id": 110, "setting_id": "bridge_mixture2_cov4_s0.5", "seconds": 0.026135891675949097, "stages": 2, "sampled": true}
{"cell_id": 347, "setting_id": "bridge_mixture4_cov1_s1", "seconds": 0.08610125258564949, "stages": 7, "sampled": true}
{"cell_id": 43, "setting_id": "smc_k32_s0.65", "seconds": 0.054259173572063446, "stages": 32, "sampled": true}
{"cell_id": 260, "setting_id": "bridge_gaussian1_cov1_s0.5", "seconds": 0.06456824019551277, "stages": 5, "sampled": true}
{"cell_id": 58, "setting_id": "bridge_mixture2_cov4_s0.5", "seconds": 0.0261031873524189, "stages": 2, "sampled": true}
{"cell_id": 283, "setting_id": "smc_k128_s0.65", "seconds": 0.2133437916636467, "stages": 128, "sampled": true}
{"cell_id": 126, "setting_id": "smc_k128_s0.35", "seconds": 0.2116224355995655, "stages": 128, "sampled": true}
{"cell_id": 265, "setting_id": "bridge_mixture2_cov1_s1", "seconds": 0.06578440964221954, "stages": 5, "sampled": true}
{"cell_id": 301, "setting_id": "smc_k32_s0.15", "seconds": 0.05417204648256302, "stages": 32, "sampled": true}
{"cell_id": 400, "setting_id": "bridge_mixture4_cov4_s0.5", "seconds": 0.0682985708117485, "stages": 5, "sampled": true}
{"cell_id": 42, "setting_id": "smc_k32_s0.35", "seconds": 0.05393167957663536, "stages": 32, "sampled": true}
{"cell_id": 118, "setting_id": "adaptive_prior_s0.65", "seconds": 0.06311742961406708, "stages": 6, "sampled": true}
{"cell_id": 318, "setting_id": "bridge_mixture2_cov4_s0.5", "seconds": 0.08635241538286209, "stages": 7, "sampled": true}
{"cell_id": 284, "setting_id": "full", "seconds": 1.940221592783928, "stages": 2048, "sampled": true}
{"cell_id": 94, "setting_id": "smc_k32_s0.35", "seconds": 0.05405595153570175, "stages": 32, "sampled": true}
{"cell_id": 78, "setting_id": "bridge_gaussian1_cov1_s0.5", "seconds": 0.06647920981049538, "stages": 6, "sampled": true}
{"cell_id": 302, "setting_id": "smc_k32_s0.35", "seconds": 0.054360345005989075, "stages": 32, "sampled": true}
{"cell_id": 314, "setting_id": "bridge_gaussian1_cov4_s0.5", "seconds": 0.07442621514201164, "stages": 6, "sampled": true}
{"cell_id": 219, "setting_id": "bridge_mixture4_cov4_s1", "seconds": 0.06796449422836304, "stages": 5, "sampled": true}
{"cell_id": 139, "setting_id": "bridge_mixture4_cov1_s1", "seconds": 0.06618759036064148, "stages": 6, "sampled": true}
{"cell_id": 303, "setting_id": "smc_k32_s0.65", "seconds": 0.05410055071115494, "stages": 32, "sampled": true}
{"cell_id": 309, "setting_id": "smc_k128_s0.65", "seconds": 0.2129218690097332, "stages": 128, "sampled": true}
{"cell_id": 181, "setting_id": "tail_anchored", "seconds": 3.073812372982502, "stages": 2048, "sampled": true}
{"cell_id": 188, "setting_id": "bridge_mixture2_cov4_s0.5", "seconds": 0.035612255334854126, "stages": 3, "sampled": true}
{"cell_id": 385, "setting_id": "smc_k128_s0.15", "seconds": 0.21267955377697945, "stages": 128, "sampled": true}
{"cell_id": 326, "setting_id": "adaptive_prior_s0.65", "seconds": 0.09915904328227043, "stages": 9, "sampled": true}
{"cell_id": 67, "setting_id": "smc_k32_s0.15", "seconds": 0.054114680737257004, "stages": 32, "sampled": true}
{"cell_id": 404, "setting_id": "adaptive_prior_s0.65", "seconds": 0.09912050887942314, "stages": 9, "sampled": true}
{"cell_id": 276, "setting_id": "smc_k32_s0.35", "seconds": 0.05431532487273216, "stages": 32, "sampled": true}
{"cell_id": 79, "setting_id": "bridge_gaussian1_cov1_s1", "seconds": 0.055507395416498184, "stages": 5, "sampled": true}
{"cell_id": 322, "setting_id": "bridge_mixture4_cov4_s0.5", "seconds": 0.08992685005068779, "stages": 7, "sampled": true}
{"cell_id": 194, "setting_id": "adaptive_prior_s0.15", "seconds": 0.08091896399855614, "stages": 8, "sampled": true}
{"cell_id": 31, "setting_id": "bridge_mixture2_cov1_s1", "seconds": 0.056001100689172745, "stages": 5, "sampled": true}
{"cell_id": 395, "setting_id": "bridge_mixture2_cov1_s1", "seconds": 0.0445929653942585, "stages": 3, "sampled": true}
{"cell_id": 75, "setting_id": "smc_k128_s0.65", "seconds": 0.2150617130100727, "stages": 128, "sampled": true}
{"cell_id": 368, "setting_id": "bridge_mixture2_cov1_s0.5", "seconds": 0.07586449757218361, "stages": 6, "sampled": true}
{"cell_id": 332, "setting_id": "smc_k64_s0.65", "seconds": 0.10849298909306526, "stages": 64, "sampled": true}
{"cell_id": 392, "setting_id": "bridge_gaussian1_cov4_s0.5", "seconds": 0.07489216327667236, "stages": 6, "sampled": true}
{"cell_id": 412, "setting_id": "smc_k128_s0.35", "seconds": 0.21279916539788246, "stages": 128, "sampled": true}
{"cell_id": 390, "setting_id": "bridge_gaussian1_cov1_s0.5", "seconds": 0.054192740470170975, "stages": 4, "sampled": true}
{"cell_id": 272, "setting_id": "adaptive_prior_s0.15", "seconds": 0.04924729838967323, "stages": 4, "sampled": true}
{"cell_id": 401, "setting_id": "bridge_mixture4_cov4_s1", "seconds": 0.06855817884206772, "stages": 5, "sampled": true}
{"cell_id": 217, "setting_id": "bridge_mixture4_cov1_s1", "seconds": 0.03607078269124031, "stages": 2, "sampled": true}
{"cell_id": 285, "setting_id": "tail_anchored", "seconds": 3.6480246260762215, "stages": 2048, "sampled": true}
{"cell_id": 93, "setting_id": "smc_k32_s0.15", "seconds": 0.09410013258457184, "stages": 32, "sampled": true}
{"cell_id": 328, "setting_id": "smc_k32_s0.35", "seconds": 0.0825759507715702, "stages": 32, "sampled": true}
{"cell_id": 269, "setting_id": "bridge_mixture4_cov1_s1", "seconds": 0.08171170949935913, "stages": 4, "sampled": true}
{"cell_id": 25, "setting_id": "tail_anchored", "seconds": 3.79631245136261, "stages": 2048, "sampled": true}
{"cell_id": 11, "setting_id": "bridge_mixture4_cov4_s1", "seconds": 0.04592111334204674, "stages": 2, "sampled": true}
{"cell_id": 83, "setting_id": "bridge_mixture2_cov1_s1", "seconds": 0.05062820017337799, "stages": 3, "sampled": true}
{"cell_id": 294, "setting_id": "bridge_mixture4_cov1_s0.5", "seconds": 0.06844322010874748, "stages": 4, "sampled": true}
{"cell_id": 238, "setting_id": "bridge_mixture2_cov1_s0.5", "seconds": 0.10192159190773964, "stages": 4, "sampled": true}
{"cell_id": 7, "setting_id": "bridge_mixture2_cov4_s1", "seconds": 0.042510420083999634, "stages": 2, "sampled": true}
{"cell_id": 380, "setting_id": "smc_k32_s0.35", "seconds": 0.09286374226212502, "stages": 32, "sampled": true}
{"cell_id": 200, "setting_id": "smc_k64_s0.15", "seconds": 0.14511913806200027, "stages": 64, "sampled": true}
{"cell_id": 100, "setting_id": "smc_k128_s0.35", "seconds": 0.28796835988759995, "stages": 128, "sampled": true}
{"cell_id": 164, "setting_id": "bridge_mixture4_cov1_s0.5", "seconds": 0.029553335160017014, "stages": 1, "sampled": true}
{"cell_id": 173, "setting_id": "smc_k32_s0.65", "seconds": 0.07110784947872162, "stages": 32, "sampled": true}
{"cell_id": 189, "setting_id": "bridge_mixture2_cov4_s1", "seconds": 0.049998268485069275, "stages": 3, "sampled": true}
{"cell_id": 336, "setting_id": "full", "seconds": 2.3508266992866993, "stages": 2048, "sampled": true}
{"cell_id": 292, "setting_id": "bridge_mixture2_cov4_s0.5", "seconds": 0.08554776757955551, "stages": 5, "sampled": true}
{"cell_id": 214, "setting_id": "bridge_mixture2_cov4_s0.5", "seconds": 0.09825849905610085, "stages": 5, "sampled": true}
{"cell_id": 63, "setting_id": "bridge_mixture4_cov4_s1", "seconds": 0.035359032452106476, "stages": 2, "sampled": true}
{"cell_id": 81, "setting_id": "bridge_gaussian1_cov4_s1", "seconds": 0.10587427392601967, "stages": 6, "sampled": true}
{"cell_id": 226, "setting_id": "smc_k64_s0.15", "seconds": 0.15133336186408997, "stages": 64, "sampled": true}
{"cell_id": 130, "setting_id": "bridge_gaussian1_cov1_s0.5", "seconds": 0.1275331787765026, "stages": 6, "sampled": true}
{"cell_id": 334, "setting_id": "smc_k128_s0.35", "seconds": 0.25565823540091515, "stages": 128, "sampled": true}
{"cell_id": 257, "setting_id": "smc_k128_s0.65", "seconds": 0.3186090439558029, "stages": 128, "sampled": true}
{"cell_id": 203, "setting_id": "smc_k128_s0.15", "seconds": 0.23217780143022537, "stages": 128, "sampled": true}
{"cell_id": 17, "setting_id": "smc_k32_s0.65", "seconds": 0.0889805480837822, "stages": 32, "sampled": true}
{"cell_id": 397, "setting_id": "bridge_mixture2_cov4_s1", "seconds": 0.09954186528921127, "stages": 5, "sampled": true}
{"cell_id": 281, "setting_id": "smc_k128_s0.15", "seconds": 0.3064058721065521, "stages": 128, "sampled": true}
{"cell_id": 113, "setting_id": "bridge_mixture4_cov1_s1", "seconds": 0.0432443730533123, "stages": 2, "sampled": true}
{"cell_id": 155, "setting_id": "tail_anchored", "seconds": 3.571514628827572, "stages": 2048, "sampled": true}
{"cell_id": 54, "setting_id": "bridge_gaussian1_cov4_s0.5", "seconds": 0.0824257843196392, "stages": 5, "sampled": true}
{"cell_id": 167, "setting_id": "bridge_mixture4_cov4_s1", "seconds": 0.05713435262441635, "stages": 3, "sampled": true}
{"cell_id": 211, "setting_id": "bridge_gaussian1_cov4_s1", "seconds": 0.08106562867760658, "stages": 5, "sampled": true}
{"cell_id": 74, "setting_id": "smc_k128_s0.35", "seconds": 0.2519175596535206, "stages": 128, "sampled": true}
{"cell_id": 82, "setting_id": "bridge_mixture2_cov1_s0.5", "seconds": 0.07413263991475105, "stages": 3, "sampled": true}
{"cell_id": 127, "setting_id": "smc_k128_s0.65", "seconds": 0.23016425222158432, "stages": 128, "sampled": true}
{"cell_id": 170, "setting_id": "adaptive_prior_s0.65", "seconds": 0.18442688882350922, "stages": 11, "sampled": true}
{"cell_id": 121, "setting_id": "smc_k32_s0.65", "seconds": 0.05532217025756836, "stages": 32, "sampled": true}
{"cell_id": 98, "setting_id": "smc_k64_s0.65", "seconds": 0.1278659887611866, "stages": 64, "sampled": true}
{"cell_id": 383, "setting_id": "smc_k64_s0.35", "seconds": 0.16212688386440277, "stages": 64, "sampled": true}
{"cell_id": 136, "setting_id": "bridge_mixture2_cov4_s0.5", "seconds": 0.07954732328653336, "stages": 4, "sampled": true}
{"cell_id": 289, "setting_id": "bridge_gaussian1_cov4_s1", "seconds": 0.08637010678648949, "stages": 5, "sampled": true}
{"cell_id": 106, "setting_id": "bridge_gaussian1_cov4_s0.5", "seconds": 0.0434594452381134, "stages": 3, "sampled": true}
{"cell_id": 239, "setting_id": "bridge_mixture2_cov1_s1", "seconds": 0.09302511811256409, "stages": 4, "sampled": true}
{"cell_id": 228, "setting_id": "smc_k64_s0.65", "seconds": 0.11881033703684807, "stages": 64, "sampled": true}
{"cell_id": 103, "setting_id": "tail_anchored", "seconds": 3.559067662805319, "stages": 2048, "sampled": true}
{"cell_id": 201, "setting_id": "smc_k64_s0.35", "seconds": 0.13749543204903603, "stages": 64, "sampled": true}
{"cell_id": 91, "setting_id": "adaptive_prior_s0.35", "seconds": 0.045559681951999664, "stages": 4, "sampled": true}
{"cell_id": 282, "setting_id": "smc_k128_s0.35", "seconds": 0.2766348645091057, "stages": 128, "sampled": true}
{"cell_id": 174, "setting_id": "smc_k64_s0.15", "seconds": 0.12755921855568886, "stages": 64, "sampled": true}
{"cell_id": 358, "setting_id": "smc_k64_s0.65", "seconds": 0.13252896070480347, "stages": 64, "sampled": true}
{"cell_id": 335, "setting_id": "smc_k128_s0.65", "seconds": 0.28714166209101677, "stages": 128, "sampled": true}
{"cell_id": 254, "setting_id": "smc_k64_s0.65", "seconds": 0.14209061115980148, "stages": 64, "sampled": true}
{"cell_id": 323, "setting_id": "bridge_mixture4_cov4_s1", "seconds": 0.12113629654049873, "stages": 7, "sampled": true}
{"cell_id": 105, "setting_id": "bridge_gaussian1_cov1_s1", "seconds": 0.049990214407444, "stages": 2, "sampled": true}
{"cell_id": 271, "setting_id": "bridge_mixture4_cov4_s1", "seconds": 0.0871770903468132, "stages": 5, "sampled": true}
{"cell_id": 369, "setting_id": "bridge_mixture2_cov1_s1", "seconds": 0.07203730568289757, "stages": 5, "sampled": true}
{"cell_id": 373, "setting_id": "bridge_mixture4_cov1_s1", "seconds": 0.06464804708957672, "stages": 4, "sampled": true}
{"cell_id": 327, "setting_id": "smc_k32_s0.15", "seconds": 0.06561587750911713, "stages": 32, "sampled": true}
{"cell_id": 76, "setting_id": "full", "seconds": 1.5817823559045792, "stages": 2048, "sampled": true}
{"cell_id": 14, "setting_id": "adaptive_prior_s0.65", "seconds": 0.04398655146360397, "stages": 3, "sampled": true}
{"cell_id": 319, "setting_id": "bridge_mixture2_cov4_s1", "seconds": 0.08146407082676888, "stages": 5, "sampled": true}
{"cell_id": 182, "setting_id": "bridge_gaussian1_cov1_s0.5", "seconds": 0.01551768183708191, "stages": 1, "sampled": true}
{"cell_id": 198, "setting_id": "smc_k32_s0.35", "seconds": 0.07164942845702171, "stages": 32, "sampled": true}
{"cell_id": 231, "setting_id": "smc_k128_s0.65", "seconds": 0.292483352124691, "stages": 128, "sampled": true}
{"cell_id": 22, "setting_id": "smc_k128_s0.35", "seconds": 0.2758834697306156, "stages": 128, "sampled": true}
{"cell_id": 178, "setting_id": "smc_k128_s0.35", "seconds": 0.2725823223590851, "stages": 128, "sampled": true}
{"cell_id": 20, "setting_id": "smc_k64_s0.65", "seconds": 0.12833623215556145, "stages": 64, "sampled": true}
{"cell_id": 15, "setting_id": "smc_k32_s0.15", "seconds": 0.07646377012133598, "stages": 32, "sampled": true}
{"cell_id": 157, "setting_id": "bridge_gaussian1_cov1_s1", "seconds": 0.022405173629522324, "stages": 1, "sampled": true}
{"cell_id": 161, "setting_id": "bridge_mixture2_cov1_s1", "seconds": 0.017460159957408905, "stages": 1, "sampled": true}
{"cell_id": 233, "setting_id": "tail_anchored", "seconds": 4.106596581637859, "stages": 2048, "sampled": true}
{"cell_id": 50, "setting_id": "full", "seconds": 1.6502476744353771, "stages": 2048, "sampled": true}
{"cell_id": 40, "setting_id": "adaptive_prior_s0.65", "seconds": 0.04241161048412323, "stages": 3, "sampled": true}
{"cell_id": 33, "setting_id": "bridge_mixture2_cov4_s1", "seconds": 0.03581348434090614, "stages": 2, "sampled": true}
{"cell_id": 134, "setting_id": "bridge_mixture2_cov1_s0.5", "seconds": 0.08714994415640831, "stages": 6, "sampled": true}
{"cell_id": 95, "setting_id": "smc_k32_s0.65", "seconds": 0.07435516268014908, "stages": 32, "sampled": true}
{"cell_id": 248, "setting_id": "adaptive_prior_s0.65", "seconds": 0.0658186785876751, "stages": 4, "sampled": true}
{"cell_id": 337, "setting_id": "tail_anchored", "seconds": 4.236765615642071, "stages": 2048, "sampled": true}
{"cell_id": 64, "setting_id": "adaptive_prior_s0.15", "seconds": 0.04324527829885483, "stages": 3, "sampled": true}
{"cell_id": 209, "setting_id": "bridge_gaussian1_cov1_s1", "seconds": 0.08716355636715889, "stages": 5, "sampled": true}
{"cell_id": 137, "setting_id": "bridge_mixture2_cov4_s1", "seconds": 0.06680231168866158, "stages": 4, "sampled": true}
{"cell_id": 41, "setting_id": "smc_k32_s0.15", "seconds": 0.07448514178395271, "stages": 32, "sampled": true}
{"cell_id": 71, "setting_id": "smc_k64_s0.35", "seconds": 0.13498200848698616, "stages": 64, "sampled": true}
{"cell_id": 197, "setting_id": "smc_k32_s0.15", "seconds": 0.08485323563218117, "stages": 32, "sampled": true}
{"cell_id": 128, "setting_id": "full", "seconds": 1.7569734640419483, "stages": 2048, "sampled": true}
{"cell_id": 172, "setting_id": "smc_k32_s0.35", "seconds": 0.0665331557393074, "stages": 32, "sampled": true}
{"cell_id": 353, "setting_id": "smc_k32_s0.15", "seconds": 0.08098112791776657, "stages": 32, "sampled": true}
{"cell_id": 108, "setting_id": "bridge_mixture2_cov1_s0.5", "seconds": 0.03417336940765381, "stages": 2, "sampled": true}
{"cell_id": 300, "setting_id": "adaptive_prior_s0.65", "seconds": 0.07531579956412315, "stages": 4, "sampled": true}
{"cell_id": 165, "setting_id": "bridge_mixture4_cov1_s1", "seconds": 0.017193809151649475, "stages": 1, "sampled": true}
{"cell_id": 372, "setting_id": "bridge_mixture4_cov1_s0.5", "seconds": 0.08730967342853546, "stages": 4, "sampled": true}
{"cell_id": 389, "setting_id": "tail_anchored", "seconds": 4.330346897244453, "stages": 2048, "sampled": true}
{"cell_id": 386, "setting_id": "smc_k128_s0.35", "seconds": 0.2785557210445404, "stages": 128, "sampled": true}
{"cell_id": 391, "setting_id": "bridge_gaussian1_cov1_s1", "seconds": 0.10106063261628151, "stages": 5, "sampled": true}
{"cell_id": 245, "setting_id": "bridge_mixture4_cov4_s1", "seconds": 0.08674291521310806, "stages": 5, "sampled": true}
{"cell_id": 377, "setting_id": "adaptive_prior_s0.35", "seconds": 0.12018034979701042, "stages": 8, "sampled": true}
{"cell_id": 399, "setting_id": "bridge_mixture4_cov1_s1", "seconds": 0.07772479206323624, "stages": 3, "sampled": true}
{"cell_id": 215, "setting_id": "bridge_mixture2_cov4_s1", "seconds": 0.08337283134460449, "stages": 5, "sampled": true}
{"cell_id": 202, "setting_id": "smc_k64_s0.65", "seconds": 0.14525876194238663, "stages": 64, "sampled": true}
{"cell_id": 364, "setting_id": "bridge_gaussian1_cov1_s0.5", "seconds": 0.11470907181501389, "stages": 6, "sampled": true}
{"cell_id": 116, "setting_id": "adaptive_prior_s0.15", "seconds": 0.07521740347146988, "stages": 6, "sampled": true}
{"cell_id": 278, "setting_id": "smc_k64_s0.15", "seconds": 0.13225455582141876, "stages": 64, "sampled": true}
{"cell_id": 101, "setting_id": "smc_k128_s0.65", "seconds": 0.26178092509508133, "stages": 128, "sampled": true}
{"cell_id": 115, "setting_id": "bridge_mixture4_cov4_s1", "seconds": 0.03904915228486061, "stages": 2, "sampled": true}
{"cell_id": 317, "setting_id": "bridge_mixture2_cov1_s1", "seconds": 0.05491182208061218, "stages": 3, "sampled": true}
{"cell_id": 407, "setting_id": "smc_k32_s0.65", "seconds": 0.07594772428274155, "stages": 32, "sampled": true}
{"cell_id": 158, "setting_id": "bridge_gaussian1_cov4_s0.5", "seconds": 0.04670286923646927, "stages": 3, "sampled": true}
{"cell_id": 70, "setting_id": "smc_k64_s0.15", "seconds": 0.13316482678055763, "stages": 64, "sampled": true}
{"cell_id": 80, "setting_id": "bridge_gaussian1_cov4_s0.5", "seconds": 0.08332114294171333, "stages": 6, "sampled": true}
{"cell_id": 408, "setting_id": "smc_k64_s0.15", "seconds": 0.13744083419442177, "stages": 64, "sampled": true}
{"cell_id": 27, "setting_id": "bridge_gaussian1_cov1_s1", "seconds": 0.07671019807457924, "stages": 5, "sampled": true}
{"cell_id": 65, "setting_id": "adaptive_prior_s0.35", "seconds": 0.04273081570863724, "stages": 3, "sampled": true}
{"cell_id": 232, "setting_id": "full", "seconds": 2.248095765709877, "stages": 2048, "sampled": true}
{"cell_id": 218, "setting_id": "bridge_mixture4_cov4_s0.5", "seconds": 0.10996396467089653, "stages": 5, "sampled": true}
{"cell_id": 112, "setting_id": "bridge_mixture4_cov1_s0.5", "seconds": 0.041042447090148926, "stages": 2, "sampled": true}
{"cell_id": 185, "setting_id": "bridge_gaussian1_cov4_s1", "seconds": 0.05236513540148735, "stages": 3, "sampled": true}
{"cell_id": 304, "setting_id": "smc_k64_s0.15", "seconds": 0.1350407749414444, "stages": 64, "sampled": true}
{"cell_id": 191, "setting_id": "bridge_mixture4_cov1_s1", "seconds": 0.02689378708600998, "stages": 1, "sampled": true}
{"cell_id": 295, "setting_id": "bridge_mixture4_cov1_s1", "seconds": 0.09241552278399467, "stages": 4, "sampled": true}
{"cell_id": 414, "setting_id": "full", "seconds": 2.384942337870598, "stages": 2048, "sampled": true}
{"cell_id": 87, "setting_id": "bridge_mixture4_cov1_s1", "seconds": 0.06374913826584816, "stages": 3, "sampled": true}
{"cell_id": 16, "setting_id": "smc_k32_s0.35", "seconds": 0.0775139294564724, "stages": 32, "sampled": true}
{"cell_id": 62, "setting_id": "bridge_mixture4_cov4_s0.5", "seconds": 0.03170548006892204, "stages": 2, "sampled": true}
{"cell_id": 247, "setting_id": "adaptive_prior_s0.35", "seconds": 0.07412370294332504, "stages": 4, "sampled": true}
{"cell_id": 26, "setting_id": "bridge_gaussian1_cov1_s0.5", "seconds": 0.08191865310072899, "stages": 5, "sampled": true}
{"cell_id": 305, "setting_id": "smc_k64_s0.35", "seconds": 0.12463044375181198, "stages": 64, "sampled": true}
{"cell_id": 85, "setting_id": "bridge_mixture2_cov4_s1", "seconds": 0.04222840815782547, "stages": 2, "sampled": true}
{"cell_id": 1, "setting_id": "bridge_gaussian1_cov1_s1", "seconds": 0.06902261450886726, "stages": 3, "sampled": true}
{"cell_id": 287, "setting_id": "bridge_gaussian1_cov1_s1", "seconds": 0.10751819610595703, "stages": 4, "sampled": true}
{"cell_id": 206, "setting_id": "full", "seconds": 1.9163156598806381, "stages": 2048, "sampled": true}
{"cell_id": 97, "setting_id": "smc_k64_s0.35", "seconds": 0.13269797712564468, "stages": 64, "sampled": true}
{"cell_id": 37, "setting_id": "bridge_mixture4_cov4_s1", "seconds": 0.03835773468017578, "stages": 2, "sampled": true}
{"cell_id": 256, "setting_id": "smc_k128_s0.35", "seconds": 0.279973603785038, "stages": 128, "sampled": true}
{"cell_id": 222, "setting_id": "adaptive_prior_s0.65", "seconds": 0.07896370813250542, "stages": 4, "sampled": true}
{"cell_id": 379, "setting_id": "smc_k32_s0.15", "seconds": 0.06952935084700584, "stages": 32, "sampled": true}
{"cell_id": 180, "setting_id": "full", "seconds": 1.6868811696767807, "stages": 2048, "sampled": true}
{"cell_id": 111, "setting_id": "bridge_mixture2_cov4_s1", "seconds": 0.03673497959971428, "stages": 2, "sampled": true}
{"cell_id": 267, "setting_id": "bridge_mixture2_cov4_s1", "seconds": 0.09038631990551949, "stages": 5, "sampled": true}
{"cell_id": 145, "setting_id": "smc_k32_s0.15", "seconds": 0.07229049876332283, "stages": 32, "sampled": true}
{"cell_id": 3, "setting_id": "bridge_gaussian1_cov4_s1", "seconds": 0.042473942041397095, "stages": 2, "sampled": true}
{"cell_id": 30, "setting_id": "bridge_mixture2_cov1_s0.5", "seconds": 0.06492388993501663, "stages": 4, "sampled": true}
{"cell_id": 393, "setting_id": "bridge_gaussian1_cov4_s1", "seconds": 0.1319679357111454, "stages": 7, "sampled": true}
{"cell_id": 55, "setting_id": "bridge_gaussian1_cov4_s1", "seconds": 0.0904090628027916, "stages": 5, "sampled": true}
{"cell_id": 48, "setting_id": "smc_k128_s0.35", "seconds": 0.2851925492286682, "stages": 128, "sampled": true}
{"cell_id": 183, "setting_id": "bridge_gaussian1_cov1_s1", "seconds": 0.017378639429807663, "stages": 1, "sampled": true}
{"cell_id": 177, "setting_id": "smc_k128_s0.15", "seconds": 0.28070638701319695, "stages": 128, "sampled": true}
{"cell_id": 13, "setting_id": "adaptive_prior_s0.35", "seconds": 0.038065217435359955, "stages": 3, "sampled": true}
{"cell_id": 312, "setting_id": "bridge_gaussian1_cov1_s0.5", "seconds": 0.08140742033720016, "stages": 3, "sampled": true}
{"cell_id": 223, "setting_id": "smc_k32_s0.15", "seconds": 0.07401557639241219, "stages": 32, "sampled": true}
{"cell_id": 280, "setting_id": "smc_k64_s0.65", "seconds": 0.12740349397063255, "stages": 64, "sampled": true}
{"cell_id": 29, "setting_id": "bridge_gaussian1_cov4_s1", "seconds": 0.04637526720762253, "stages": 2, "sampled": true}
{"cell_id": 186, "setting_id": "bridge_mixture2_cov1_s0.5", "seconds": 0.018718689680099487, "stages": 1, "sampled": true}
{"cell_id": 133, "setting_id": "bridge_gaussian1_cov4_s1", "seconds": 0.08853153884410858, "stages": 4, "sampled": true}
{"cell_id": 6, "setting_id": "bridge_mixture2_cov4_s0.5", "seconds": 0.04128342121839523, "stages": 2, "sampled": true}
{"cell_id": 159, "setting_id": "bridge_gaussian1_cov4_s1", "seconds": 0.051770567893981934, "stages": 3, "sampled": true}
{"cell_id": 184, "setting_id": "bridge_gaussian1_cov4_s0.5", "seconds": 0.06874196231365204, "stages": 3, "sampled": true}
{"cell_id": 363, "setting_id": "tail_anchored", "seconds": 3.990854162722826, "stages": 2048, "sampled": true}
{"cell_id": 370, "setting_id": "bridge_mixture2_cov4_s0.5", "seconds": 0.12349555268883705, "stages": 6, "sampled": true}
{"cell_id": 320, "setting_id": "bridge_mixture4_cov1_s0.5", "seconds": 0.07437551394104958, "stages": 3, "sampled": true}
{"cell_id": 179, "setting_id": "smc_k128_s0.65", "seconds": 0.25989140942692757, "stages": 128, "sampled": true}
{"cell_id": 77, "setting_id": "tail_anchored", "seconds": 3.480370007455349, "stages": 2048, "sampled": true}
{"cell_id": 69, "setting_id": "smc_k32_s0.65", "seconds": 0.06653417274355888, "stages": 32, "sampled": true}
{"cell_id": 307, "setting_id": "smc_k128_s0.15", "seconds": 0.24555185064673424, "stages": 128, "sampled": true}
{"cell_id": 403, "setting_id": "adaptive_prior_s0.35", "seconds": 0.12448235973715782, "stages": 9, "sampled": true}
{"cell_id": 262, "setting_id": "bridge_gaussian1_cov4_s0.5", "seconds": 0.08119923993945122, "stages": 5, "sampled": true}
{"cell_id": 259, "setting_id": "tail_anchored", "seconds": 4.121071215718985, "stages": 2048, "sampled": true}
{"cell_id": 124, "setting_id": "smc_k64_s0.65", "seconds": 0.13214191049337387, "stages": 64, "sampled": true}
{"cell_id": 39, "setting_id": "adaptive_prior_s0.35", "seconds": 0.0633176900446415, "stages": 3, "sampled": true}
{"cell_id": 4, "setting_id": "bridge_mixture2_cov1_s0.5", "seconds": 0.05155361816287041, "stages": 3, "sampled": true}
{"cell_id": 415, "setting_id": "tail_anchored", "seconds": 4.121391985565424, "stages": 2048, "sampled": true}
{"cell_id": 192, "setting_id": "bridge_mixture4_cov4_s0.5", "seconds": 0.054853517562150955, "stages": 3, "sampled": true}
{"cell_id": 154, "setting_id": "full", "seconds": 1.752799790352583, "stages": 2048, "sampled": true}
{"cell_id": 59, "setting_id": "bridge_mixture2_cov4_s1", "seconds": 0.03729872405529022, "stages": 2, "sampled": true}
{"cell_id": 293, "setting_id": "bridge_mixture2_cov4_s1", "seconds": 0.13190731778740883, "stages": 5, "sampled": true}
{"cell_id": 274, "setting_id": "adaptive_prior_s0.65", "seconds": 0.08181953430175781, "stages": 4, "sampled": true}
{"cell_id": 279, "setting_id": "smc_k64_s0.35", "seconds": 0.1549212783575058, "stages": 64, "sampled": true}
{"cell_id": 227, "setting_id": "smc_k64_s0.35", "seconds": 0.15016531199216843, "stages": 64, "sampled": true}
{"cell_id": 330, "setting_id": "smc_k64_s0.15", "seconds": 0.12871302664279938, "stages": 64, "sampled": true}
{"cell_id": 242, "setting_id": "bridge_mixture4_cov1_s0.5", "seconds": 0.051236528903245926, "stages": 3, "sampled": true}
{"cell_id": 57, "setting_id": "bridge_mixture2_cov1_s1", "seconds": 0.0440056212246418, "stages": 2, "sampled": true}
{"cell_id": 398, "setting_id": "bridge_mixture4_cov1_s0.5", "seconds": 0.05604765936732292, "stages": 3, "sampled": true}
{"cell_id": 288, "setting_id": "bridge_gaussian1_cov4_s0.5", "seconds": 0.10023258998990059, "stages": 5, "sampled": true}
{"cell_id": 114, "setting_id": "bridge_mixture4_cov4_s0.5", "seconds": 0.03826295956969261, "stages": 2, "sampled": true}
{"cell_id": 149, "setting_id": "smc_k64_s0.35", "seconds": 0.1374516300857067, "stages": 64, "sampled": true}
{"cell_id": 166, "setting_id": "bridge_mixture4_cov4_s0.5", "seconds": 0.07378492131829262, "stages": 3, "sampled": true}
{"cell_id": 378, "setting_id": "adaptive_prior_s0.65", "seconds": 0.11735881492495537, "stages": 8, "sampled": true}
{"cell_id": 315, "setting_id": "bridge_gaussian1_cov4_s1", "seconds": 0.11284083873033524, "stages": 6, "sampled": true}
{"cell_id": 230, "setting_id": "smc_k128_s0.35", "seconds": 0.25147758424282074, "stages": 128, "sampled": true}
{"cell_id": 410, "setting_id": "smc_k64_s0.65", "seconds": 0.14094203338027, "stages": 64, "sampled": true}
{"cell_id": 350, "setting_id": "adaptive_prior_s0.15", "seconds": 0.15080471709370613, "stages": 11, "sampled": true}
{"cell_id": 12, "setting_id": "adaptive_prior_s0.15", "seconds": 0.057257030159235, "stages": 3, "sampled": true}
{"cell_id": 388, "setting_id": "full", "seconds": 2.251732312142849, "stages": 2048, "sampled": true}
{"cell_id": 8, "setting_id": "bridge_mixture4_cov1_s0.5", "seconds": 0.05305759981274605, "stages": 3, "sampled": true}
{"cell_id": 175, "setting_id": "smc_k64_s0.35", "seconds": 0.12896380200982094, "stages": 64, "sampled": true}
{"cell_id": 72, "setting_id": "smc_k64_s0.65", "seconds": 0.12939410284161568, "stages": 64, "sampled": true}
{"cell_id": 146, "setting_id": "smc_k32_s0.35", "seconds": 0.09202459454536438, "stages": 32, "sampled": true}
{"cell_id": 354, "setting_id": "smc_k32_s0.35", "seconds": 0.09388512372970581, "stages": 32, "sampled": true}
{"cell_id": 406, "setting_id": "smc_k32_s0.35", "seconds": 0.0640210509300232, "stages": 32, "sampled": true}
{"cell_id": 352, "setting_id": "adaptive_prior_s0.65", "seconds": 0.14145493879914284, "stages": 11, "sampled": true}
{"cell_id": 10, "setting_id": "bridge_mixture4_cov4_s0.5", "seconds": 0.04235916584730148, "stages": 2, "sampled": true}
{"cell_id": 324, "setting_id": "adaptive_prior_s0.15", "seconds": 0.15996337309479713, "stages": 9, "sampled": true}
{"cell_id": 243, "setting_id": "bridge_mixture4_cov1_s1", "seconds": 0.07759878039360046, "stages": 3, "sampled": true}
{"cell_id": 409, "setting_id": "smc_k64_s0.35", "seconds": 0.10922462493181229, "stages": 64, "sampled": true}
{"cell_id": 88, "setting_id": "bridge_mixture4_cov4_s0.5", "seconds": 0.02714969962835312, "stages": 2, "sampled": true}
{"cell_id": 342, "setting_id": "bridge_mixture2_cov1_s0.5", "seconds": 0.10255623608827591, "stages": 6, "sampled": true}
{"cell_id": 367, "setting_id": "bridge_gaussian1_cov4_s1", "seconds": 0.11518864706158638, "stages": 6, "sampled": true}
{"cell_id": 266, "setting_id": "bridge_mixture2_cov4_s0.5", "seconds": 0.10872739553451538, "stages": 5, "sampled": true}
{"cell_id": 224, "setting_id": "smc_k32_s0.35", "seconds": 0.07598680257797241, "stages": 32, "sampled": true}
{"cell_id": 153, "setting_id": "smc_k128_s0.65", "seconds": 0.2346889153122902, "stages": 128, "sampled": true}
{"cell_id": 132, "setting_id": "bridge_gaussian1_cov4_s0.5", "seconds": 0.08011098951101303, "stages": 4, "sampled": true}
{"cell_id": 235, "setting_id": "bridge_gaussian1_cov1_s1", "seconds": 0.09214309602975845, "stages": 5, "sampled": true}
{"cell_id": 212, "setting_id": "bridge_mixture2_cov1_s0.5", "seconds": 0.07845599949359894, "stages": 4, "sampled": true}
{"cell_id": 9, "setting_id": "bridge_mixture4_cov1_s1", "seconds": 0.05150759592652321, "stages": 3, "sampled": true}
{"cell_id": 225, "setting_id": "smc_k32_s0.65", "seconds": 0.06080542877316475, "stages": 32, "sampled": true}
{"cell_id": 49, "setting_id": "smc_k128_s0.65", "seconds": 0.29096660390496254, "stages": 128, "sampled": true}
{"cell_id": 362, "setting_id": "full", "seconds": 2.150404416024685, "stages": 2048, "sampled": true}
{"cell_id": 255, "setting_id": "smc_k128_s0.15", "seconds": 0.2664996571838856, "stages": 128, "sampled": true}
{"cell_id": 150, "setting_id": "smc_k64_s0.65", "seconds": 0.1647036299109459, "stages": 64, "sampled": true}
{"cell_id": 44, "setting_id": "smc_k64_s0.15", "seconds": 0.14706267043948174, "stages": 64, "sampled": true}
{"cell_id": 351, "setting_id": "adaptive_prior_s0.35", "seconds": 0.15512965619564056, "stages": 11, "sampled": true}
{"cell_id": 38, "setting_id": "adaptive_prior_s0.15", "seconds": 0.04913705587387085, "stages": 3, "sampled": true}
{"cell_id": 356, "setting_id": "smc_k64_s0.15", "seconds": 0.12832950055599213, "stages": 64, "sampled": true}
{"cell_id": 187, "setting_id": "bridge_mixture2_cov1_s1", "seconds": 0.020919878035783768, "stages": 1, "sampled": true}
{"cell_id": 365, "setting_id": "bridge_gaussian1_cov1_s1", "seconds": 0.08209190145134926, "stages": 5, "sampled": true}
{"cell_id": 251, "setting_id": "smc_k32_s0.65", "seconds": 0.07192521169781685, "stages": 32, "sampled": true}
{"cell_id": 61, "setting_id": "bridge_mixture4_cov1_s1", "seconds": 0.048243384808301926, "stages": 2, "sampled": true}
{"cell_id": 169, "setting_id": "adaptive_prior_s0.35", "seconds": 0.14185448735952377, "stages": 11, "sampled": true}
{"cell_id": 253, "setting_id": "smc_k64_s0.35", "seconds": 0.1346997246146202, "stages": 64, "sampled": true}
{"cell_id": 21, "setting_id": "smc_k128_s0.15", "seconds": 0.26976849138736725, "stages": 128, "sampled": true}
{"cell_id": 220, "setting_id": "adaptive_prior_s0.15", "seconds": 0.08919420465826988, "stages": 4, "sampled": true}
{"cell_id": 171, "setting_id": "smc_k32_s0.15", "seconds": 0.07602458074688911, "stages": 32, "sampled": true}
{"cell_id": 120, "setting_id": "smc_k32_s0.35", "seconds": 0.06412480771541595, "stages": 32, "sampled": true}
{"cell_id": 210, "setting_id": "bridge_gaussian1_cov4_s0.5", "seconds": 0.09207256883382797, "stages": 5, "sampled": true}
{"cell_id": 311, "setting_id": "tail_anchored", "seconds": 3.941978793591261, "stages": 2048, "sampled": true}
{"cell_id": 258, "setting_id": "full", "seconds": 2.1788528747856617, "stages": 2048, "sampled": true}
{"cell_id": 109, "setting_id": "bridge_mixture2_cov1_s1", "seconds": 0.04772385209798813, "stages": 2, "sampled": true}
{"cell_id": 261, "setting_id": "bridge_gaussian1_cov1_s1", "seconds": 0.07549401000142097, "stages": 5, "sampled": true}
{"cell_id": 5, "setting_id": "bridge_mixture2_cov1_s1", "seconds": 0.05771033838391304, "stages": 3, "sampled": true}
{"cell_id": 381, "setting_id": "smc_k32_s0.65", "seconds": 0.073504988104105, "stages": 32, "sampled": true}
{"cell_id": 338, "setting_id": "bridge_gaussian1_cov1_s0.5", "seconds": 0.09546669200062752, "stages": 6, "sampled": true}
{"cell_id": 60, "setting_id": "bridge_mixture4_cov1_s0.5", "seconds": 0.03775995224714279, "stages": 2, "sampled": true}
{"cell_id": 195, "setting_id": "adaptive_prior_s0.35", "seconds": 0.12294970825314522, "stages": 8, "sampled": true}
{"cell_id": 123, "setting_id": "smc_k64_s0.35", "seconds": 0.1526818983256817, "stages": 64, "sampled": true}
{"cell_id": 360, "setting_id": "smc_k128_s0.35", "seconds": 0.2839103154838085, "stages": 128, "sampled": true}
{"cell_id": 298, "setting_id": "adaptive_prior_s0.15", "seconds": 0.06384186446666718, "stages": 4, "sampled": true}
{"cell_id": 104, "setting_id": "bridge_gaussian1_cov1_s0.5", "seconds": 0.04759908840060234, "stages": 2, "sampled": true}
{"cell_id": 343, "setting_id": "bridge_mixture2_cov1_s1", "seconds": 0.0981389470398426, "stages": 6, "sampled": true}
{"cell_id": 355, "setting_id": "smc_k32_s0.65", "seconds": 0.06446407735347748, "stages": 32, "sampled": true}
{"cell_id": 56, "setting_id": "bridge_mixture2_cov1_s0.5", "seconds": 0.044107869267463684, "stages": 2, "sampled": true}
{"cell_id": 405, "setting_id": "smc_k32_s0.15", "seconds": 0.0747307687997818, "stages": 32, "sampled": true}
{"cell_id": 268, "setting_id": "bridge_mixture4_cov1_s0.5", "seconds": 0.08528358116745949, "stages": 4, "sampled": true}
{"cell_id": 240, "setting_id": "bridge_mixture2_cov4_s0.5", "seconds": 0.07847538217902184, "stages": 5, "sampled": true}
{"cell_id": 263, "setting_id": "bridge_gaussian1_cov4_s1", "seconds": 0.07511362060904503, "stages": 5, "sampled": true}
{"cell_id": 234, "setting_id": "bridge_gaussian1_cov1_s0.5", "seconds": 0.09104610979557037, "stages": 5, "sampled": true}
{"cell_id": 117, "setting_id": "adaptive_prior_s0.35", "seconds": 0.11138852685689926, "stages": 6, "sampled": true}
{"cell_id": 163, "setting_id": "bridge_mixture2_cov4_s1", "seconds": 0.062121447175741196, "stages": 3, "sampled": true}
{"cell_id": 84, "setting_id": "bridge_mixture2_cov4_s0.5", "seconds": 0.030107848346233368, "stages": 2, "sampled": true}
{"cell_id": 142, "setting_id": "adaptive_prior_s0.15", "seconds": 0.06935564428567886, "stages": 5, "sampled": true}
{"cell_id": 216, "setting_id": "bridge_mixture4_cov1_s0.5", "seconds": 0.04754318296909332, "stages": 2, "sampled": true}
{"cell_id": 316, "setting_id": "bridge_mixture2_cov1_s0.5", "seconds": 0.05147477984428406, "stages": 3, "sampled": true}
{"cell_id": 144, "setting_id": "adaptive_prior_s0.65", "seconds": 0.08606215193867683, "stages": 5, "sampled": true}
{"cell_id": 357, "setting_id": "smc_k64_s0.35", "seconds": 0.16905416175723076, "stages": 64, "sampled": true}
{"cell_id": 329, "setting_id": "smc_k32_s0.65", "seconds": 0.060535404831171036, "stages": 32, "sampled": true}
{"cell_id": 411, "setting_id": "smc_k128_s0.15", "seconds": 0.2625375762581825, "stages": 128, "sampled": true}
{"cell_id": 313, "setting_id": "bridge_gaussian1_cov1_s1", "seconds": 0.05692729353904724, "stages": 3, "sampled": true}
{"cell_id": 246, "setting_id": "adaptive_prior_s0.15", "seconds": 0.06444955244660378, "stages": 4, "sampled": true}
{"cell_id": 366, "setting_id": "bridge_gaussian1_cov4_s0.5", "seconds": 0.10825802013278008, "stages": 6, "sampled": true}
{"cell_id": 241, "setting_id": "bridge_mixture2_cov4_s1", "seconds": 0.09581419080495834, "stages": 5, "sampled": true}
{"cell_id": 297, "setting_id": "bridge_mixture4_cov4_s1", "seconds": 0.09956613183021545, "stages": 5, "sampled": true}
{"cell_id": 151, "setting_id": "smc_k128_s0.15", "seconds": 0.2670438922941685, "stages": 128, "sampled": true}
{"cell_id": 299, "setting_id": "adaptive_prior_s0.35", "seconds": 0.08620786666870117, "stages": 4, "sampled": true}
{"cell_id": 162, "setting_id": "bridge_mixture2_cov4_s0.5", "seconds": 0.043825723230838776, "stages": 3, "sampled": true}
{"cell_id": 413, "setting_id": "smc_k128_s0.65", "seconds": 0.31634337455034256, "stages": 128, "sampled": true}
{"cell_id": 143, "setting_id": "adaptive_prior_s0.35", "seconds": 0.08697330206632614, "stages": 5, "sampled": true}
{"cell_id": 92, "setting_id": "adaptive_prior_s0.65", "seconds": 0.07136085256934166, "stages": 4, "sampled": true}
{"cell_id": 47, "setting_id": "smc_k128_s0.15", "seconds": 0.24739021807909012, "stages": 128, "sampled": true}
{"cell_id": 119, "setting_id": "smc_k32_s0.15", "seconds": 0.10456991568207741, "stages": 32, "sampled": true}
{"cell_id": 277, "setting_id": "smc_k32_s0.65", "seconds": 0.08420762419700623, "stages": 32, "sampled": true}
{"cell_id": 122, "setting_id": "smc_k64_s0.15", "seconds": 0.16775652021169662, "stages": 64, "sampled": true}
{"cell_id": 296, "setting_id": "bridge_mixture4_cov4_s0.5", "seconds": 0.09018531814217567, "stages": 5, "sampled": true}
{"cell_id": 45, "setting_id": "smc_k64_s0.35", "seconds": 0.13830191269516945, "stages": 64, "sampled": true}
{"cell_id": 190, "setting_id": "bridge_mixture4_cov1_s0.5", "seconds": 0.024592723697423935, "stages": 1, "sampled": true}
{"cell_id": 0, "setting_id": "bridge_gaussian1_cov1_s0.5", "seconds": 0.05220691114664078, "stages": 3, "sampled": true}
{"cell_id": 229, "setting_id": "smc_k128_s0.15", "seconds": 0.2577114701271057, "stages": 128, "sampled": true}
{"cell_id": 382, "setting_id": "smc_k64_s0.15", "seconds": 0.18319621309638023, "stages": 64, "sampled": true}
{"cell_id": 90, "setting_id": "adaptive_prior_s0.15", "seconds": 0.06186787039041519, "stages": 4, "sampled": true}
{"cell_id": 321, "setting_id": "bridge_mixture4_cov1_s1", "seconds": 0.06123955547809601, "stages": 3, "sampled": true}
{"cell_id": 396, "setting_id": "bridge_mixture2_cov4_s0.5", "seconds": 0.09786609932780266, "stages": 5, "sampled": true}
{"cell_id": 344, "setting_id": "bridge_mixture2_cov4_s0.5", "seconds": 0.1567143015563488, "stages": 8, "sampled": true}
{"cell_id": 264, "setting_id": "bridge_mixture2_cov1_s0.5", "seconds": 0.09994801506400108, "stages": 5, "sampled": true}
{"cell_id": 86, "setting_id": "bridge_mixture4_cov1_s0.5", "seconds": 0.0609065517783165, "stages": 3, "sampled": true}
{"cell_id": 308, "setting_id": "smc_k128_s0.35", "seconds": 0.3396979086101055, "stages": 128, "sampled": true}
{"cell_id": 249, "setting_id": "smc_k32_s0.15", "seconds": 0.07503315806388855, "stages": 32, "sampled": true}
{"cell_id": 221, "setting_id": "adaptive_prior_s0.35", "seconds": 0.06526406854391098, "stages": 4, "sampled": true}
{"cell_id": 53, "setting_id": "bridge_gaussian1_cov1_s1", "seconds": 0.06149417906999588, "stages": 3, "sampled": true}
