{"cell_id": 3, "family": "gaussian", "method": "factorized_full", "w1_mean": 0.01970014128769628, "seconds": 0.7303804270923138}
{"cell_id": 14, "family": "mixture", "method": "full", "w1_mean": 0.3211206483918412, "seconds": 0.6767784282565117}
{"cell_id": 1, "family": "gaussian", "method": "factorized_full", "w1_mean": 0.016515045102252043, "seconds": 0.7284578233957291}
{"cell_id": 37, "family": "learned", "method": "factorized_full", "w1_mean": 0.01412460330568158, "seconds": 0.7292302325367928}
{"cell_id": 21, "family": "weak_mixture", "method": "factorized_full", "w1_mean": 0.01684277723501198, "seconds": 0.7116207219660282}
{"cell_id": 30, "family": "learned", "method": "full", "w1_mean": 0.01984506864572565, "seconds": 0.6801614761352539}
{"cell_id": 2, "family": "gaussian", "method": "full", "w1_mean": 0.015462552819907625, "seconds": 0.6792877279222012}
{"cell_id": 10, "family": "mixture", "method": "full", "w1_mean": 0.8703474638443099, "seconds": 0.676271591335535}
{"cell_id": 13, "family": "mixture", "method": "factorized_full", "w1_mean": 0.42328242046157755, "seconds": 0.719415970146656}
{"cell_id": 23, "family": "weak_mixture", "method": "factorized_full", "w1_mean": 0.011797937156793219, "seconds": 0.7117868512868881}
{"cell_id": 0, "family": "gaussian", "method": "full", "w1_mean": 0.01564749258438033, "seconds": 0.6825363822281361}
{"cell_id": 38, "family": "learned", "method": "full", "w1_mean": 0.024129879249289107, "seconds": 0.7403761073946953}
{"cell_id": 31, "family": "learned", "method": "factorized_full", "w1_mean": 0.016625837647693452, "seconds": 0.7551588378846645}
{"cell_id": 34, "family": "learned", "method": "full", "w1_mean": 0.019968343259537464, "seconds": 0.6810078471899033}
{"cell_id": 32, "family": "learned", "method": "full", "w1_mean": 0.03284801396199691, "seconds": 0.7395238690078259}
{"cell_id": 18, "family": "mixture", "method": "full", "w1_mean": 0.7550388380188234, "seconds": 0.6947572380304337}
{"cell_id": 7, "family": "gaussian", "method": "factorized_full", "w1_mean": 0.013608911537182003, "seconds": 0.7310014255344868}
{"cell_id": 20, "family": "weak_mixture", "method": "full", "w1_mean": 0.0343197116503977, "seconds": 0.6708503626286983}
{"cell_id": 6, "family": "gaussian", "method": "full", "w1_mean": 0.047982253085747925, "seconds": 0.6792377009987831}
{"cell_id": 35, "family": "learned", "method": "factorized_full", "w1_mean": 0.014948329290835567, "seconds": 0.7292837537825108}
{"cell_id": 8, "family": "gaussian", "method": "full", "w1_mean": 0.012911822013266112, "seconds": 0.6775311529636383}
{"cell_id": 36, "family": "learned", "method": "full", "w1_mean": 0.028916989797480513, "seconds": 0.678291093558073}
{"cell_id": 27, "family": "weak_mixture", "method": "factorized_full", "w1_mean": 0.015159043936701491, "seconds": 0.7084022909402847}
{"cell_id": 28, "family": "weak_mixture", "method": "full", "w1_mean": 0.026065253206023292, "seconds": 0.6705545894801617}
{"cell_id": 39, "family": "learned", "method": "factorized_full", "w1_mean": 0.016515930654730213, "seconds": 0.731564998626709}
{"cell_id": 26, "family": "weak_mixture", "method": "full", "w1_mean": 0.020608595085749092, "seconds": 0.6711601503193378}
{"cell_id": 12, "family": "mixture", "method": "full", "w1_mean": 0.3615982999854078, "seconds": 0.6743500791490078}
{"cell_id": 11, "family": "mixture", "method": "factorized_full", "w1_mean": 0.19654200022880872, "seconds": 0.7183539643883705}
{"cell_id": 15, "family": "mixture", "method": "factorized_full", "w1_mean": 0.2801360341457023, "seconds": 0.7173313833773136}
{"cell_id": 4, "family": "gaussian", "method": "full", "w1_mean": 0.01549514294636918, "seconds": 0.678083848208189}
{"cell_id": 9, "family": "gaussian", "method": "factorized_full", "w1_mean": 0.01452526416933061, "seconds": 0.7279703170061111}
{"cell_id": 24, "family": "weak_mixture", "method": "full", "w1_mean": 0.02276317446406346, "seconds": 0.6721290946006775}
{"cell_id": 29, "family": "weak_mixture", "method": "factorized_full", "w1_mean": 0.03462042705518656, "seconds": 0.710282601416111}
{"cell_id": 33, "family": "learned", "method": "factorized_full", "w1_mean": 0.022596632947032735, "seconds": 0.7329924926161766}
{"cell_id": 22, "family": "weak_mixture", "method": "full", "w1_mean": 0.026251053281004473, "seconds": 0.6723215728998184}
{"cell_id": 17, "family": "mixture", "method": "factorized_full", "w1_mean": 0.18924033649980662, "seconds": 0.7166670151054859}
{"cell_id": 25, "family": "weak_mixture", "method": "factorized_full", "w1_mean": 0.02299036942522293, "seconds": 0.7088000364601612}
{"cell_id": 16, "family": "mixture", "method": "full", "w1_mean": 1.1782179191674416, "seconds": 0.6737200804054737}
{"cell_id": 19, "family": "mixture", "method": "factorized_full", "w1_mean": 0.262407794345558, "seconds": 0.716838926076889}
{"cell_id": 5, "family": "gaussian", "method": "factorized_full", "w1_mean": 0.026106973511478546, "seconds": 0.7280698716640472}
