{"cell_id": 48, "phase": "development", "setting_id": "explore_08", "w1_mean": 0.011849148725797402, "seconds_including_preparation": 1.4000655300915241}
{"cell_id": 118, "phase": "development", "setting_id": "explore_08", "w1_mean": 0.5581751513080581, "seconds_including_preparation": 1.3663355521857738}
{"cell_id": 72, "phase": "development", "setting_id": "explore_02", "w1_mean": 0.016591638183218134, "seconds_including_preparation": 0.7592684365808964}
{"cell_id": 75, "phase": "development", "setting_id": "explore_05", "w1_mean": 0.017977974216122728, "seconds_including_preparation": 1.3835057877004147}
{"cell_id": 16, "phase": "development", "setting_id": "explore_06", "w1_mean": 0.017262897263865457, "seconds_including_preparation": 0.758142963051796}
{"cell_id": 77, "phase": "development", "setting_id": "explore_07", "w1_mean": 0.02538415291094626, "seconds_including_preparation": 1.5615285076200962}
{"cell_id": 64, "phase": "development", "setting_id": "explore_04", "w1_mean": 0.03285685613091156, "seconds_including_preparation": 1.3959257751703262}
{"cell_id": 61, "phase": "development", "setting_id": "explore_01", "w1_mean": 0.1608221514929848, "seconds_including_preparation": 0.603184700012207}
{"cell_id": 24, "phase": "development", "setting_id": "explore_04", "w1_mean": 0.01621271965649533, "seconds_including_preparation": 1.496999278664589}
{"cell_id": 121, "phase": "development", "setting_id": "explore_01", "w1_mean": 0.01975635816904013, "seconds_including_preparation": 0.5892699919641018}
{"cell_id": 47, "phase": "development", "setting_id": "explore_07", "w1_mean": 0.015304962368050012, "seconds_including_preparation": 1.6227850876748562}
{"cell_id": 39, "phase": "development", "setting_id": "explore_09", "w1_mean": 0.018973757948959426, "seconds_including_preparation": 1.3406884707510471}
{"cell_id": 40, "phase": "development", "setting_id": "explore_00", "w1_mean": 0.015559303573107239, "seconds_including_preparation": 0.6770964153110981}
{"cell_id": 37, "phase": "development", "setting_id": "explore_07", "w1_mean": 0.017718271530278773, "seconds_including_preparation": 1.561374232172966}
{"cell_id": 56, "phase": "development", "setting_id": "explore_06", "w1_mean": 0.018424330804259682, "seconds_including_preparation": 0.7570916078984737}
{"cell_id": 71, "phase": "development", "setting_id": "explore_01", "w1_mean": 0.13132250114355906, "seconds_including_preparation": 0.6116636097431183}
{"cell_id": 136, "phase": "development", "setting_id": "explore_06", "w1_mean": 0.02521176059424531, "seconds_including_preparation": 0.7474182136356831}
{"cell_id": 25, "phase": "development", "setting_id": "explore_05", "w1_mean": 0.01641977770945587, "seconds_including_preparation": 1.386143509298563}
{"cell_id": 84, "phase": "development", "setting_id": "explore_04", "w1_mean": 0.015677522345960624, "seconds_including_preparation": 1.022677507251501}
{"cell_id": 22, "phase": "development", "setting_id": "explore_02", "w1_mean": 0.018988584173494624, "seconds_including_preparation": 0.7842555865645409}
{"cell_id": 41, "phase": "development", "setting_id": "explore_01", "w1_mean": 0.1524680359884807, "seconds_including_preparation": 0.6042008176445961}
{"cell_id": 35, "phase": "development", "setting_id": "explore_05", "w1_mean": 0.015005431084148754, "seconds_including_preparation": 1.4289085417985916}
{"cell_id": 106, "phase": "development", "setting_id": "explore_06", "w1_mean": 0.905904241031471, "seconds_including_preparation": 0.755464717745781}
{"cell_id": 78, "phase": "development", "setting_id": "explore_08", "w1_mean": 0.0350115184039093, "seconds_including_preparation": 1.4618205912411213}
{"cell_id": 124, "phase": "development", "setting_id": "explore_04", "w1_mean": 0.01698114800720756, "seconds_including_preparation": 1.2103694640100002}
{"cell_id": 87, "phase": "development", "setting_id": "explore_07", "w1_mean": 0.015677522345960624, "seconds_including_preparation": 1.6284953616559505}
{"cell_id": 134, "phase": "development", "setting_id": "explore_04", "w1_mean": 0.028801684260677096, "seconds_including_preparation": 1.2328535355627537}
{"cell_id": 31, "phase": "development", "setting_id": "explore_01", "w1_mean": 0.12368302406718773, "seconds_including_preparation": 0.6455539017915726}
{"cell_id": 92, "phase": "development", "setting_id": "explore_02", "w1_mean": 0.013951519334299292, "seconds_including_preparation": 0.818342674523592}
{"cell_id": 53, "phase": "development", "setting_id": "explore_03", "w1_mean": 0.014699977840289808, "seconds_including_preparation": 1.6348091699182987}
{"cell_id": 115, "phase": "development", "setting_id": "explore_05", "w1_mean": 0.3261281195259701, "seconds_including_preparation": 1.5202323459088802}
{"cell_id": 52, "phase": "development", "setting_id": "explore_02", "w1_mean": 0.022178901841261915, "seconds_including_preparation": 0.8350106850266457}
{"cell_id": 137, "phase": "development", "setting_id": "explore_07", "w1_mean": 0.025978615720819956, "seconds_including_preparation": 1.6415204592049122}
{"cell_id": 94, "phase": "development", "setting_id": "explore_04", "w1_mean": 0.013951519334299292, "seconds_including_preparation": 1.1133714988827705}
{"cell_id": 18, "phase": "development", "setting_id": "explore_08", "w1_mean": 0.014865342404666013, "seconds_including_preparation": 1.4837476648390293}
{"cell_id": 90, "phase": "development", "setting_id": "explore_00", "w1_mean": 0.013951519334299504, "seconds_including_preparation": 0.710253618657589}
{"cell_id": 83, "phase": "development", "setting_id": "explore_03", "w1_mean": 0.015677522345960624, "seconds_including_preparation": 1.6364411301910877}
{"cell_id": 108, "phase": "development", "setting_id": "explore_08", "w1_mean": 0.7635598281624789, "seconds_including_preparation": 1.477547973394394}
{"cell_id": 113, "phase": "development", "setting_id": "explore_03", "w1_mean": 1.116374476259597, "seconds_including_preparation": 1.6424023993313313}
{"cell_id": 99, "phase": "development", "setting_id": "explore_09", "w1_mean": 0.013951519334299292, "seconds_including_preparation": 1.1006667986512184}
{"cell_id": 112, "phase": "development", "setting_id": "explore_02", "w1_mean": 0.49142194108692316, "seconds_including_preparation": 0.9144783392548561}
{"cell_id": 27, "phase": "development", "setting_id": "explore_07", "w1_mean": 0.015992633528008324, "seconds_including_preparation": 1.6392896436154842}
{"cell_id": 60, "phase": "development", "setting_id": "explore_00", "w1_mean": 0.015239329654847571, "seconds_including_preparation": 0.7194116078317165}
{"cell_id": 105, "phase": "development", "setting_id": "explore_05", "w1_mean": 1.3181178950177355, "seconds_including_preparation": 1.5381456911563873}
{"cell_id": 74, "phase": "development", "setting_id": "explore_04", "w1_mean": 0.01907517237572537, "seconds_including_preparation": 1.5816757455468178}
{"cell_id": 139, "phase": "development", "setting_id": "explore_09", "w1_mean": 0.02387612072736133, "seconds_including_preparation": 1.2860784269869328}
{"cell_id": 131, "phase": "development", "setting_id": "explore_01", "w1_mean": 0.024828564805316526, "seconds_including_preparation": 0.6244068406522274}
{"cell_id": 28, "phase": "development", "setting_id": "explore_08", "w1_mean": 0.016704542444843047, "seconds_including_preparation": 1.485904112458229}
{"cell_id": 102, "phase": "development", "setting_id": "explore_02", "w1_mean": 0.6452980993636732, "seconds_including_preparation": 0.8296380750834942}
{"cell_id": 43, "phase": "development", "setting_id": "explore_03", "w1_mean": 0.016542576369538216, "seconds_including_preparation": 1.641386691480875}
{"cell_id": 32, "phase": "development", "setting_id": "explore_02", "w1_mean": 0.01916515310016974, "seconds_including_preparation": 0.8346025608479977}
{"cell_id": 123, "phase": "development", "setting_id": "explore_03", "w1_mean": 0.02038650271188342, "seconds_including_preparation": 1.6350929625332355}
{"cell_id": 30, "phase": "development", "setting_id": "explore_00", "w1_mean": 0.013655292040741828, "seconds_including_preparation": 0.7158599272370338}
{"cell_id": 34, "phase": "development", "setting_id": "explore_04", "w1_mean": 0.019028975542363328, "seconds_including_preparation": 1.518415316939354}
{"cell_id": 12, "phase": "development", "setting_id": "explore_02", "w1_mean": 0.02216727886287386, "seconds_including_preparation": 0.8377072624862194}
{"cell_id": 38, "phase": "development", "setting_id": "explore_08", "w1_mean": 0.01471052289782231, "seconds_including_preparation": 1.494833555072546}
{"cell_id": 7, "phase": "development", "setting_id": "explore_07", "w1_mean": 0.020895558227019696, "seconds_including_preparation": 1.6499812975525856}
{"cell_id": 3, "phase": "development", "setting_id": "explore_03", "w1_mean": 0.013592530380622475, "seconds_including_preparation": 1.6462416723370552}
{"cell_id": 54, "phase": "development", "setting_id": "explore_04", "w1_mean": 0.01533875544793301, "seconds_including_preparation": 1.5020144768059254}
{"cell_id": 23, "phase": "development", "setting_id": "explore_03", "w1_mean": 0.015801585474493045, "seconds_including_preparation": 1.64170291274786}
{"cell_id": 128, "phase": "development", "setting_id": "explore_08", "w1_mean": 0.029466054408779405, "seconds_including_preparation": 1.181995254009962}
{"cell_id": 122, "phase": "development", "setting_id": "explore_02", "w1_mean": 0.01734120273260638, "seconds_including_preparation": 0.8179916366934776}
{"cell_id": 125, "phase": "development", "setting_id": "explore_05", "w1_mean": 0.01698114800720756, "seconds_including_preparation": 1.2182689122855663}
{"cell_id": 8, "phase": "development", "setting_id": "explore_08", "w1_mean": 0.04694477125681247, "seconds_including_preparation": 1.4583760052919388}
{"cell_id": 36, "phase": "development", "setting_id": "explore_06", "w1_mean": 0.02252095240698796, "seconds_including_preparation": 0.8265763483941555}
{"cell_id": 49, "phase": "development", "setting_id": "explore_09", "w1_mean": 0.018778350968881644, "seconds_including_preparation": 1.4267444126307964}
{"cell_id": 10, "phase": "development", "setting_id": "explore_00", "w1_mean": 0.04009016594139528, "seconds_including_preparation": 0.7082508392632008}
{"cell_id": 127, "phase": "development", "setting_id": "explore_07", "w1_mean": 0.018063526479373454, "seconds_including_preparation": 1.640373568981886}
{"cell_id": 14, "phase": "development", "setting_id": "explore_04", "w1_mean": 0.01292573893946948, "seconds_including_preparation": 1.5165029279887676}
{"cell_id": 66, "phase": "development", "setting_id": "explore_06", "w1_mean": 0.014741076056409345, "seconds_including_preparation": 0.8284120857715607}
{"cell_id": 138, "phase": "development", "setting_id": "explore_08", "w1_mean": 0.02387612072736133, "seconds_including_preparation": 1.184999082237482}
{"cell_id": 6, "phase": "development", "setting_id": "explore_06", "w1_mean": 0.016992301102797463, "seconds_including_preparation": 0.8253169022500515}
{"cell_id": 20, "phase": "development", "setting_id": "explore_00", "w1_mean": 0.012737911760271363, "seconds_including_preparation": 0.7107205800712109}
{"cell_id": 133, "phase": "development", "setting_id": "explore_03", "w1_mean": 0.03637573568269644, "seconds_including_preparation": 1.6285327188670635}
{"cell_id": 70, "phase": "development", "setting_id": "explore_00", "w1_mean": 0.02720168411633094, "seconds_including_preparation": 0.7077248729765415}
{"cell_id": 119, "phase": "development", "setting_id": "explore_09", "w1_mean": 0.4119646031868184, "seconds_including_preparation": 1.3509606420993805}
{"cell_id": 68, "phase": "development", "setting_id": "explore_08", "w1_mean": 0.013516318588747082, "seconds_including_preparation": 1.4542832523584366}
{"cell_id": 82, "phase": "development", "setting_id": "explore_02", "w1_mean": 0.015677522345960624, "seconds_including_preparation": 0.8089736327528954}
{"cell_id": 26, "phase": "development", "setting_id": "explore_06", "w1_mean": 0.014531648273923996, "seconds_including_preparation": 0.884696688503027}
{"cell_id": 57, "phase": "development", "setting_id": "explore_07", "w1_mean": 0.015841329476954276, "seconds_including_preparation": 1.6323385648429394}
{"cell_id": 120, "phase": "development", "setting_id": "explore_00", "w1_mean": 0.01777564625214401, "seconds_including_preparation": 0.7672758102416992}
{"cell_id": 116, "phase": "development", "setting_id": "explore_06", "w1_mean": 0.4358437133275995, "seconds_including_preparation": 0.8159417137503624}
{"cell_id": 19, "phase": "development", "setting_id": "explore_09", "w1_mean": 0.014444796663922465, "seconds_including_preparation": 1.4302850291132927}
{"cell_id": 81, "phase": "development", "setting_id": "explore_01", "w1_mean": 0.015677522345962158, "seconds_including_preparation": 0.6315662264823914}
{"cell_id": 42, "phase": "development", "setting_id": "explore_02", "w1_mean": 0.017591005718321548, "seconds_including_preparation": 0.832829050719738}
{"cell_id": 76, "phase": "development", "setting_id": "explore_06", "w1_mean": 0.014866021522993496, "seconds_including_preparation": 0.8331048339605331}
{"cell_id": 104, "phase": "development", "setting_id": "explore_04", "w1_mean": 0.2732014593759024, "seconds_including_preparation": 1.5377539694309235}
{"cell_id": 97, "phase": "development", "setting_id": "explore_07", "w1_mean": 0.013951519334299292, "seconds_including_preparation": 1.628568198531866}
{"cell_id": 4, "phase": "development", "setting_id": "explore_04", "w1_mean": 0.016310154634003076, "seconds_including_preparation": 1.5046409144997597}
{"cell_id": 132, "phase": "development", "setting_id": "explore_02", "w1_mean": 0.025657559356500367, "seconds_including_preparation": 0.8275050148367882}
{"cell_id": 130, "phase": "development", "setting_id": "explore_00", "w1_mean": 0.024760836979256816, "seconds_including_preparation": 0.7071674652397633}
{"cell_id": 89, "phase": "development", "setting_id": "explore_09", "w1_mean": 0.015677522345960624, "seconds_including_preparation": 1.107857558876276}
{"cell_id": 51, "phase": "development", "setting_id": "explore_01", "w1_mean": 0.15610018671529158, "seconds_including_preparation": 0.6450427956879139}
{"cell_id": 110, "phase": "development", "setting_id": "explore_00", "w1_mean": 1.1298685389179093, "seconds_including_preparation": 0.7104704678058624}
{"cell_id": 86, "phase": "development", "setting_id": "explore_06", "w1_mean": 0.015677522345960624, "seconds_including_preparation": 0.8219279311597347}
{"cell_id": 88, "phase": "development", "setting_id": "explore_08", "w1_mean": 0.015677522345960624, "seconds_including_preparation": 1.1024350002408028}
{"cell_id": 79, "phase": "development", "setting_id": "explore_09", "w1_mean": 0.014314843028714084, "seconds_including_preparation": 1.4389438219368458}
{"cell_id": 91, "phase": "development", "setting_id": "explore_01", "w1_mean": 0.013951519334299368, "seconds_including_preparation": 0.6310758851468563}
{"cell_id": 9, "phase": "development", "setting_id": "explore_09", "w1_mean": 0.01222862139171508, "seconds_including_preparation": 1.4255175329744816}
{"cell_id": 45, "phase": "development", "setting_id": "explore_05", "w1_mean": 0.011353779793160573, "seconds_including_preparation": 1.5017933994531631}
{"cell_id": 21, "phase": "development", "setting_id": "explore_01", "w1_mean": 0.15892539605713069, "seconds_including_preparation": 0.6392961144447327}
{"cell_id": 85, "phase": "development", "setting_id": "explore_05", "w1_mean": 0.015677522345960624, "seconds_including_preparation": 1.0990155898034573}
{"cell_id": 33, "phase": "development", "setting_id": "explore_03", "w1_mean": 0.01698478346588552, "seconds_including_preparation": 1.636818639934063}
{"cell_id": 135, "phase": "development", "setting_id": "explore_05", "w1_mean": 0.028801684260677096, "seconds_including_preparation": 1.2143017947673798}
{"cell_id": 100, "phase": "development", "setting_id": "explore_00", "w1_mean": 0.5495397571807542, "seconds_including_preparation": 0.7102156467735767}
{"cell_id": 59, "phase": "development", "setting_id": "explore_09", "w1_mean": 0.015541642778282336, "seconds_including_preparation": 1.4430776946246624}
{"cell_id": 1, "phase": "development", "setting_id": "explore_01", "w1_mean": 0.1304373311459072, "seconds_including_preparation": 0.6332922577857971}
{"cell_id": 103, "phase": "development", "setting_id": "explore_03", "w1_mean": 0.7300301483624048, "seconds_including_preparation": 1.6391334161162376}
{"cell_id": 5, "phase": "development", "setting_id": "explore_05", "w1_mean": 0.014053743946679327, "seconds_including_preparation": 1.4938558898866177}
{"cell_id": 44, "phase": "development", "setting_id": "explore_04", "w1_mean": 0.013775986367835672, "seconds_including_preparation": 1.4925846010446548}
{"cell_id": 98, "phase": "development", "setting_id": "explore_08", "w1_mean": 0.013951519334299292, "seconds_including_preparation": 1.1042810678482056}
{"cell_id": 101, "phase": "development", "setting_id": "explore_01", "w1_mean": 1.4718528995828701, "seconds_including_preparation": 0.6360542997717857}
{"cell_id": 62, "phase": "development", "setting_id": "explore_02", "w1_mean": 0.01770907915101212, "seconds_including_preparation": 0.8343580812215805}
{"cell_id": 114, "phase": "development", "setting_id": "explore_04", "w1_mean": 0.5473937435033667, "seconds_including_preparation": 1.538793321698904}
{"cell_id": 95, "phase": "development", "setting_id": "explore_05", "w1_mean": 0.013951519334299292, "seconds_including_preparation": 1.102702308446169}
{"cell_id": 63, "phase": "development", "setting_id": "explore_03", "w1_mean": 0.015133051142784012, "seconds_including_preparation": 1.6807508170604706}
{"cell_id": 129, "phase": "development", "setting_id": "explore_09", "w1_mean": 0.029466054408779405, "seconds_including_preparation": 1.1918291971087456}
{"cell_id": 29, "phase": "development", "setting_id": "explore_09", "w1_mean": 0.020112299104659122, "seconds_including_preparation": 1.5637227557599545}
{"cell_id": 69, "phase": "development", "setting_id": "explore_09", "w1_mean": 0.015043959606116791, "seconds_including_preparation": 1.4016285836696625}
{"cell_id": 0, "phase": "development", "setting_id": "explore_00", "w1_mean": 0.013050519152877381, "seconds_including_preparation": 0.7098675444722176}
{"cell_id": 46, "phase": "development", "setting_id": "explore_06", "w1_mean": 0.014435810955481897, "seconds_including_preparation": 0.8208558820188046}
{"cell_id": 93, "phase": "development", "setting_id": "explore_03", "w1_mean": 0.013951519334299292, "seconds_including_preparation": 1.6167655028402805}
{"cell_id": 67, "phase": "development", "setting_id": "explore_07", "w1_mean": 0.01562806394232005, "seconds_including_preparation": 1.635766588151455}
{"cell_id": 117, "phase": "development", "setting_id": "explore_07", "w1_mean": 1.160737964384393, "seconds_including_preparation": 1.6331042386591434}
{"cell_id": 126, "phase": "development", "setting_id": "explore_06", "w1_mean": 0.017775500639639022, "seconds_including_preparation": 0.8124121204018593}
{"cell_id": 17, "phase": "development", "setting_id": "explore_07", "w1_mean": 0.01610320080159948, "seconds_including_preparation": 1.6347543820738792}
{"cell_id": 65, "phase": "development", "setting_id": "explore_05", "w1_mean": 0.0130294074349436, "seconds_including_preparation": 1.4784071780741215}
{"cell_id": 15, "phase": "development", "setting_id": "explore_05", "w1_mean": 0.016306329840722156, "seconds_including_preparation": 1.4879735298454762}
{"cell_id": 55, "phase": "development", "setting_id": "explore_05", "w1_mean": 0.017431535226007322, "seconds_including_preparation": 1.4859751090407372}
{"cell_id": 107, "phase": "development", "setting_id": "explore_07", "w1_mean": 0.48561110829655274, "seconds_including_preparation": 1.6314129121601582}
{"cell_id": 73, "phase": "development", "setting_id": "explore_03", "w1_mean": 0.01978025050427963, "seconds_including_preparation": 1.6338739730417728}
{"cell_id": 2, "phase": "development", "setting_id": "explore_02", "w1_mean": 0.016549705579131553, "seconds_including_preparation": 0.8199780397117138}
{"cell_id": 13, "phase": "development", "setting_id": "explore_03", "w1_mean": 0.014345902364148459, "seconds_including_preparation": 1.6309321448206902}
{"cell_id": 109, "phase": "development", "setting_id": "explore_09", "w1_mean": 0.4578077817252639, "seconds_including_preparation": 1.3605427481234074}
{"cell_id": 111, "phase": "development", "setting_id": "explore_01", "w1_mean": 1.6839779424045964, "seconds_including_preparation": 0.6297085359692574}
{"cell_id": 58, "phase": "development", "setting_id": "explore_08", "w1_mean": 0.02638565033851737, "seconds_including_preparation": 1.4755600206553936}
{"cell_id": 11, "phase": "development", "setting_id": "explore_01", "w1_mean": 0.17316736789730502, "seconds_including_preparation": 0.6344999670982361}
{"cell_id": 80, "phase": "development", "setting_id": "explore_00", "w1_mean": 0.015677522345964603, "seconds_including_preparation": 0.7073305137455463}
{"cell_id": 50, "phase": "development", "setting_id": "explore_00", "w1_mean": 0.015614496214170149, "seconds_including_preparation": 0.7062680423259735}
{"cell_id": 96, "phase": "development", "setting_id": "explore_06", "w1_mean": 0.013951519334299292, "seconds_including_preparation": 0.8063320741057396}
{"cell_id": 64, "phase": "confirmation", "setting_id": "certified", "w1_mean": 0.05274227186641452, "seconds_including_preparation": 6.3085960522294044}
{"cell_id": 75, "phase": "confirmation", "setting_id": "full", "w1_mean": 0.025056150858994073, "seconds_including_preparation": 6.219552185386419}
{"cell_id": 90, "phase": "confirmation", "setting_id": "full", "w1_mean": 0.015858760586680617, "seconds_including_preparation": 6.118747495114803}
{"cell_id": 92, "phase": "confirmation", "setting_id": "surrogate_only", "w1_mean": 0.021422307127072333, "seconds_including_preparation": 3.300556182861328}
{"cell_id": 18, "phase": "confirmation", "setting_id": "surrogate_full", "w1_mean": 0.02131074770486397, "seconds_including_preparation": 15.07303312420845}
{"cell_id": 170, "phase": "confirmation", "setting_id": "full", "w1_mean": 0.010694892716099986, "seconds_including_preparation": 6.114892598241568}
{"cell_id": 112, "phase": "confirmation", "setting_id": "surrogate_only", "w1_mean": 0.01767422073616124, "seconds_including_preparation": 3.2733888812363148}
{"cell_id": 248, "phase": "confirmation", "setting_id": "surrogate_full", "w1_mean": 0.04178142561089429, "seconds_including_preparation": 15.075644247233868}
{"cell_id": 195, "phase": "confirmation", "setting_id": "full", "w1_mean": 0.015304593498583176, "seconds_including_preparation": 6.195960737764835}
{"cell_id": 149, "phase": "confirmation", "setting_id": "certified", "w1_mean": 0.017308334549582534, "seconds_including_preparation": 6.397670987993479}
{"cell_id": 71, "phase": "confirmation", "setting_id": "tail_fixed", "w1_mean": 0.0765766191807038, "seconds_including_preparation": 4.3203637935221195}
{"cell_id": 28, "phase": "confirmation", "setting_id": "surrogate_full", "w1_mean": 0.01915194137766145, "seconds_including_preparation": 15.080001465976238}
{"cell_id": 164, "phase": "confirmation", "setting_id": "certified", "w1_mean": 0.015581698093311976, "seconds_including_preparation": 6.2860576547682285}
{"cell_id": 202, "phase": "confirmation", "setting_id": "surrogate_only", "w1_mean": 0.018663346291816832, "seconds_including_preparation": 3.2771985456347466}
{"cell_id": 91, "phase": "confirmation", "setting_id": "tail_fixed", "w1_mean": 0.12282029160986431, "seconds_including_preparation": 4.3145405277609825}
{"cell_id": 27, "phase": "confirmation", "setting_id": "surrogate_only", "w1_mean": 0.028403459099729814, "seconds_including_preparation": 3.269527032971382}
{"cell_id": 106, "phase": "confirmation", "setting_id": "tail_fixed", "w1_mean": 0.09419059647797892, "seconds_including_preparation": 4.404545586556196}
{"cell_id": 83, "phase": "confirmation", "setting_id": "surrogate_full", "w1_mean": 0.028057108076931302, "seconds_including_preparation": 15.111614681780338}
{"cell_id": 241, "phase": "confirmation", "setting_id": "tail_fixed", "w1_mean": 0.12312653017201383, "seconds_including_preparation": 4.3243489265441895}
{"cell_id": 217, "phase": "confirmation", "setting_id": "surrogate_only", "w1_mean": 0.019310079339568867, "seconds_including_preparation": 3.2798137106001377}
{"cell_id": 151, "phase": "confirmation", "setting_id": "tail_fixed", "w1_mean": 0.15933023340696587, "seconds_including_preparation": 4.326361000537872}
{"cell_id": 133, "phase": "confirmation", "setting_id": "surrogate_full", "w1_mean": 0.017114413120128145, "seconds_including_preparation": 15.086656711995602}
{"cell_id": 16, "phase": "confirmation", "setting_id": "tail_fixed", "w1_mean": 0.0964489252501884, "seconds_including_preparation": 4.308991298079491}
{"cell_id": 98, "phase": "confirmation", "setting_id": "surrogate_full", "w1_mean": 0.028502721147436662, "seconds_including_preparation": 15.143096674233675}
{"cell_id": 199, "phase": "confirmation", "setting_id": "certified", "w1_mean": 0.015917667968533923, "seconds_including_preparation": 6.2888073697686195}
{"cell_id": 144, "phase": "confirmation", "setting_id": "certified", "w1_mean": 0.02862247761284487, "seconds_including_preparation": 6.409528702497482}
{"cell_id": 150, "phase": "confirmation", "setting_id": "full", "w1_mean": 0.023240624803131178, "seconds_including_preparation": 6.1169954016804695}
{"cell_id": 167, "phase": "confirmation", "setting_id": "surrogate_only", "w1_mean": 0.012455533710717188, "seconds_including_preparation": 3.2705197669565678}
{"cell_id": 228, "phase": "confirmation", "setting_id": "surrogate_full", "w1_mean": 0.018769851147664857, "seconds_including_preparation": 15.080962479114532}
{"cell_id": 56, "phase": "confirmation", "setting_id": "tail_fixed", "w1_mean": 0.10318110866055755, "seconds_including_preparation": 4.3053124360740185}
{"cell_id": 192, "phase": "confirmation", "setting_id": "surrogate_only", "w1_mean": 0.026618851357064766, "seconds_including_preparation": 3.3937852531671524}
{"cell_id": 227, "phase": "confirmation", "setting_id": "surrogate_only", "w1_mean": 0.014833036320563656, "seconds_including_preparation": 3.392939981073141}
{"cell_id": 157, "phase": "confirmation", "setting_id": "surrogate_only", "w1_mean": 0.018793053103043696, "seconds_including_preparation": 3.2874036990106106}
{"cell_id": 168, "phase": "confirmation", "setting_id": "surrogate_full", "w1_mean": 0.019950954169762114, "seconds_including_preparation": 15.084683276712894}
{"cell_id": 161, "phase": "confirmation", "setting_id": "tail_fixed", "w1_mean": 0.10819758217866612, "seconds_including_preparation": 4.313488010317087}
{"cell_id": 190, "phase": "confirmation", "setting_id": "full", "w1_mean": 0.013810544153991706, "seconds_including_preparation": 6.116050258278847}
{"cell_id": 125, "phase": "confirmation", "setting_id": "full", "w1_mean": 0.021549927197849497, "seconds_including_preparation": 6.112631104886532}
{"cell_id": 245, "phase": "confirmation", "setting_id": "full", "w1_mean": 0.0157589724566166, "seconds_including_preparation": 6.1145624704658985}
{"cell_id": 238, "phase": "confirmation", "setting_id": "surrogate_full", "w1_mean": 0.016365771772416375, "seconds_including_preparation": 15.150912377983332}
{"cell_id": 136, "phase": "confirmation", "setting_id": "tail_fixed", "w1_mean": 0.09584660420679834, "seconds_including_preparation": 4.317948792129755}
{"cell_id": 94, "phase": "confirmation", "setting_id": "certified", "w1_mean": 0.013870971000210407, "seconds_including_preparation": 6.329709254205227}
{"cell_id": 207, "phase": "confirmation", "setting_id": "surrogate_only", "w1_mean": 0.015112644970975142, "seconds_including_preparation": 3.2969159334897995}
{"cell_id": 208, "phase": "confirmation", "setting_id": "surrogate_full", "w1_mean": 0.0156592719490443, "seconds_including_preparation": 15.07357208058238}
{"cell_id": 31, "phase": "confirmation", "setting_id": "tail_fixed", "w1_mean": 0.15352727608423816, "seconds_including_preparation": 4.318652085959911}
{"cell_id": 141, "phase": "confirmation", "setting_id": "tail_fixed", "w1_mean": 0.13105702612499143, "seconds_including_preparation": 4.314798038452864}
{"cell_id": 22, "phase": "confirmation", "setting_id": "surrogate_only", "w1_mean": 0.023875469044512838, "seconds_including_preparation": 3.286861814558506}
{"cell_id": 101, "phase": "confirmation", "setting_id": "tail_fixed", "w1_mean": 0.1726815017904229, "seconds_including_preparation": 4.428983885794878}
{"cell_id": 108, "phase": "confirmation", "setting_id": "surrogate_full", "w1_mean": 0.010560642582813603, "seconds_including_preparation": 15.075716096907854}
{"cell_id": 177, "phase": "confirmation", "setting_id": "surrogate_only", "w1_mean": 0.019144201574783207, "seconds_including_preparation": 3.2699051462113857}
{"cell_id": 100, "phase": "confirmation", "setting_id": "full", "w1_mean": 0.01643168756577266, "seconds_including_preparation": 6.1146740429103374}
{"cell_id": 173, "phase": "confirmation", "setting_id": "surrogate_full", "w1_mean": 0.02054466362415737, "seconds_including_preparation": 15.071573246270418}
{"cell_id": 103, "phase": "confirmation", "setting_id": "surrogate_full", "w1_mean": 0.016668591901713874, "seconds_including_preparation": 15.114956393837929}
{"cell_id": 169, "phase": "confirmation", "setting_id": "certified", "w1_mean": 0.015505433512728591, "seconds_including_preparation": 6.331519793719053}
{"cell_id": 212, "phase": "confirmation", "setting_id": "surrogate_only", "w1_mean": 0.012400293579310526, "seconds_including_preparation": 3.312158267945051}
{"cell_id": 244, "phase": "confirmation", "setting_id": "certified", "w1_mean": 0.013388366382879421, "seconds_including_preparation": 6.298446957021952}
{"cell_id": 85, "phase": "confirmation", "setting_id": "full", "w1_mean": 0.016027886718281547, "seconds_including_preparation": 6.118071086704731}
{"cell_id": 162, "phase": "confirmation", "setting_id": "surrogate_only", "w1_mean": 0.012958706862424734, "seconds_including_preparation": 3.2657381035387516}
{"cell_id": 97, "phase": "confirmation", "setting_id": "surrogate_only", "w1_mean": 0.01237954949269022, "seconds_including_preparation": 3.2695826925337315}
{"cell_id": 181, "phase": "confirmation", "setting_id": "tail_fixed", "w1_mean": 0.1158123050068491, "seconds_including_preparation": 4.318535830825567}
{"cell_id": 175, "phase": "confirmation", "setting_id": "full", "w1_mean": 0.017814555405967464, "seconds_including_preparation": 6.11329398676753}
{"cell_id": 183, "phase": "confirmation", "setting_id": "surrogate_full", "w1_mean": 0.0168170594254817, "seconds_including_preparation": 15.152401357889175}
{"cell_id": 77, "phase": "confirmation", "setting_id": "surrogate_only", "w1_mean": 0.017437072922532795, "seconds_including_preparation": 3.2755939587950706}
{"cell_id": 66, "phase": "confirmation", "setting_id": "tail_fixed", "w1_mean": 0.07713426080573779, "seconds_including_preparation": 4.306111875921488}
{"cell_id": 126, "phase": "confirmation", "setting_id": "tail_fixed", "w1_mean": 0.13613188340880814, "seconds_including_preparation": 4.3233014754951}
{"cell_id": 110, "phase": "confirmation", "setting_id": "full", "w1_mean": 0.020436499299586953, "seconds_including_preparation": 6.118107691407204}
{"cell_id": 203, "phase": "confirmation", "setting_id": "surrogate_full", "w1_mean": 0.027067119633430333, "seconds_including_preparation": 15.077984657138586}
{"cell_id": 171, "phase": "confirmation", "setting_id": "tail_fixed", "w1_mean": 0.09618054864284928, "seconds_including_preparation": 4.315892416983843}
{"cell_id": 184, "phase": "confirmation", "setting_id": "certified", "w1_mean": 0.029145853219297746, "seconds_including_preparation": 6.616604182869196}
{"cell_id": 118, "phase": "confirmation", "setting_id": "surrogate_full", "w1_mean": 0.02615077484887774, "seconds_including_preparation": 15.14232288300991}
{"cell_id": 182, "phase": "confirmation", "setting_id": "surrogate_only", "w1_mean": 0.014919939648743526, "seconds_including_preparation": 3.2736896462738514}
{"cell_id": 223, "phase": "confirmation", "setting_id": "surrogate_full", "w1_mean": 0.014405295392696998, "seconds_including_preparation": 15.088927626609802}
{"cell_id": 188, "phase": "confirmation", "setting_id": "surrogate_full", "w1_mean": 0.01680636020603586, "seconds_including_preparation": 15.096766874194145}
{"cell_id": 196, "phase": "confirmation", "setting_id": "tail_fixed", "w1_mean": 0.09236149130716206, "seconds_including_preparation": 4.311791900545359}
{"cell_id": 24, "phase": "confirmation", "setting_id": "certified", "w1_mean": 0.018073803704794677, "seconds_including_preparation": 6.63770866766572}
{"cell_id": 37, "phase": "confirmation", "setting_id": "surrogate_only", "w1_mean": 0.016740186104990486, "seconds_including_preparation": 3.3929545544087887}
{"cell_id": 153, "phase": "confirmation", "setting_id": "surrogate_full", "w1_mean": 0.02477455921545372, "seconds_including_preparation": 14.9161495603621}
{"cell_id": 234, "phase": "confirmation", "setting_id": "certified", "w1_mean": 0.025176012456634186, "seconds_including_preparation": 6.522821445018053}
{"cell_id": 12, "phase": "confirmation", "setting_id": "surrogate_only", "w1_mean": 0.018997015577763926, "seconds_including_preparation": 3.073530599474907}
{"cell_id": 176, "phase": "confirmation", "setting_id": "tail_fixed", "w1_mean": 0.11268704616625216, "seconds_including_preparation": 4.2454180382192135}
{"cell_id": 214, "phase": "confirmation", "setting_id": "certified", "w1_mean": 0.014875144732584542, "seconds_including_preparation": 5.964204914867878}
{"cell_id": 65, "phase": "confirmation", "setting_id": "full", "w1_mean": 0.015052721078043434, "seconds_including_preparation": 6.040419243276119}
{"cell_id": 88, "phase": "confirmation", "setting_id": "surrogate_full", "w1_mean": 0.014982496069928283, "seconds_including_preparation": 14.980421133339405}
{"cell_id": 74, "phase": "confirmation", "setting_id": "certified", "w1_mean": 0.021121530381908997, "seconds_including_preparation": 6.132325895130634}
{"cell_id": 148, "phase": "confirmation", "setting_id": "surrogate_full", "w1_mean": 0.02508434737818243, "seconds_including_preparation": 15.23758877068758}
{"cell_id": 48, "phase": "confirmation", "setting_id": "surrogate_full", "w1_mean": 0.014487662557294416, "seconds_including_preparation": 15.331102717667818}
{"cell_id": 32, "phase": "confirmation", "setting_id": "surrogate_only", "w1_mean": 0.0184510774332103, "seconds_including_preparation": 3.458758808672428}
{"cell_id": 191, "phase": "confirmation", "setting_id": "tail_fixed", "w1_mean": 0.13576981128115692, "seconds_including_preparation": 4.4343473464250565}
{"cell_id": 34, "phase": "confirmation", "setting_id": "certified", "w1_mean": 0.02300637784681308, "seconds_including_preparation": 7.4549035131931305}
{"cell_id": 135, "phase": "confirmation", "setting_id": "full", "w1_mean": 0.016336459866456078, "seconds_including_preparation": 6.201645180583}
{"cell_id": 10, "phase": "confirmation", "setting_id": "full", "w1_mean": 0.014188816099328132, "seconds_including_preparation": 6.246356062591076}
{"cell_id": 220, "phase": "confirmation", "setting_id": "full", "w1_mean": 0.01831533616503176, "seconds_including_preparation": 6.19853525236249}
{"cell_id": 115, "phase": "confirmation", "setting_id": "full", "w1_mean": 0.01465067687957325, "seconds_including_preparation": 6.189185298979282}
{"cell_id": 14, "phase": "confirmation", "setting_id": "certified", "w1_mean": 0.015956704472290015, "seconds_including_preparation": 6.629558023065329}
{"cell_id": 146, "phase": "confirmation", "setting_id": "tail_fixed", "w1_mean": 0.09681853252097714, "seconds_including_preparation": 4.392226353287697}
{"cell_id": 242, "phase": "confirmation", "setting_id": "surrogate_only", "w1_mean": 0.014417631108457517, "seconds_including_preparation": 3.427998699247837}
{"cell_id": 1, "phase": "confirmation", "setting_id": "tail_fixed", "w1_mean": 0.20273718154059905, "seconds_including_preparation": 4.405199270695448}
{"cell_id": 232, "phase": "confirmation", "setting_id": "surrogate_only", "w1_mean": 0.020353527519644365, "seconds_including_preparation": 3.6418567039072514}
{"cell_id": 122, "phase": "confirmation", "setting_id": "surrogate_only", "w1_mean": 0.013439431906081767, "seconds_including_preparation": 3.430445361882448}
{"cell_id": 41, "phase": "confirmation", "setting_id": "tail_fixed", "w1_mean": 0.1603936785717891, "seconds_including_preparation": 4.385443966835737}
{"cell_id": 0, "phase": "confirmation", "setting_id": "full", "w1_mean": 0.0385159668072589, "seconds_including_preparation": 6.224569108337164}
{"cell_id": 30, "phase": "confirmation", "setting_id": "full", "w1_mean": 0.024289458656117983, "seconds_including_preparation": 6.21681285649538}
{"cell_id": 225, "phase": "confirmation", "setting_id": "full", "w1_mean": 0.016176704261816742, "seconds_including_preparation": 6.191679939627647}
{"cell_id": 39, "phase": "confirmation", "setting_id": "certified", "w1_mean": 0.01738735704086397, "seconds_including_preparation": 6.909391976892948}
{"cell_id": 61, "phase": "confirmation", "setting_id": "tail_fixed", "w1_mean": 0.12502471970629586, "seconds_including_preparation": 4.399717785418034}
{"cell_id": 35, "phase": "confirmation", "setting_id": "full", "w1_mean": 0.019360260977511725, "seconds_including_preparation": 6.20403990149498}
{"cell_id": 105, "phase": "confirmation", "setting_id": "full", "w1_mean": 0.018702831539921215, "seconds_including_preparation": 6.331545781344175}
{"cell_id": 38, "phase": "confirmation", "setting_id": "surrogate_full", "w1_mean": 0.021887946263389968, "seconds_including_preparation": 15.315244790166616}
{"cell_id": 154, "phase": "confirmation", "setting_id": "certified", "w1_mean": 0.01616221616227995, "seconds_including_preparation": 6.921666167676449}
{"cell_id": 113, "phase": "confirmation", "setting_id": "surrogate_full", "w1_mean": 0.018325133882979586, "seconds_including_preparation": 15.311352904886007}
{"cell_id": 84, "phase": "confirmation", "setting_id": "certified", "w1_mean": 0.01670218161234443, "seconds_including_preparation": 7.051885209977627}
{"cell_id": 198, "phase": "confirmation", "setting_id": "surrogate_full", "w1_mean": 0.013484052357280153, "seconds_including_preparation": 15.403603911399841}
{"cell_id": 60, "phase": "confirmation", "setting_id": "full", "w1_mean": 0.013777538977018814, "seconds_including_preparation": 6.196175318211317}
{"cell_id": 152, "phase": "confirmation", "setting_id": "surrogate_only", "w1_mean": 0.017458527706981995, "seconds_including_preparation": 3.672362670302391}
{"cell_id": 213, "phase": "confirmation", "setting_id": "surrogate_full", "w1_mean": 0.015857676375700507, "seconds_including_preparation": 15.111088775098324}
{"cell_id": 246, "phase": "confirmation", "setting_id": "tail_fixed", "w1_mean": 0.08014728992873882, "seconds_including_preparation": 4.316263142973185}
{"cell_id": 240, "phase": "confirmation", "setting_id": "full", "w1_mean": 0.031349199262847474, "seconds_including_preparation": 6.118557255715132}
{"cell_id": 120, "phase": "confirmation", "setting_id": "full", "w1_mean": 0.014057592385922198, "seconds_including_preparation": 6.1173235476017}
{"cell_id": 6, "phase": "confirmation", "setting_id": "tail_fixed", "w1_mean": 0.09032890978665019, "seconds_including_preparation": 4.418782353401184}
{"cell_id": 25, "phase": "confirmation", "setting_id": "full", "w1_mean": 0.017458018036441626, "seconds_including_preparation": 6.207023497670889}
{"cell_id": 52, "phase": "confirmation", "setting_id": "surrogate_only", "w1_mean": 0.018979865387068372, "seconds_including_preparation": 3.2811471298336983}
{"cell_id": 204, "phase": "confirmation", "setting_id": "certified", "w1_mean": 0.022458758984952032, "seconds_including_preparation": 6.5765481777489185}
{"cell_id": 99, "phase": "confirmation", "setting_id": "certified", "w1_mean": 0.021014942024941086, "seconds_including_preparation": 6.305598761886358}
{"cell_id": 194, "phase": "confirmation", "setting_id": "certified", "w1_mean": 0.018818095592936845, "seconds_including_preparation": 6.303151972591877}
{"cell_id": 243, "phase": "confirmation", "setting_id": "surrogate_full", "w1_mean": 0.016733644586955095, "seconds_including_preparation": 15.083717089146376}
{"cell_id": 53, "phase": "confirmation", "setting_id": "surrogate_full", "w1_mean": 0.015313518439881912, "seconds_including_preparation": 15.168227262794971}
{"cell_id": 231, "phase": "confirmation", "setting_id": "tail_fixed", "w1_mean": 0.14733161060755884, "seconds_including_preparation": 4.322360068559647}
{"cell_id": 205, "phase": "confirmation", "setting_id": "full", "w1_mean": 0.015893808282452813, "seconds_including_preparation": 6.123214572668076}
{"cell_id": 43, "phase": "confirmation", "setting_id": "surrogate_full", "w1_mean": 0.019852336210432205, "seconds_including_preparation": 15.084088485687971}
{"cell_id": 51, "phase": "confirmation", "setting_id": "tail_fixed", "w1_mean": 0.19275386974331896, "seconds_including_preparation": 4.3229354955255985}
{"cell_id": 172, "phase": "confirmation", "setting_id": "surrogate_only", "w1_mean": 0.024343974030759823, "seconds_including_preparation": 3.277278032153845}
{"cell_id": 8, "phase": "confirmation", "setting_id": "surrogate_full", "w1_mean": 0.01670711792702392, "seconds_including_preparation": 15.116654958575964}
{"cell_id": 130, "phase": "confirmation", "setting_id": "full", "w1_mean": 0.017449982036332103, "seconds_including_preparation": 6.15756706520915}
{"cell_id": 139, "phase": "confirmation", "setting_id": "certified", "w1_mean": 0.021850004465025406, "seconds_including_preparation": 6.593741670250893}
{"cell_id": 159, "phase": "confirmation", "setting_id": "certified", "w1_mean": 0.018404211541945992, "seconds_including_preparation": 6.227319892495871}
{"cell_id": 165, "phase": "confirmation", "setting_id": "full", "w1_mean": 0.018221043715353956, "seconds_including_preparation": 6.115408271551132}
{"cell_id": 78, "phase": "confirmation", "setting_id": "surrogate_full", "w1_mean": 0.030443184024643577, "seconds_including_preparation": 15.084251180291176}
{"cell_id": 119, "phase": "confirmation", "setting_id": "certified", "w1_mean": 0.0449911082354493, "seconds_including_preparation": 6.3382547572255135}
{"cell_id": 224, "phase": "confirmation", "setting_id": "certified", "w1_mean": 0.014662553066733565, "seconds_including_preparation": 6.570863962173462}
{"cell_id": 185, "phase": "confirmation", "setting_id": "full", "w1_mean": 0.018154530154590162, "seconds_including_preparation": 6.155482452362776}
{"cell_id": 124, "phase": "confirmation", "setting_id": "certified", "w1_mean": 0.020834958830800804, "seconds_including_preparation": 6.512581042945385}
{"cell_id": 82, "phase": "confirmation", "setting_id": "surrogate_only", "w1_mean": 0.0216784352084243, "seconds_including_preparation": 3.3165880516171455}
{"cell_id": 114, "phase": "confirmation", "setting_id": "certified", "w1_mean": 0.020295338693840703, "seconds_including_preparation": 6.3721007741987705}
{"cell_id": 40, "phase": "confirmation", "setting_id": "full", "w1_mean": 0.015135374756541649, "seconds_including_preparation": 6.112318471074104}
{"cell_id": 236, "phase": "confirmation", "setting_id": "tail_fixed", "w1_mean": 0.13362565678042965, "seconds_including_preparation": 4.316551927477121}
{"cell_id": 160, "phase": "confirmation", "setting_id": "full", "w1_mean": 0.01462153748051136, "seconds_including_preparation": 6.114367112517357}
{"cell_id": 180, "phase": "confirmation", "setting_id": "full", "w1_mean": 0.020947182134608243, "seconds_including_preparation": 6.113346561789513}
{"cell_id": 76, "phase": "confirmation", "setting_id": "tail_fixed", "w1_mean": 0.12601663088180215, "seconds_including_preparation": 4.3919719234108925}
{"cell_id": 69, "phase": "confirmation", "setting_id": "certified", "w1_mean": 0.02126965538717715, "seconds_including_preparation": 6.363554023206234}
{"cell_id": 4, "phase": "confirmation", "setting_id": "certified", "w1_mean": 0.023743538953221004, "seconds_including_preparation": 6.5964012779295444}
{"cell_id": 47, "phase": "confirmation", "setting_id": "surrogate_only", "w1_mean": 0.02586265124467088, "seconds_including_preparation": 3.279361490160227}
{"cell_id": 121, "phase": "confirmation", "setting_id": "tail_fixed", "w1_mean": 0.0783400323424544, "seconds_including_preparation": 4.31364868581295}
{"cell_id": 155, "phase": "confirmation", "setting_id": "full", "w1_mean": 0.023961401445894648, "seconds_including_preparation": 6.110674824565649}
{"cell_id": 81, "phase": "confirmation", "setting_id": "tail_fixed", "w1_mean": 0.1604864532242879, "seconds_including_preparation": 4.319124516099691}
{"cell_id": 23, "phase": "confirmation", "setting_id": "surrogate_full", "w1_mean": 0.03840789845065422, "seconds_including_preparation": 15.07260386645794}
{"cell_id": 249, "phase": "confirmation", "setting_id": "certified", "w1_mean": 0.01662780430167549, "seconds_including_preparation": 6.3661039136350155}
{"cell_id": 3, "phase": "confirmation", "setting_id": "surrogate_full", "w1_mean": 0.03565442876744104, "seconds_including_preparation": 15.112781349569559}
{"cell_id": 59, "phase": "confirmation", "setting_id": "certified", "w1_mean": 0.01517237924269279, "seconds_including_preparation": 6.243589103221893}
{"cell_id": 156, "phase": "confirmation", "setting_id": "tail_fixed", "w1_mean": 0.11315284796843283, "seconds_including_preparation": 4.302188936620951}
{"cell_id": 189, "phase": "confirmation", "setting_id": "certified", "w1_mean": 0.029143059887858237, "seconds_including_preparation": 6.431044887751341}
{"cell_id": 210, "phase": "confirmation", "setting_id": "full", "w1_mean": 0.02556272005753589, "seconds_including_preparation": 6.1106086522340775}
{"cell_id": 116, "phase": "confirmation", "setting_id": "tail_fixed", "w1_mean": 0.09225294012793915, "seconds_including_preparation": 4.303296376019716}
{"cell_id": 233, "phase": "confirmation", "setting_id": "surrogate_full", "w1_mean": 0.01870465070965926, "seconds_including_preparation": 15.150346670299768}
{"cell_id": 93, "phase": "confirmation", "setting_id": "surrogate_full", "w1_mean": 0.02878169102560773, "seconds_including_preparation": 15.079488184303045}
{"cell_id": 158, "phase": "confirmation", "setting_id": "surrogate_full", "w1_mean": 0.02824976703525854, "seconds_including_preparation": 15.079824902117252}
{"cell_id": 140, "phase": "confirmation", "setting_id": "full", "w1_mean": 0.020638732425890784, "seconds_including_preparation": 6.114237509667873}
{"cell_id": 123, "phase": "confirmation", "setting_id": "surrogate_full", "w1_mean": 0.029512578761645664, "seconds_including_preparation": 15.114851336926222}
{"cell_id": 7, "phase": "confirmation", "setting_id": "surrogate_only", "w1_mean": 0.019463518905551667, "seconds_including_preparation": 3.4001002684235573}
{"cell_id": 131, "phase": "confirmation", "setting_id": "tail_fixed", "w1_mean": 0.1313327571544335, "seconds_including_preparation": 4.3163774125278}
{"cell_id": 54, "phase": "confirmation", "setting_id": "certified", "w1_mean": 0.057363715795400366, "seconds_including_preparation": 6.54402332380414}
{"cell_id": 178, "phase": "confirmation", "setting_id": "surrogate_full", "w1_mean": 0.02148352762305101, "seconds_including_preparation": 15.087208561599255}
{"cell_id": 17, "phase": "confirmation", "setting_id": "surrogate_only", "w1_mean": 0.015592565925665741, "seconds_including_preparation": 3.287779066711664}
{"cell_id": 72, "phase": "confirmation", "setting_id": "surrogate_only", "w1_mean": 0.020109954468306, "seconds_including_preparation": 3.274230867624283}
{"cell_id": 36, "phase": "confirmation", "setting_id": "tail_fixed", "w1_mean": 0.10749526712031035, "seconds_including_preparation": 4.315184138715267}
{"cell_id": 49, "phase": "confirmation", "setting_id": "certified", "w1_mean": 0.017556563064261156, "seconds_including_preparation": 6.396692436188459}
{"cell_id": 138, "phase": "confirmation", "setting_id": "surrogate_full", "w1_mean": 0.014449494208379484, "seconds_including_preparation": 15.154699224978685}
{"cell_id": 143, "phase": "confirmation", "setting_id": "surrogate_full", "w1_mean": 0.02524778579527541, "seconds_including_preparation": 15.086657874286175}
{"cell_id": 142, "phase": "confirmation", "setting_id": "surrogate_only", "w1_mean": 0.014580041645376508, "seconds_including_preparation": 3.2675718925893307}
{"cell_id": 134, "phase": "confirmation", "setting_id": "certified", "w1_mean": 0.09057671278404933, "seconds_including_preparation": 6.904932294040918}
{"cell_id": 206, "phase": "confirmation", "setting_id": "tail_fixed", "w1_mean": 0.0883376570703935, "seconds_including_preparation": 4.300127733498812}
{"cell_id": 20, "phase": "confirmation", "setting_id": "full", "w1_mean": 0.015070802010438228, "seconds_including_preparation": 6.113134805113077}
{"cell_id": 235, "phase": "confirmation", "setting_id": "full", "w1_mean": 0.014300651352629857, "seconds_including_preparation": 6.116100270301104}
{"cell_id": 87, "phase": "confirmation", "setting_id": "surrogate_only", "w1_mean": 0.01719148965227183, "seconds_including_preparation": 3.4243519864976406}
{"cell_id": 70, "phase": "confirmation", "setting_id": "full", "w1_mean": 0.013395919573426715, "seconds_including_preparation": 6.111265927553177}
{"cell_id": 222, "phase": "confirmation", "setting_id": "surrogate_only", "w1_mean": 0.024572948553777098, "seconds_including_preparation": 3.2688280567526817}
{"cell_id": 68, "phase": "confirmation", "setting_id": "surrogate_full", "w1_mean": 0.018571872984628878, "seconds_including_preparation": 15.089927725493908}
{"cell_id": 127, "phase": "confirmation", "setting_id": "surrogate_only", "w1_mean": 0.01862288548468874, "seconds_including_preparation": 3.273620542138815}
{"cell_id": 247, "phase": "confirmation", "setting_id": "surrogate_only", "w1_mean": 0.018299862842396306, "seconds_including_preparation": 3.277352023869753}
{"cell_id": 147, "phase": "confirmation", "setting_id": "surrogate_only", "w1_mean": 0.012455976667180658, "seconds_including_preparation": 3.2875964269042015}
{"cell_id": 26, "phase": "confirmation", "setting_id": "tail_fixed", "w1_mean": 0.1191076715398261, "seconds_including_preparation": 4.328171670436859}
{"cell_id": 57, "phase": "confirmation", "setting_id": "surrogate_only", "w1_mean": 0.04975220079874447, "seconds_including_preparation": 3.2648285925388336}
{"cell_id": 46, "phase": "confirmation", "setting_id": "tail_fixed", "w1_mean": 0.0782916347813769, "seconds_including_preparation": 4.313586428761482}
{"cell_id": 211, "phase": "confirmation", "setting_id": "tail_fixed", "w1_mean": 0.11655965797778613, "seconds_including_preparation": 4.511850111186504}
{"cell_id": 19, "phase": "confirmation", "setting_id": "certified", "w1_mean": 0.020873280781044015, "seconds_including_preparation": 6.331332188099623}
{"cell_id": 104, "phase": "confirmation", "setting_id": "certified", "w1_mean": 0.019385018234960246, "seconds_including_preparation": 6.68374901637435}
{"cell_id": 239, "phase": "confirmation", "setting_id": "certified", "w1_mean": 0.02246230998562538, "seconds_including_preparation": 6.474592089653015}
{"cell_id": 42, "phase": "confirmation", "setting_id": "surrogate_only", "w1_mean": 0.01878657537186753, "seconds_including_preparation": 3.2876833491027355}
{"cell_id": 209, "phase": "confirmation", "setting_id": "certified", "w1_mean": 0.03412037079051953, "seconds_including_preparation": 6.203726910054684}
{"cell_id": 200, "phase": "confirmation", "setting_id": "full", "w1_mean": 0.016431597108691746, "seconds_including_preparation": 6.119787633419037}
{"cell_id": 102, "phase": "confirmation", "setting_id": "surrogate_only", "w1_mean": 0.01617986400255181, "seconds_including_preparation": 3.272521246224642}
{"cell_id": 132, "phase": "confirmation", "setting_id": "surrogate_only", "w1_mean": 0.026134733796307326, "seconds_including_preparation": 3.274206757545471}
{"cell_id": 237, "phase": "confirmation", "setting_id": "surrogate_only", "w1_mean": 0.023884918882407888, "seconds_including_preparation": 3.27957796305418}
{"cell_id": 201, "phase": "confirmation", "setting_id": "tail_fixed", "w1_mean": 0.14941703231436587, "seconds_including_preparation": 4.460507530719042}
{"cell_id": 89, "phase": "confirmation", "setting_id": "certified", "w1_mean": 0.025375954703719655, "seconds_including_preparation": 6.484028834849596}
{"cell_id": 179, "phase": "confirmation", "setting_id": "certified", "w1_mean": 0.02401424596513815, "seconds_including_preparation": 6.567005529999733}
{"cell_id": 137, "phase": "confirmation", "setting_id": "surrogate_only", "w1_mean": 0.016639247863656375, "seconds_including_preparation": 3.278754509985447}
{"cell_id": 86, "phase": "confirmation", "setting_id": "tail_fixed", "w1_mean": 0.10803028457474427, "seconds_including_preparation": 4.318974554538727}
{"cell_id": 79, "phase": "confirmation", "setting_id": "certified", "w1_mean": 0.017265369938127693, "seconds_including_preparation": 6.663816310465336}
{"cell_id": 9, "phase": "confirmation", "setting_id": "certified", "w1_mean": 0.01228727557954865, "seconds_including_preparation": 6.322553683072329}
{"cell_id": 45, "phase": "confirmation", "setting_id": "full", "w1_mean": 0.01419273351476694, "seconds_including_preparation": 6.116631425917149}
{"cell_id": 21, "phase": "confirmation", "setting_id": "tail_fixed", "w1_mean": 0.0758671782334655, "seconds_including_preparation": 4.309184346348047}
{"cell_id": 33, "phase": "confirmation", "setting_id": "surrogate_full", "w1_mean": 0.018264986719027026, "seconds_including_preparation": 15.14450004696846}
{"cell_id": 186, "phase": "confirmation", "setting_id": "tail_fixed", "w1_mean": 0.11659681271318523, "seconds_including_preparation": 4.319366373121738}
{"cell_id": 187, "phase": "confirmation", "setting_id": "surrogate_only", "w1_mean": 0.018588153482652255, "seconds_including_preparation": 3.27832905203104}
{"cell_id": 129, "phase": "confirmation", "setting_id": "certified", "w1_mean": 0.028032046126783103, "seconds_including_preparation": 6.6835554502904415}
{"cell_id": 5, "phase": "confirmation", "setting_id": "full", "w1_mean": 0.01262340746654226, "seconds_including_preparation": 6.120789527893066}
{"cell_id": 44, "phase": "confirmation", "setting_id": "certified", "w1_mean": 0.018172759580066783, "seconds_including_preparation": 6.360574092715979}
{"cell_id": 62, "phase": "confirmation", "setting_id": "surrogate_only", "w1_mean": 0.018366743899923342, "seconds_including_preparation": 3.2758089303970337}
{"cell_id": 218, "phase": "confirmation", "setting_id": "surrogate_full", "w1_mean": 0.013678326536877294, "seconds_including_preparation": 15.148302495479584}
{"cell_id": 95, "phase": "confirmation", "setting_id": "full", "w1_mean": 0.01626260538539135, "seconds_including_preparation": 6.115144044160843}
{"cell_id": 63, "phase": "confirmation", "setting_id": "surrogate_full", "w1_mean": 0.015443127568493668, "seconds_including_preparation": 15.081563226878643}
{"cell_id": 29, "phase": "confirmation", "setting_id": "certified", "w1_mean": 0.014133875559765299, "seconds_including_preparation": 6.712771464139223}
{"cell_id": 197, "phase": "confirmation", "setting_id": "surrogate_only", "w1_mean": 0.012718876269733392, "seconds_including_preparation": 3.2825577072799206}
{"cell_id": 128, "phase": "confirmation", "setting_id": "surrogate_full", "w1_mean": 0.017468976352586166, "seconds_including_preparation": 15.09770916774869}
{"cell_id": 174, "phase": "confirmation", "setting_id": "certified", "w1_mean": 0.040262724455213686, "seconds_including_preparation": 6.548596050590277}
{"cell_id": 221, "phase": "confirmation", "setting_id": "tail_fixed", "w1_mean": 0.0818669289905823, "seconds_including_preparation": 4.36739781498909}
{"cell_id": 67, "phase": "confirmation", "setting_id": "surrogate_only", "w1_mean": 0.00969497459745312, "seconds_including_preparation": 3.2736757546663284}
{"cell_id": 117, "phase": "confirmation", "setting_id": "surrogate_only", "w1_mean": 0.018074096831612464, "seconds_including_preparation": 3.2730177231132984}
{"cell_id": 229, "phase": "confirmation", "setting_id": "certified", "w1_mean": 0.017533824647800355, "seconds_including_preparation": 6.635369207710028}
{"cell_id": 145, "phase": "confirmation", "setting_id": "full", "w1_mean": 0.014695152621253935, "seconds_including_preparation": 6.113399475812912}
{"cell_id": 193, "phase": "confirmation", "setting_id": "surrogate_full", "w1_mean": 0.018336199091853207, "seconds_including_preparation": 15.076910857111216}
{"cell_id": 15, "phase": "confirmation", "setting_id": "full", "w1_mean": 0.01592269626804659, "seconds_including_preparation": 6.114628080278635}
{"cell_id": 55, "phase": "confirmation", "setting_id": "full", "w1_mean": 0.021547782435132584, "seconds_including_preparation": 6.1841264851391315}
{"cell_id": 166, "phase": "confirmation", "setting_id": "tail_fixed", "w1_mean": 0.10140448211311054, "seconds_including_preparation": 4.413258146494627}
{"cell_id": 107, "phase": "confirmation", "setting_id": "surrogate_only", "w1_mean": 0.04181422486334512, "seconds_including_preparation": 3.271052397787571}
{"cell_id": 73, "phase": "confirmation", "setting_id": "surrogate_full", "w1_mean": 0.021209382008490617, "seconds_including_preparation": 15.113603223115206}
{"cell_id": 215, "phase": "confirmation", "setting_id": "full", "w1_mean": 0.025802954731862327, "seconds_including_preparation": 6.117193475365639}
{"cell_id": 2, "phase": "confirmation", "setting_id": "surrogate_only", "w1_mean": 0.01764910264586185, "seconds_including_preparation": 3.2739297673106194}
{"cell_id": 13, "phase": "confirmation", "setting_id": "surrogate_full", "w1_mean": 0.012681276175419726, "seconds_including_preparation": 15.07398458942771}
{"cell_id": 109, "phase": "confirmation", "setting_id": "certified", "w1_mean": 0.013149226802442644, "seconds_including_preparation": 6.441290408372879}
{"cell_id": 226, "phase": "confirmation", "setting_id": "tail_fixed", "w1_mean": 0.12142541422697535, "seconds_including_preparation": 4.414962701499462}
{"cell_id": 163, "phase": "confirmation", "setting_id": "surrogate_full", "w1_mean": 0.016826295306568984, "seconds_including_preparation": 15.083635248243809}
{"cell_id": 219, "phase": "confirmation", "setting_id": "certified", "w1_mean": 0.018209994531944284, "seconds_including_preparation": 6.217731710523367}
{"cell_id": 230, "phase": "confirmation", "setting_id": "full", "w1_mean": 0.018320068616665592, "seconds_including_preparation": 6.116589426994324}
{"cell_id": 111, "phase": "confirmation", "setting_id": "tail_fixed", "w1_mean": 0.11353498665448894, "seconds_including_preparation": 4.3126769587397575}
{"cell_id": 216, "phase": "confirmation", "setting_id": "tail_fixed", "w1_mean": 0.09784613908417186, "seconds_including_preparation": 4.302501495927572}
{"cell_id": 58, "phase": "confirmation", "setting_id": "surrogate_full", "w1_mean": 0.01753902305510436, "seconds_including_preparation": 15.152263473719358}
{"cell_id": 11, "phase": "confirmation", "setting_id": "tail_fixed", "w1_mean": 0.1219397530693108, "seconds_including_preparation": 4.315170433372259}
{"cell_id": 80, "phase": "confirmation", "setting_id": "full", "w1_mean": 0.018958380911886515, "seconds_including_preparation": 6.115452967584133}
{"cell_id": 50, "phase": "confirmation", "setting_id": "full", "w1_mean": 0.021320836244798545, "seconds_including_preparation": 6.122320964932442}
{"cell_id": 96, "phase": "confirmation", "setting_id": "tail_fixed", "w1_mean": 0.09538150971477816, "seconds_including_preparation": 4.314879454672337}
